Build output check failed:
    Regex: 'command[- ]line option .* is valid for .* but not for C'
    Output line: 'cc1: warning: command-line option ‘-Wnon-virtual-dtor’ is valid for C++/ObjC++ but not for C'
Compilation failed:
    source file: '/home/jssuengl/Desktop/test/edgetpu-detection-camera/build-armv7/opencv-build/CMakeFiles/CMakeTmp/src.c'
    check option: ' -fsigned-char -W -Wall -Wreturn-type  -Wnon-virtual-dtor'
===== BUILD LOG =====
Change Dir: /home/jssuengl/Desktop/test/edgetpu-detection-camera/build-armv7/opencv-build/CMakeFiles/CMakeTmp

Run Build Command(s):/usr/bin/gmake cmTC_b41ab/fast && gmake[3]: Entering directory '/home/jssuengl/Desktop/test/edgetpu-detection-camera/build-armv7/opencv-build/CMakeFiles/CMakeTmp'
/usr/bin/gmake -f CMakeFiles/cmTC_b41ab.dir/build.make CMakeFiles/cmTC_b41ab.dir/build
gmake[4]: Entering directory '/home/jssuengl/Desktop/test/edgetpu-detection-camera/build-armv7/opencv-build/CMakeFiles/CMakeTmp'
Building C object CMakeFiles/cmTC_b41ab.dir/src.c.o
/usr/bin/cc   -O3 -DNDEBUG -fPIE    -fsigned-char -W -Wall -Wreturn-type  -Wnon-virtual-dtor -o CMakeFiles/cmTC_b41ab.dir/src.c.o   -c /home/jssuengl/Desktop/test/edgetpu-detection-camera/build-armv7/opencv-build/CMakeFiles/CMakeTmp/src.c
cc1: warning: command-line option ‘-Wnon-virtual-dtor’ is valid for C++/ObjC++ but not for C
/home/jssuengl/Desktop/test/edgetpu-detection-camera/build-armv7/opencv-build/CMakeFiles/CMakeTmp/src.c:1: warning: ignoring ‘#pragma  ’ [-Wunknown-pragmas]
    1 | #pragma
      | 
Linking C executable cmTC_b41ab
/usr/local/bin/cmake -E cmake_link_script CMakeFiles/cmTC_b41ab.dir/link.txt --verbose=1
/usr/bin/cc   -O3 -DNDEBUG    -rdynamic CMakeFiles/cmTC_b41ab.dir/src.c.o  -o cmTC_b41ab 
gmake[4]: Leaving directory '/home/jssuengl/Desktop/test/edgetpu-detection-camera/build-armv7/opencv-build/CMakeFiles/CMakeTmp'
gmake[3]: Leaving directory '/home/jssuengl/Desktop/test/edgetpu-detection-camera/build-armv7/opencv-build/CMakeFiles/CMakeTmp'


===== END =====

Build output check failed:
    Regex: 'command[- ]line option .* is valid for .* but not for C\+\+'
    Output line: 'cc1plus: warning: command-line option ‘-Wmissing-prototypes’ is valid for C/ObjC but not for C++'
Compilation failed:
    source file: '/home/jssuengl/Desktop/test/edgetpu-detection-camera/build-armv7/opencv-build/CMakeFiles/CMakeTmp/src.cxx'
    check option: ' -fsigned-char -W -Wall -Wreturn-type -Wnon-virtual-dtor -Waddress -Wsequence-point -Wformat -Wformat-security -Wmissing-declarations  -Wmissing-prototypes'
===== BUILD LOG =====
Change Dir: /home/jssuengl/Desktop/test/edgetpu-detection-camera/build-armv7/opencv-build/CMakeFiles/CMakeTmp

Run Build Command(s):/usr/bin/gmake cmTC_59c3f/fast && gmake[3]: Entering directory '/home/jssuengl/Desktop/test/edgetpu-detection-camera/build-armv7/opencv-build/CMakeFiles/CMakeTmp'
/usr/bin/gmake -f CMakeFiles/cmTC_59c3f.dir/build.make CMakeFiles/cmTC_59c3f.dir/build
gmake[4]: Entering directory '/home/jssuengl/Desktop/test/edgetpu-detection-camera/build-armv7/opencv-build/CMakeFiles/CMakeTmp'
Building CXX object CMakeFiles/cmTC_59c3f.dir/src.cxx.o
/usr/bin/c++    -O3 -DNDEBUG -fPIE    -fsigned-char -W -Wall -Wreturn-type -Wnon-virtual-dtor -Waddress -Wsequence-point -Wformat -Wformat-security -Wmissing-declarations  -Wmissing-prototypes -o CMakeFiles/cmTC_59c3f.dir/src.cxx.o -c /home/jssuengl/Desktop/test/edgetpu-detection-camera/build-armv7/opencv-build/CMakeFiles/CMakeTmp/src.cxx
cc1plus: warning: command-line option ‘-Wmissing-prototypes’ is valid for C/ObjC but not for C++
/home/jssuengl/Desktop/test/edgetpu-detection-camera/build-armv7/opencv-build/CMakeFiles/CMakeTmp/src.cxx:1: warning: ignoring ‘#pragma  ’ [-Wunknown-pragmas]
    1 | #pragma
      | 
Linking CXX executable cmTC_59c3f
/usr/local/bin/cmake -E cmake_link_script CMakeFiles/cmTC_59c3f.dir/link.txt --verbose=1
/usr/bin/c++    -O3 -DNDEBUG    -rdynamic CMakeFiles/cmTC_59c3f.dir/src.cxx.o  -o cmTC_59c3f 
gmake[4]: Leaving directory '/home/jssuengl/Desktop/test/edgetpu-detection-camera/build-armv7/opencv-build/CMakeFiles/CMakeTmp'
gmake[3]: Leaving directory '/home/jssuengl/Desktop/test/edgetpu-detection-camera/build-armv7/opencv-build/CMakeFiles/CMakeTmp'


===== END =====

Build output check failed:
    Regex: 'command[- ]line option .* is valid for .* but not for C\+\+'
    Output line: 'cc1plus: warning: command-line option ‘-Wstrict-prototypes’ is valid for C/ObjC but not for C++'
Compilation failed:
    source file: '/home/jssuengl/Desktop/test/edgetpu-detection-camera/build-armv7/opencv-build/CMakeFiles/CMakeTmp/src.cxx'
    check option: ' -fsigned-char -W -Wall -Wreturn-type -Wnon-virtual-dtor -Waddress -Wsequence-point -Wformat -Wformat-security -Wmissing-declarations  -Wstrict-prototypes'
===== BUILD LOG =====
Change Dir: /home/jssuengl/Desktop/test/edgetpu-detection-camera/build-armv7/opencv-build/CMakeFiles/CMakeTmp

Run Build Command(s):/usr/bin/gmake cmTC_8b29a/fast && gmake[3]: Entering directory '/home/jssuengl/Desktop/test/edgetpu-detection-camera/build-armv7/opencv-build/CMakeFiles/CMakeTmp'
/usr/bin/gmake -f CMakeFiles/cmTC_8b29a.dir/build.make CMakeFiles/cmTC_8b29a.dir/build
gmake[4]: Entering directory '/home/jssuengl/Desktop/test/edgetpu-detection-camera/build-armv7/opencv-build/CMakeFiles/CMakeTmp'
Building CXX object CMakeFiles/cmTC_8b29a.dir/src.cxx.o
/usr/bin/c++    -O3 -DNDEBUG -fPIE    -fsigned-char -W -Wall -Wreturn-type -Wnon-virtual-dtor -Waddress -Wsequence-point -Wformat -Wformat-security -Wmissing-declarations  -Wstrict-prototypes -o CMakeFiles/cmTC_8b29a.dir/src.cxx.o -c /home/jssuengl/Desktop/test/edgetpu-detection-camera/build-armv7/opencv-build/CMakeFiles/CMakeTmp/src.cxx
cc1plus: warning: command-line option ‘-Wstrict-prototypes’ is valid for C/ObjC but not for C++
/home/jssuengl/Desktop/test/edgetpu-detection-camera/build-armv7/opencv-build/CMakeFiles/CMakeTmp/src.cxx:1: warning: ignoring ‘#pragma  ’ [-Wunknown-pragmas]
    1 | #pragma
      | 
Linking CXX executable cmTC_8b29a
/usr/local/bin/cmake -E cmake_link_script CMakeFiles/cmTC_8b29a.dir/link.txt --verbose=1
/usr/bin/c++    -O3 -DNDEBUG    -rdynamic CMakeFiles/cmTC_8b29a.dir/src.cxx.o  -o cmTC_8b29a 
gmake[4]: Leaving directory '/home/jssuengl/Desktop/test/edgetpu-detection-camera/build-armv7/opencv-build/CMakeFiles/CMakeTmp'
gmake[3]: Leaving directory '/home/jssuengl/Desktop/test/edgetpu-detection-camera/build-armv7/opencv-build/CMakeFiles/CMakeTmp'


===== END =====

Build output check failed:
    Regex: 'command[- ]line option .* is valid for .* but not for C'
    Output line: 'cc1: warning: command-line option ‘-Wsign-promo’ is valid for C++/ObjC++ but not for C'
Compilation failed:
    source file: '/home/jssuengl/Desktop/test/edgetpu-detection-camera/build-armv7/opencv-build/CMakeFiles/CMakeTmp/src.c'
    check option: ' -fsigned-char -W -Wall -Wreturn-type -Waddress -Wsequence-point -Wformat -Wformat-security -Wmissing-declarations -Wmissing-prototypes -Wstrict-prototypes -Wundef -Winit-self -Wpointer-arith -Wshadow  -Wsign-promo'
===== BUILD LOG =====
Change Dir: /home/jssuengl/Desktop/test/edgetpu-detection-camera/build-armv7/opencv-build/CMakeFiles/CMakeTmp

Run Build Command(s):/usr/bin/gmake cmTC_fc04a/fast && gmake[3]: Entering directory '/home/jssuengl/Desktop/test/edgetpu-detection-camera/build-armv7/opencv-build/CMakeFiles/CMakeTmp'
/usr/bin/gmake -f CMakeFiles/cmTC_fc04a.dir/build.make CMakeFiles/cmTC_fc04a.dir/build
gmake[4]: Entering directory '/home/jssuengl/Desktop/test/edgetpu-detection-camera/build-armv7/opencv-build/CMakeFiles/CMakeTmp'
Building C object CMakeFiles/cmTC_fc04a.dir/src.c.o
/usr/bin/cc   -O3 -DNDEBUG -fPIE    -fsigned-char -W -Wall -Wreturn-type -Waddress -Wsequence-point -Wformat -Wformat-security -Wmissing-declarations -Wmissing-prototypes -Wstrict-prototypes -Wundef -Winit-self -Wpointer-arith -Wshadow  -Wsign-promo -o CMakeFiles/cmTC_fc04a.dir/src.c.o   -c /home/jssuengl/Desktop/test/edgetpu-detection-camera/build-armv7/opencv-build/CMakeFiles/CMakeTmp/src.c
cc1: warning: command-line option ‘-Wsign-promo’ is valid for C++/ObjC++ but not for C
/home/jssuengl/Desktop/test/edgetpu-detection-camera/build-armv7/opencv-build/CMakeFiles/CMakeTmp/src.c:1: warning: ignoring ‘#pragma  ’ [-Wunknown-pragmas]
    1 | #pragma
      | 
Linking C executable cmTC_fc04a
/usr/local/bin/cmake -E cmake_link_script CMakeFiles/cmTC_fc04a.dir/link.txt --verbose=1
/usr/bin/cc   -O3 -DNDEBUG    -rdynamic CMakeFiles/cmTC_fc04a.dir/src.c.o  -o cmTC_fc04a 
gmake[4]: Leaving directory '/home/jssuengl/Desktop/test/edgetpu-detection-camera/build-armv7/opencv-build/CMakeFiles/CMakeTmp'
gmake[3]: Leaving directory '/home/jssuengl/Desktop/test/edgetpu-detection-camera/build-armv7/opencv-build/CMakeFiles/CMakeTmp'


===== END =====

Build output check failed:
    Regex: 'command[- ]line option .* is valid for .* but not for C'
    Output line: 'cc1: warning: command-line option ‘-Wsuggest-override’ is valid for C++/ObjC++ but not for C'
Compilation failed:
    source file: '/home/jssuengl/Desktop/test/edgetpu-detection-camera/build-armv7/opencv-build/CMakeFiles/CMakeTmp/src.c'
    check option: ' -fsigned-char -W -Wall -Wreturn-type -Waddress -Wsequence-point -Wformat -Wformat-security -Wmissing-declarations -Wmissing-prototypes -Wstrict-prototypes -Wundef -Winit-self -Wpointer-arith -Wshadow -Wuninitialized  -Wsuggest-override'
===== BUILD LOG =====
Change Dir: /home/jssuengl/Desktop/test/edgetpu-detection-camera/build-armv7/opencv-build/CMakeFiles/CMakeTmp

Run Build Command(s):/usr/bin/gmake cmTC_d61b8/fast && gmake[3]: Entering directory '/home/jssuengl/Desktop/test/edgetpu-detection-camera/build-armv7/opencv-build/CMakeFiles/CMakeTmp'
/usr/bin/gmake -f CMakeFiles/cmTC_d61b8.dir/build.make CMakeFiles/cmTC_d61b8.dir/build
gmake[4]: Entering directory '/home/jssuengl/Desktop/test/edgetpu-detection-camera/build-armv7/opencv-build/CMakeFiles/CMakeTmp'
Building C object CMakeFiles/cmTC_d61b8.dir/src.c.o
/usr/bin/cc   -O3 -DNDEBUG -fPIE    -fsigned-char -W -Wall -Wreturn-type -Waddress -Wsequence-point -Wformat -Wformat-security -Wmissing-declarations -Wmissing-prototypes -Wstrict-prototypes -Wundef -Winit-self -Wpointer-arith -Wshadow -Wuninitialized  -Wsuggest-override -o CMakeFiles/cmTC_d61b8.dir/src.c.o   -c /home/jssuengl/Desktop/test/edgetpu-detection-camera/build-armv7/opencv-build/CMakeFiles/CMakeTmp/src.c
cc1: warning: command-line option ‘-Wsuggest-override’ is valid for C++/ObjC++ but not for C
/home/jssuengl/Desktop/test/edgetpu-detection-camera/build-armv7/opencv-build/CMakeFiles/CMakeTmp/src.c:1: warning: ignoring ‘#pragma  ’ [-Wunknown-pragmas]
    1 | #pragma
      | 
Linking C executable cmTC_d61b8
/usr/local/bin/cmake -E cmake_link_script CMakeFiles/cmTC_d61b8.dir/link.txt --verbose=1
/usr/bin/cc   -O3 -DNDEBUG    -rdynamic CMakeFiles/cmTC_d61b8.dir/src.c.o  -o cmTC_d61b8 
gmake[4]: Leaving directory '/home/jssuengl/Desktop/test/edgetpu-detection-camera/build-armv7/opencv-build/CMakeFiles/CMakeTmp'
gmake[3]: Leaving directory '/home/jssuengl/Desktop/test/edgetpu-detection-camera/build-armv7/opencv-build/CMakeFiles/CMakeTmp'


===== END =====

Build output check failed:
    Regex: 'command[- ]line option .* is valid for .* but not for C'
    Output line: 'cc1: warning: command-line option ‘-Wno-delete-non-virtual-dtor’ is valid for C++/ObjC++ but not for C'
Compilation failed:
    source file: '/home/jssuengl/Desktop/test/edgetpu-detection-camera/build-armv7/opencv-build/CMakeFiles/CMakeTmp/src.c'
    check option: ' -fsigned-char -W -Wall -Wreturn-type -Waddress -Wsequence-point -Wformat -Wformat-security -Wmissing-declarations -Wmissing-prototypes -Wstrict-prototypes -Wundef -Winit-self -Wpointer-arith -Wshadow -Wuninitialized  -Wno-delete-non-virtual-dtor'
===== BUILD LOG =====
Change Dir: /home/jssuengl/Desktop/test/edgetpu-detection-camera/build-armv7/opencv-build/CMakeFiles/CMakeTmp

Run Build Command(s):/usr/bin/gmake cmTC_2b65e/fast && gmake[3]: Entering directory '/home/jssuengl/Desktop/test/edgetpu-detection-camera/build-armv7/opencv-build/CMakeFiles/CMakeTmp'
/usr/bin/gmake -f CMakeFiles/cmTC_2b65e.dir/build.make CMakeFiles/cmTC_2b65e.dir/build
gmake[4]: Entering directory '/home/jssuengl/Desktop/test/edgetpu-detection-camera/build-armv7/opencv-build/CMakeFiles/CMakeTmp'
Building C object CMakeFiles/cmTC_2b65e.dir/src.c.o
/usr/bin/cc   -O3 -DNDEBUG -fPIE    -fsigned-char -W -Wall -Wreturn-type -Waddress -Wsequence-point -Wformat -Wformat-security -Wmissing-declarations -Wmissing-prototypes -Wstrict-prototypes -Wundef -Winit-self -Wpointer-arith -Wshadow -Wuninitialized  -Wno-delete-non-virtual-dtor -o CMakeFiles/cmTC_2b65e.dir/src.c.o   -c /home/jssuengl/Desktop/test/edgetpu-detection-camera/build-armv7/opencv-build/CMakeFiles/CMakeTmp/src.c
cc1: warning: command-line option ‘-Wno-delete-non-virtual-dtor’ is valid for C++/ObjC++ but not for C
/home/jssuengl/Desktop/test/edgetpu-detection-camera/build-armv7/opencv-build/CMakeFiles/CMakeTmp/src.c:1: warning: ignoring ‘#pragma  ’ [-Wunknown-pragmas]
    1 | #pragma
      | 
Linking C executable cmTC_2b65e
/usr/local/bin/cmake -E cmake_link_script CMakeFiles/cmTC_2b65e.dir/link.txt --verbose=1
/usr/bin/cc   -O3 -DNDEBUG    -rdynamic CMakeFiles/cmTC_2b65e.dir/src.c.o  -o cmTC_2b65e 
gmake[4]: Leaving directory '/home/jssuengl/Desktop/test/edgetpu-detection-camera/build-armv7/opencv-build/CMakeFiles/CMakeTmp'
gmake[3]: Leaving directory '/home/jssuengl/Desktop/test/edgetpu-detection-camera/build-armv7/opencv-build/CMakeFiles/CMakeTmp'


===== END =====

Build output check failed:
    Regex: 'unrecognized .*option'
    Output line: 'cc1plus: note: unrecognized command-line option ‘-Wno-unnamed-type-template-args’ may have been intended to silence earlier diagnostics'
Compilation failed:
    source file: '/home/jssuengl/Desktop/test/edgetpu-detection-camera/build-armv7/opencv-build/CMakeFiles/CMakeTmp/src.cxx'
    check option: ' -fsigned-char -W -Wall -Wreturn-type -Wnon-virtual-dtor -Waddress -Wsequence-point -Wformat -Wformat-security -Wmissing-declarations -Wundef -Winit-self -Wpointer-arith -Wshadow -Wsign-promo -Wuninitialized -Wsuggest-override -Wno-delete-non-virtual-dtor  -Wno-unnamed-type-template-args'
===== BUILD LOG =====
Change Dir: /home/jssuengl/Desktop/test/edgetpu-detection-camera/build-armv7/opencv-build/CMakeFiles/CMakeTmp

Run Build Command(s):/usr/bin/gmake cmTC_e2871/fast && gmake[3]: Entering directory '/home/jssuengl/Desktop/test/edgetpu-detection-camera/build-armv7/opencv-build/CMakeFiles/CMakeTmp'
/usr/bin/gmake -f CMakeFiles/cmTC_e2871.dir/build.make CMakeFiles/cmTC_e2871.dir/build
gmake[4]: Entering directory '/home/jssuengl/Desktop/test/edgetpu-detection-camera/build-armv7/opencv-build/CMakeFiles/CMakeTmp'
Building CXX object CMakeFiles/cmTC_e2871.dir/src.cxx.o
/usr/bin/c++    -O3 -DNDEBUG -fPIE    -fsigned-char -W -Wall -Wreturn-type -Wnon-virtual-dtor -Waddress -Wsequence-point -Wformat -Wformat-security -Wmissing-declarations -Wundef -Winit-self -Wpointer-arith -Wshadow -Wsign-promo -Wuninitialized -Wsuggest-override -Wno-delete-non-virtual-dtor  -Wno-unnamed-type-template-args -o CMakeFiles/cmTC_e2871.dir/src.cxx.o -c /home/jssuengl/Desktop/test/edgetpu-detection-camera/build-armv7/opencv-build/CMakeFiles/CMakeTmp/src.cxx
/home/jssuengl/Desktop/test/edgetpu-detection-camera/build-armv7/opencv-build/CMakeFiles/CMakeTmp/src.cxx:1: warning: ignoring ‘#pragma  ’ [-Wunknown-pragmas]
    1 | #pragma
      | 
cc1plus: note: unrecognized command-line option ‘-Wno-unnamed-type-template-args’ may have been intended to silence earlier diagnostics
Linking CXX executable cmTC_e2871
/usr/local/bin/cmake -E cmake_link_script CMakeFiles/cmTC_e2871.dir/link.txt --verbose=1
/usr/bin/c++    -O3 -DNDEBUG    -rdynamic CMakeFiles/cmTC_e2871.dir/src.cxx.o  -o cmTC_e2871 
gmake[4]: Leaving directory '/home/jssuengl/Desktop/test/edgetpu-detection-camera/build-armv7/opencv-build/CMakeFiles/CMakeTmp'
gmake[3]: Leaving directory '/home/jssuengl/Desktop/test/edgetpu-detection-camera/build-armv7/opencv-build/CMakeFiles/CMakeTmp'


===== END =====

Build output check failed:
    Regex: 'unrecognized .*option'
    Output line: 'cc1: note: unrecognized command-line option ‘-Wno-unnamed-type-template-args’ may have been intended to silence earlier diagnostics'
Compilation failed:
    source file: '/home/jssuengl/Desktop/test/edgetpu-detection-camera/build-armv7/opencv-build/CMakeFiles/CMakeTmp/src.c'
    check option: ' -fsigned-char -W -Wall -Wreturn-type -Waddress -Wsequence-point -Wformat -Wformat-security -Wmissing-declarations -Wmissing-prototypes -Wstrict-prototypes -Wundef -Winit-self -Wpointer-arith -Wshadow -Wuninitialized  -Wno-unnamed-type-template-args'
===== BUILD LOG =====
Change Dir: /home/jssuengl/Desktop/test/edgetpu-detection-camera/build-armv7/opencv-build/CMakeFiles/CMakeTmp

Run Build Command(s):/usr/bin/gmake cmTC_b9ff9/fast && gmake[3]: Entering directory '/home/jssuengl/Desktop/test/edgetpu-detection-camera/build-armv7/opencv-build/CMakeFiles/CMakeTmp'
/usr/bin/gmake -f CMakeFiles/cmTC_b9ff9.dir/build.make CMakeFiles/cmTC_b9ff9.dir/build
gmake[4]: Entering directory '/home/jssuengl/Desktop/test/edgetpu-detection-camera/build-armv7/opencv-build/CMakeFiles/CMakeTmp'
Building C object CMakeFiles/cmTC_b9ff9.dir/src.c.o
/usr/bin/cc   -O3 -DNDEBUG -fPIE    -fsigned-char -W -Wall -Wreturn-type -Waddress -Wsequence-point -Wformat -Wformat-security -Wmissing-declarations -Wmissing-prototypes -Wstrict-prototypes -Wundef -Winit-self -Wpointer-arith -Wshadow -Wuninitialized  -Wno-unnamed-type-template-args -o CMakeFiles/cmTC_b9ff9.dir/src.c.o   -c /home/jssuengl/Desktop/test/edgetpu-detection-camera/build-armv7/opencv-build/CMakeFiles/CMakeTmp/src.c
/home/jssuengl/Desktop/test/edgetpu-detection-camera/build-armv7/opencv-build/CMakeFiles/CMakeTmp/src.c:1: warning: ignoring ‘#pragma  ’ [-Wunknown-pragmas]
    1 | #pragma
      | 
cc1: note: unrecognized command-line option ‘-Wno-unnamed-type-template-args’ may have been intended to silence earlier diagnostics
Linking C executable cmTC_b9ff9
/usr/local/bin/cmake -E cmake_link_script CMakeFiles/cmTC_b9ff9.dir/link.txt --verbose=1
/usr/bin/cc   -O3 -DNDEBUG    -rdynamic CMakeFiles/cmTC_b9ff9.dir/src.c.o  -o cmTC_b9ff9 
gmake[4]: Leaving directory '/home/jssuengl/Desktop/test/edgetpu-detection-camera/build-armv7/opencv-build/CMakeFiles/CMakeTmp'
gmake[3]: Leaving directory '/home/jssuengl/Desktop/test/edgetpu-detection-camera/build-armv7/opencv-build/CMakeFiles/CMakeTmp'


===== END =====

Build output check failed:
    Regex: 'command[- ]line option .* is valid for .* but not for C'
    Output line: 'cc1: warning: command-line option ‘-fvisibility-inlines-hidden’ is valid for C++/ObjC++ but not for C'
Compilation failed:
    source file: '/home/jssuengl/Desktop/test/edgetpu-detection-camera/build-armv7/opencv-build/CMakeFiles/CMakeTmp/src.c'
    check option: ' -fsigned-char -W -Wall -Wreturn-type -Waddress -Wsequence-point -Wformat -Wformat-security -Wmissing-declarations -Wmissing-prototypes -Wstrict-prototypes -Wundef -Winit-self -Wpointer-arith -Wshadow -Wuninitialized -Wno-comment -Wimplicit-fallthrough=3 -Wno-strict-overflow -fdiagnostics-show-option -Wno-long-long -pthread -fomit-frame-pointer -ffunction-sections -fdata-sections  -msse -msse2 -msse3 -fvisibility=hidden  -fvisibility-inlines-hidden'
===== BUILD LOG =====
Change Dir: /home/jssuengl/Desktop/test/edgetpu-detection-camera/build-armv7/opencv-build/CMakeFiles/CMakeTmp

Run Build Command(s):/usr/bin/gmake cmTC_09b4b/fast && gmake[3]: Entering directory '/home/jssuengl/Desktop/test/edgetpu-detection-camera/build-armv7/opencv-build/CMakeFiles/CMakeTmp'
/usr/bin/gmake -f CMakeFiles/cmTC_09b4b.dir/build.make CMakeFiles/cmTC_09b4b.dir/build
gmake[4]: Entering directory '/home/jssuengl/Desktop/test/edgetpu-detection-camera/build-armv7/opencv-build/CMakeFiles/CMakeTmp'
Building C object CMakeFiles/cmTC_09b4b.dir/src.c.o
/usr/bin/cc   -O3 -DNDEBUG -fPIE    -fsigned-char -W -Wall -Wreturn-type -Waddress -Wsequence-point -Wformat -Wformat-security -Wmissing-declarations -Wmissing-prototypes -Wstrict-prototypes -Wundef -Winit-self -Wpointer-arith -Wshadow -Wuninitialized -Wno-comment -Wimplicit-fallthrough=3 -Wno-strict-overflow -fdiagnostics-show-option -Wno-long-long -pthread -fomit-frame-pointer -ffunction-sections -fdata-sections  -msse -msse2 -msse3 -fvisibility=hidden  -fvisibility-inlines-hidden -o CMakeFiles/cmTC_09b4b.dir/src.c.o   -c /home/jssuengl/Desktop/test/edgetpu-detection-camera/build-armv7/opencv-build/CMakeFiles/CMakeTmp/src.c
cc1: warning: command-line option ‘-fvisibility-inlines-hidden’ is valid for C++/ObjC++ but not for C
/home/jssuengl/Desktop/test/edgetpu-detection-camera/build-armv7/opencv-build/CMakeFiles/CMakeTmp/src.c:1: warning: ignoring ‘#pragma  ’ [-Wunknown-pragmas]
    1 | #pragma
      | 
Linking C executable cmTC_09b4b
/usr/local/bin/cmake -E cmake_link_script CMakeFiles/cmTC_09b4b.dir/link.txt --verbose=1
/usr/bin/cc   -O3 -DNDEBUG    -rdynamic CMakeFiles/cmTC_09b4b.dir/src.c.o  -o cmTC_09b4b 
gmake[4]: Leaving directory '/home/jssuengl/Desktop/test/edgetpu-detection-camera/build-armv7/opencv-build/CMakeFiles/CMakeTmp'
gmake[3]: Leaving directory '/home/jssuengl/Desktop/test/edgetpu-detection-camera/build-armv7/opencv-build/CMakeFiles/CMakeTmp'


===== END =====

Build output check failed:
    Regex: 'unrecognized .*option'
    Output line: 'cc1plus: note: unrecognized command-line option ‘-Wno-inconsistent-missing-override’ may have been intended to silence earlier diagnostics'
Compilation failed:
    source file: '/home/jssuengl/Desktop/test/edgetpu-detection-camera/build-armv7/opencv-build/CMakeFiles/CMakeTmp/src.cxx'
    check option: ' -Wno-inconsistent-missing-override'
===== BUILD LOG =====
Change Dir: /home/jssuengl/Desktop/test/edgetpu-detection-camera/build-armv7/opencv-build/CMakeFiles/CMakeTmp

Run Build Command(s):/usr/bin/gmake cmTC_90d09/fast && gmake[3]: Entering directory '/home/jssuengl/Desktop/test/edgetpu-detection-camera/build-armv7/opencv-build/CMakeFiles/CMakeTmp'
/usr/bin/gmake -f CMakeFiles/cmTC_90d09.dir/build.make CMakeFiles/cmTC_90d09.dir/build
gmake[4]: Entering directory '/home/jssuengl/Desktop/test/edgetpu-detection-camera/build-armv7/opencv-build/CMakeFiles/CMakeTmp'
Building CXX object CMakeFiles/cmTC_90d09.dir/src.cxx.o
/usr/bin/c++    -fsigned-char -W -Wall -Wreturn-type -Wnon-virtual-dtor -Waddress -Wsequence-point -Wformat -Wformat-security -Winit-self -Wpointer-arith -Wsign-promo -Wno-delete-non-virtual-dtor -Wno-comment -Wimplicit-fallthrough=3 -Wno-strict-overflow -fdiagnostics-show-option -Wno-long-long -pthread -fomit-frame-pointer -ffunction-sections -fdata-sections  -msse -msse2 -msse3 -fvisibility=hidden -fvisibility-inlines-hidden -Wno-shadow -Wno-unused -Wno-sign-compare -Wno-undef -Wno-missing-declarations -Wno-uninitialized -Wno-switch -Wno-parentheses -Wno-array-bounds -Wno-extra -Wno-deprecated-declarations -Wno-misleading-indentation -Wno-deprecated -Wno-suggest-override  -O3 -DNDEBUG  -DNDEBUG -fPIE    -Wno-inconsistent-missing-override -o CMakeFiles/cmTC_90d09.dir/src.cxx.o -c /home/jssuengl/Desktop/test/edgetpu-detection-camera/build-armv7/opencv-build/CMakeFiles/CMakeTmp/src.cxx
/home/jssuengl/Desktop/test/edgetpu-detection-camera/build-armv7/opencv-build/CMakeFiles/CMakeTmp/src.cxx:1: warning: ignoring ‘#pragma  ’ [-Wunknown-pragmas]
    1 | #pragma
      | 
cc1plus: note: unrecognized command-line option ‘-Wno-inconsistent-missing-override’ may have been intended to silence earlier diagnostics
Linking CXX executable cmTC_90d09
/usr/local/bin/cmake -E cmake_link_script CMakeFiles/cmTC_90d09.dir/link.txt --verbose=1
/usr/bin/c++     -fsigned-char -W -Wall -Wreturn-type -Wnon-virtual-dtor -Waddress -Wsequence-point -Wformat -Wformat-security -Winit-self -Wpointer-arith -Wsign-promo -Wno-delete-non-virtual-dtor -Wno-comment -Wimplicit-fallthrough=3 -Wno-strict-overflow -fdiagnostics-show-option -Wno-long-long -pthread -fomit-frame-pointer -ffunction-sections -fdata-sections  -msse -msse2 -msse3 -fvisibility=hidden -fvisibility-inlines-hidden -Wno-shadow -Wno-unused -Wno-sign-compare -Wno-undef -Wno-missing-declarations -Wno-uninitialized -Wno-switch -Wno-parentheses -Wno-array-bounds -Wno-extra -Wno-deprecated-declarations -Wno-misleading-indentation -Wno-deprecated -Wno-suggest-override  -O3 -DNDEBUG  -DNDEBUG    -Wl,--gc-sections -Wl,--as-needed -Wl,--no-undefined  -rdynamic CMakeFiles/cmTC_90d09.dir/src.cxx.o  -o cmTC_90d09 
gmake[4]: Leaving directory '/home/jssuengl/Desktop/test/edgetpu-detection-camera/build-armv7/opencv-build/CMakeFiles/CMakeTmp'
gmake[3]: Leaving directory '/home/jssuengl/Desktop/test/edgetpu-detection-camera/build-armv7/opencv-build/CMakeFiles/CMakeTmp'


===== END =====

Build output check failed:
    Regex: 'command[- ]line option .* is valid for .* but not for C\+\+'
    Output line: 'cc1plus: warning: command-line option ‘-Wno-missing-prototypes’ is valid for C/ObjC but not for C++'
Compilation failed:
    source file: '/home/jssuengl/Desktop/test/edgetpu-detection-camera/build-armv7/opencv-build/CMakeFiles/CMakeTmp/src.cxx'
    check option: ' -Wno-missing-prototypes'
===== BUILD LOG =====
Change Dir: /home/jssuengl/Desktop/test/edgetpu-detection-camera/build-armv7/opencv-build/CMakeFiles/CMakeTmp

Run Build Command(s):/usr/bin/gmake cmTC_6719d/fast && gmake[3]: Entering directory '/home/jssuengl/Desktop/test/edgetpu-detection-camera/build-armv7/opencv-build/CMakeFiles/CMakeTmp'
/usr/bin/gmake -f CMakeFiles/cmTC_6719d.dir/build.make CMakeFiles/cmTC_6719d.dir/build
gmake[4]: Entering directory '/home/jssuengl/Desktop/test/edgetpu-detection-camera/build-armv7/opencv-build/CMakeFiles/CMakeTmp'
Building CXX object CMakeFiles/cmTC_6719d.dir/src.cxx.o
/usr/bin/c++    -fsigned-char -W -Wall -Wreturn-type -Wnon-virtual-dtor -Waddress -Wsequence-point -Wformat -Wformat-security -Winit-self -Wpointer-arith -Wsign-promo -Wno-delete-non-virtual-dtor -Wno-comment -Wno-strict-overflow -fdiagnostics-show-option -Wno-long-long -pthread -fomit-frame-pointer -ffunction-sections -fdata-sections  -msse -msse2 -msse3 -fvisibility=hidden -fvisibility-inlines-hidden -Wno-shadow -Wno-unused -Wno-sign-compare -Wno-undef -Wno-missing-declarations -Wno-uninitialized -Wno-switch -Wno-parentheses -Wno-array-bounds -Wno-extra -Wno-deprecated-declarations -Wno-misleading-indentation -Wno-deprecated -Wno-suggest-override -Wno-implicit-fallthrough -Wno-tautological-compare  -O3 -DNDEBUG  -DNDEBUG -fPIE    -Wno-missing-prototypes -o CMakeFiles/cmTC_6719d.dir/src.cxx.o -c /home/jssuengl/Desktop/test/edgetpu-detection-camera/build-armv7/opencv-build/CMakeFiles/CMakeTmp/src.cxx
cc1plus: warning: command-line option ‘-Wno-missing-prototypes’ is valid for C/ObjC but not for C++
/home/jssuengl/Desktop/test/edgetpu-detection-camera/build-armv7/opencv-build/CMakeFiles/CMakeTmp/src.cxx:1: warning: ignoring ‘#pragma  ’ [-Wunknown-pragmas]
    1 | #pragma
      | 
Linking CXX executable cmTC_6719d
/usr/local/bin/cmake -E cmake_link_script CMakeFiles/cmTC_6719d.dir/link.txt --verbose=1
/usr/bin/c++     -fsigned-char -W -Wall -Wreturn-type -Wnon-virtual-dtor -Waddress -Wsequence-point -Wformat -Wformat-security -Winit-self -Wpointer-arith -Wsign-promo -Wno-delete-non-virtual-dtor -Wno-comment -Wno-strict-overflow -fdiagnostics-show-option -Wno-long-long -pthread -fomit-frame-pointer -ffunction-sections -fdata-sections  -msse -msse2 -msse3 -fvisibility=hidden -fvisibility-inlines-hidden -Wno-shadow -Wno-unused -Wno-sign-compare -Wno-undef -Wno-missing-declarations -Wno-uninitialized -Wno-switch -Wno-parentheses -Wno-array-bounds -Wno-extra -Wno-deprecated-declarations -Wno-misleading-indentation -Wno-deprecated -Wno-suggest-override -Wno-implicit-fallthrough -Wno-tautological-compare  -O3 -DNDEBUG  -DNDEBUG    -Wl,--gc-sections -Wl,--as-needed -Wl,--no-undefined  -rdynamic CMakeFiles/cmTC_6719d.dir/src.cxx.o  -o cmTC_6719d 
gmake[4]: Leaving directory '/home/jssuengl/Desktop/test/edgetpu-detection-camera/build-armv7/opencv-build/CMakeFiles/CMakeTmp'
gmake[3]: Leaving directory '/home/jssuengl/Desktop/test/edgetpu-detection-camera/build-armv7/opencv-build/CMakeFiles/CMakeTmp'


===== END =====

Determining if the include file linux/videodev.h exists failed with the following output:
Change Dir: /home/jssuengl/Desktop/test/edgetpu-detection-camera/build-armv7/opencv-build/CMakeFiles/CMakeTmp

Run Build Command(s):/usr/bin/gmake cmTC_c9970/fast && gmake[3]: Entering directory '/home/jssuengl/Desktop/test/edgetpu-detection-camera/build-armv7/opencv-build/CMakeFiles/CMakeTmp'
/usr/bin/gmake -f CMakeFiles/cmTC_c9970.dir/build.make CMakeFiles/cmTC_c9970.dir/build
gmake[4]: Entering directory '/home/jssuengl/Desktop/test/edgetpu-detection-camera/build-armv7/opencv-build/CMakeFiles/CMakeTmp'
Building C object CMakeFiles/cmTC_c9970.dir/CheckIncludeFile.c.o
/usr/bin/cc   -fsigned-char -W -Wall -Wreturn-type -Waddress -Wsequence-point -Wformat -Wformat-security -Wmissing-declarations -Wmissing-prototypes -Wstrict-prototypes -Wundef -Winit-self -Wpointer-arith -Wshadow -Wuninitialized -Wno-comment -Wimplicit-fallthrough=3 -Wno-strict-overflow -fdiagnostics-show-option -Wno-long-long -pthread -fomit-frame-pointer -ffunction-sections -fdata-sections  -msse -msse2 -msse3 -fvisibility=hidden  -O3 -DNDEBUG  -DNDEBUG -fPIE   -o CMakeFiles/cmTC_c9970.dir/CheckIncludeFile.c.o   -c /home/jssuengl/Desktop/test/edgetpu-detection-camera/build-armv7/opencv-build/CMakeFiles/CMakeTmp/CheckIncludeFile.c
/home/jssuengl/Desktop/test/edgetpu-detection-camera/build-armv7/opencv-build/CMakeFiles/CMakeTmp/CheckIncludeFile.c:1:10: fatal error: linux/videodev.h: No such file or directory
    1 | #include <linux/videodev.h>
      |          ^~~~~~~~~~~~~~~~~~
compilation terminated.
gmake[4]: *** [CMakeFiles/cmTC_c9970.dir/build.make:83: CMakeFiles/cmTC_c9970.dir/CheckIncludeFile.c.o] Error 1
gmake[4]: Leaving directory '/home/jssuengl/Desktop/test/edgetpu-detection-camera/build-armv7/opencv-build/CMakeFiles/CMakeTmp'
gmake[3]: *** [Makefile:138: cmTC_c9970/fast] Error 2
gmake[3]: Leaving directory '/home/jssuengl/Desktop/test/edgetpu-detection-camera/build-armv7/opencv-build/CMakeFiles/CMakeTmp'



Determining if the include file sys/videoio.h exists failed with the following output:
Change Dir: /home/jssuengl/Desktop/test/edgetpu-detection-camera/build-armv7/opencv-build/CMakeFiles/CMakeTmp

Run Build Command(s):/usr/bin/gmake cmTC_af8ec/fast && gmake[3]: Entering directory '/home/jssuengl/Desktop/test/edgetpu-detection-camera/build-armv7/opencv-build/CMakeFiles/CMakeTmp'
/usr/bin/gmake -f CMakeFiles/cmTC_af8ec.dir/build.make CMakeFiles/cmTC_af8ec.dir/build
gmake[4]: Entering directory '/home/jssuengl/Desktop/test/edgetpu-detection-camera/build-armv7/opencv-build/CMakeFiles/CMakeTmp'
Building C object CMakeFiles/cmTC_af8ec.dir/CheckIncludeFile.c.o
/usr/bin/cc   -fsigned-char -W -Wall -Wreturn-type -Waddress -Wsequence-point -Wformat -Wformat-security -Wmissing-declarations -Wmissing-prototypes -Wstrict-prototypes -Wundef -Winit-self -Wpointer-arith -Wshadow -Wuninitialized -Wno-comment -Wimplicit-fallthrough=3 -Wno-strict-overflow -fdiagnostics-show-option -Wno-long-long -pthread -fomit-frame-pointer -ffunction-sections -fdata-sections  -msse -msse2 -msse3 -fvisibility=hidden  -O3 -DNDEBUG  -DNDEBUG -fPIE   -o CMakeFiles/cmTC_af8ec.dir/CheckIncludeFile.c.o   -c /home/jssuengl/Desktop/test/edgetpu-detection-camera/build-armv7/opencv-build/CMakeFiles/CMakeTmp/CheckIncludeFile.c
/home/jssuengl/Desktop/test/edgetpu-detection-camera/build-armv7/opencv-build/CMakeFiles/CMakeTmp/CheckIncludeFile.c:1:10: fatal error: sys/videoio.h: No such file or directory
    1 | #include <sys/videoio.h>
      |          ^~~~~~~~~~~~~~~
compilation terminated.
gmake[4]: *** [CMakeFiles/cmTC_af8ec.dir/build.make:83: CMakeFiles/cmTC_af8ec.dir/CheckIncludeFile.c.o] Error 1
gmake[4]: Leaving directory '/home/jssuengl/Desktop/test/edgetpu-detection-camera/build-armv7/opencv-build/CMakeFiles/CMakeTmp'
gmake[3]: *** [Makefile:138: cmTC_af8ec/fast] Error 2
gmake[3]: Leaving directory '/home/jssuengl/Desktop/test/edgetpu-detection-camera/build-armv7/opencv-build/CMakeFiles/CMakeTmp'



Determining if the function sgemm_ exists failed with the following output:
Change Dir: /home/jssuengl/Desktop/test/edgetpu-detection-camera/build-armv7/opencv-build/CMakeFiles/CMakeTmp

Run Build Command(s):/usr/bin/gmake cmTC_3ac48/fast && gmake[3]: Entering directory '/home/jssuengl/Desktop/test/edgetpu-detection-camera/build-armv7/opencv-build/CMakeFiles/CMakeTmp'
/usr/bin/gmake -f CMakeFiles/cmTC_3ac48.dir/build.make CMakeFiles/cmTC_3ac48.dir/build
gmake[4]: Entering directory '/home/jssuengl/Desktop/test/edgetpu-detection-camera/build-armv7/opencv-build/CMakeFiles/CMakeTmp'
Building C object CMakeFiles/cmTC_3ac48.dir/CheckFunctionExists.c.o
/usr/bin/cc   -fsigned-char -W -Wall -Wreturn-type -Waddress -Wsequence-point -Wformat -Wformat-security -Wmissing-declarations -Wmissing-prototypes -Wstrict-prototypes -Wundef -Winit-self -Wpointer-arith -Wshadow -Wuninitialized -Wno-comment -Wimplicit-fallthrough=3 -Wno-strict-overflow -fdiagnostics-show-option -Wno-long-long -pthread -fomit-frame-pointer -ffunction-sections -fdata-sections  -msse -msse2 -msse3 -fvisibility=hidden -DCHECK_FUNCTION_EXISTS=sgemm_ -O3 -DNDEBUG  -DNDEBUG -fPIE   -o CMakeFiles/cmTC_3ac48.dir/CheckFunctionExists.c.o   -c /usr/local/share/cmake-3.17/Modules/CheckFunctionExists.c
Linking C executable cmTC_3ac48
/usr/local/bin/cmake -E cmake_link_script CMakeFiles/cmTC_3ac48.dir/link.txt --verbose=1
/usr/bin/cc    -fsigned-char -W -Wall -Wreturn-type -Waddress -Wsequence-point -Wformat -Wformat-security -Wmissing-declarations -Wmissing-prototypes -Wstrict-prototypes -Wundef -Winit-self -Wpointer-arith -Wshadow -Wuninitialized -Wno-comment -Wimplicit-fallthrough=3 -Wno-strict-overflow -fdiagnostics-show-option -Wno-long-long -pthread -fomit-frame-pointer -ffunction-sections -fdata-sections  -msse -msse2 -msse3 -fvisibility=hidden -DCHECK_FUNCTION_EXISTS=sgemm_ -O3 -DNDEBUG  -DNDEBUG    -Wl,--gc-sections -Wl,--as-needed -Wl,--no-undefined  -rdynamic CMakeFiles/cmTC_3ac48.dir/CheckFunctionExists.c.o  -o cmTC_3ac48 
/usr/bin/ld: CMakeFiles/cmTC_3ac48.dir/CheckFunctionExists.c.o: in function `main':
CheckFunctionExists.c:(.text.startup.main+0x10): undefined reference to `sgemm_'
collect2: error: ld returned 1 exit status
gmake[4]: *** [CMakeFiles/cmTC_3ac48.dir/build.make:104: cmTC_3ac48] Error 1
gmake[4]: Leaving directory '/home/jssuengl/Desktop/test/edgetpu-detection-camera/build-armv7/opencv-build/CMakeFiles/CMakeTmp'
gmake[3]: *** [Makefile:138: cmTC_3ac48/fast] Error 2
gmake[3]: Leaving directory '/home/jssuengl/Desktop/test/edgetpu-detection-camera/build-armv7/opencv-build/CMakeFiles/CMakeTmp'



Build output check failed:
    Regex: 'unrecognized .*option'
    Output line: 'cc1plus: note: unrecognized command-line option ‘-Wno-tautological-undefined-compare’ may have been intended to silence earlier diagnostics'
Compilation failed:
    source file: '/home/jssuengl/Desktop/test/edgetpu-detection-camera/build-armv7/opencv-build/CMakeFiles/CMakeTmp/src.cxx'
    check option: ' -Wno-tautological-undefined-compare'
===== BUILD LOG =====
Change Dir: /home/jssuengl/Desktop/test/edgetpu-detection-camera/build-armv7/opencv-build/CMakeFiles/CMakeTmp

Run Build Command(s):/usr/bin/gmake cmTC_0c83f/fast && gmake[3]: Entering directory '/home/jssuengl/Desktop/test/edgetpu-detection-camera/build-armv7/opencv-build/CMakeFiles/CMakeTmp'
/usr/bin/gmake -f CMakeFiles/cmTC_0c83f.dir/build.make CMakeFiles/cmTC_0c83f.dir/build
gmake[4]: Entering directory '/home/jssuengl/Desktop/test/edgetpu-detection-camera/build-armv7/opencv-build/CMakeFiles/CMakeTmp'
Building CXX object CMakeFiles/cmTC_0c83f.dir/src.cxx.o
/usr/bin/c++    -fsigned-char -W -Wall -Wreturn-type -Wnon-virtual-dtor -Waddress -Wsequence-point -Wformat -Wformat-security -Winit-self -Wpointer-arith -Wuninitialized -Wsuggest-override -Wno-delete-non-virtual-dtor -Wno-comment -Wimplicit-fallthrough=3 -Wno-strict-overflow -fdiagnostics-show-option -Wno-long-long -pthread -fomit-frame-pointer -ffunction-sections -fdata-sections  -msse -msse2 -msse3 -fvisibility=hidden -fvisibility-inlines-hidden -Wno-deprecated -Wno-missing-declarations -Wno-shadow -Wno-unused-parameter -Wno-unused-local-typedefs -Wno-sign-compare -Wno-sign-promo -Wno-undef  -O3 -DNDEBUG  -DNDEBUG -fPIE    -Wno-tautological-undefined-compare -o CMakeFiles/cmTC_0c83f.dir/src.cxx.o -c /home/jssuengl/Desktop/test/edgetpu-detection-camera/build-armv7/opencv-build/CMakeFiles/CMakeTmp/src.cxx
/home/jssuengl/Desktop/test/edgetpu-detection-camera/build-armv7/opencv-build/CMakeFiles/CMakeTmp/src.cxx:1: warning: ignoring ‘#pragma  ’ [-Wunknown-pragmas]
    1 | #pragma
      | 
cc1plus: note: unrecognized command-line option ‘-Wno-tautological-undefined-compare’ may have been intended to silence earlier diagnostics
Linking CXX executable cmTC_0c83f
/usr/local/bin/cmake -E cmake_link_script CMakeFiles/cmTC_0c83f.dir/link.txt --verbose=1
/usr/bin/c++     -fsigned-char -W -Wall -Wreturn-type -Wnon-virtual-dtor -Waddress -Wsequence-point -Wformat -Wformat-security -Winit-self -Wpointer-arith -Wuninitialized -Wsuggest-override -Wno-delete-non-virtual-dtor -Wno-comment -Wimplicit-fallthrough=3 -Wno-strict-overflow -fdiagnostics-show-option -Wno-long-long -pthread -fomit-frame-pointer -ffunction-sections -fdata-sections  -msse -msse2 -msse3 -fvisibility=hidden -fvisibility-inlines-hidden -Wno-deprecated -Wno-missing-declarations -Wno-shadow -Wno-unused-parameter -Wno-unused-local-typedefs -Wno-sign-compare -Wno-sign-promo -Wno-undef  -O3 -DNDEBUG  -DNDEBUG    -Wl,--gc-sections -Wl,--as-needed -Wl,--no-undefined  -rdynamic CMakeFiles/cmTC_0c83f.dir/src.cxx.o  -o cmTC_0c83f 
gmake[4]: Leaving directory '/home/jssuengl/Desktop/test/edgetpu-detection-camera/build-armv7/opencv-build/CMakeFiles/CMakeTmp'
gmake[3]: Leaving directory '/home/jssuengl/Desktop/test/edgetpu-detection-camera/build-armv7/opencv-build/CMakeFiles/CMakeTmp'


===== END =====

Build output check failed:
    Regex: 'unrecognized .*option'
    Output line: 'cc1plus: note: unrecognized command-line option ‘-Wno-shorten-64-to-32’ may have been intended to silence earlier diagnostics'
Compilation failed:
    source file: '/home/jssuengl/Desktop/test/edgetpu-detection-camera/build-armv7/opencv-build/CMakeFiles/CMakeTmp/src.cxx'
    check option: ' -Wno-shorten-64-to-32'
===== BUILD LOG =====
Change Dir: /home/jssuengl/Desktop/test/edgetpu-detection-camera/build-armv7/opencv-build/CMakeFiles/CMakeTmp

Run Build Command(s):/usr/bin/gmake cmTC_aa054/fast && gmake[3]: Entering directory '/home/jssuengl/Desktop/test/edgetpu-detection-camera/build-armv7/opencv-build/CMakeFiles/CMakeTmp'
/usr/bin/gmake -f CMakeFiles/cmTC_aa054.dir/build.make CMakeFiles/cmTC_aa054.dir/build
gmake[4]: Entering directory '/home/jssuengl/Desktop/test/edgetpu-detection-camera/build-armv7/opencv-build/CMakeFiles/CMakeTmp'
Building CXX object CMakeFiles/cmTC_aa054.dir/src.cxx.o
/usr/bin/c++    -fsigned-char -W -Wall -Wreturn-type -Wnon-virtual-dtor -Waddress -Wsequence-point -Wformat -Wformat-security -Winit-self -Wpointer-arith -Wuninitialized -Wsuggest-override -Wno-delete-non-virtual-dtor -Wno-comment -Wimplicit-fallthrough=3 -Wno-strict-overflow -fdiagnostics-show-option -Wno-long-long -pthread -fomit-frame-pointer -ffunction-sections -fdata-sections  -msse -msse2 -msse3 -fvisibility=hidden -fvisibility-inlines-hidden -Wno-deprecated -Wno-missing-declarations -Wno-shadow -Wno-unused-parameter -Wno-unused-local-typedefs -Wno-sign-compare -Wno-sign-promo -Wno-undef -Wno-ignored-qualifiers -Wno-extra -Wno-unused-function -Wno-unused-const-variable  -O3 -DNDEBUG  -DNDEBUG -fPIE    -Wno-shorten-64-to-32 -o CMakeFiles/cmTC_aa054.dir/src.cxx.o -c /home/jssuengl/Desktop/test/edgetpu-detection-camera/build-armv7/opencv-build/CMakeFiles/CMakeTmp/src.cxx
/home/jssuengl/Desktop/test/edgetpu-detection-camera/build-armv7/opencv-build/CMakeFiles/CMakeTmp/src.cxx:1: warning: ignoring ‘#pragma  ’ [-Wunknown-pragmas]
    1 | #pragma
      | 
cc1plus: note: unrecognized command-line option ‘-Wno-shorten-64-to-32’ may have been intended to silence earlier diagnostics
Linking CXX executable cmTC_aa054
/usr/local/bin/cmake -E cmake_link_script CMakeFiles/cmTC_aa054.dir/link.txt --verbose=1
/usr/bin/c++     -fsigned-char -W -Wall -Wreturn-type -Wnon-virtual-dtor -Waddress -Wsequence-point -Wformat -Wformat-security -Winit-self -Wpointer-arith -Wuninitialized -Wsuggest-override -Wno-delete-non-virtual-dtor -Wno-comment -Wimplicit-fallthrough=3 -Wno-strict-overflow -fdiagnostics-show-option -Wno-long-long -pthread -fomit-frame-pointer -ffunction-sections -fdata-sections  -msse -msse2 -msse3 -fvisibility=hidden -fvisibility-inlines-hidden -Wno-deprecated -Wno-missing-declarations -Wno-shadow -Wno-unused-parameter -Wno-unused-local-typedefs -Wno-sign-compare -Wno-sign-promo -Wno-undef -Wno-ignored-qualifiers -Wno-extra -Wno-unused-function -Wno-unused-const-variable  -O3 -DNDEBUG  -DNDEBUG    -Wl,--gc-sections -Wl,--as-needed -Wl,--no-undefined  -rdynamic CMakeFiles/cmTC_aa054.dir/src.cxx.o  -o cmTC_aa054 
gmake[4]: Leaving directory '/home/jssuengl/Desktop/test/edgetpu-detection-camera/build-armv7/opencv-build/CMakeFiles/CMakeTmp'
gmake[3]: Leaving directory '/home/jssuengl/Desktop/test/edgetpu-detection-camera/build-armv7/opencv-build/CMakeFiles/CMakeTmp'


===== END =====

Build output check failed:
    Regex: 'unrecognized .*option'
    Output line: 'cc1plus: note: unrecognized command-line option ‘-Wno-enum-compare-switch’ may have been intended to silence earlier diagnostics'
Compilation failed:
    source file: '/home/jssuengl/Desktop/test/edgetpu-detection-camera/build-armv7/opencv-build/CMakeFiles/CMakeTmp/src.cxx'
    check option: ' -Wno-enum-compare-switch'
===== BUILD LOG =====
Change Dir: /home/jssuengl/Desktop/test/edgetpu-detection-camera/build-armv7/opencv-build/CMakeFiles/CMakeTmp

Run Build Command(s):/usr/bin/gmake cmTC_20828/fast && gmake[3]: Entering directory '/home/jssuengl/Desktop/test/edgetpu-detection-camera/build-armv7/opencv-build/CMakeFiles/CMakeTmp'
/usr/bin/gmake -f CMakeFiles/cmTC_20828.dir/build.make CMakeFiles/cmTC_20828.dir/build
gmake[4]: Entering directory '/home/jssuengl/Desktop/test/edgetpu-detection-camera/build-armv7/opencv-build/CMakeFiles/CMakeTmp'
Building CXX object CMakeFiles/cmTC_20828.dir/src.cxx.o
/usr/bin/c++    -fsigned-char -W -Wall -Wreturn-type -Wnon-virtual-dtor -Waddress -Wsequence-point -Wformat -Wformat-security -Winit-self -Wpointer-arith -Wuninitialized -Wsuggest-override -Wno-delete-non-virtual-dtor -Wno-comment -Wimplicit-fallthrough=3 -Wno-strict-overflow -fdiagnostics-show-option -Wno-long-long -pthread -fomit-frame-pointer -ffunction-sections -fdata-sections  -msse -msse2 -msse3 -fvisibility=hidden -fvisibility-inlines-hidden -Wno-deprecated -Wno-missing-declarations -Wno-shadow -Wno-unused-parameter -Wno-unused-local-typedefs -Wno-sign-compare -Wno-sign-promo -Wno-undef -Wno-ignored-qualifiers -Wno-extra -Wno-unused-function -Wno-unused-const-variable -Wno-invalid-offsetof  -O3 -DNDEBUG  -DNDEBUG -fPIE    -Wno-enum-compare-switch -o CMakeFiles/cmTC_20828.dir/src.cxx.o -c /home/jssuengl/Desktop/test/edgetpu-detection-camera/build-armv7/opencv-build/CMakeFiles/CMakeTmp/src.cxx
/home/jssuengl/Desktop/test/edgetpu-detection-camera/build-armv7/opencv-build/CMakeFiles/CMakeTmp/src.cxx:1: warning: ignoring ‘#pragma  ’ [-Wunknown-pragmas]
    1 | #pragma
      | 
cc1plus: note: unrecognized command-line option ‘-Wno-enum-compare-switch’ may have been intended to silence earlier diagnostics
Linking CXX executable cmTC_20828
/usr/local/bin/cmake -E cmake_link_script CMakeFiles/cmTC_20828.dir/link.txt --verbose=1
/usr/bin/c++     -fsigned-char -W -Wall -Wreturn-type -Wnon-virtual-dtor -Waddress -Wsequence-point -Wformat -Wformat-security -Winit-self -Wpointer-arith -Wuninitialized -Wsuggest-override -Wno-delete-non-virtual-dtor -Wno-comment -Wimplicit-fallthrough=3 -Wno-strict-overflow -fdiagnostics-show-option -Wno-long-long -pthread -fomit-frame-pointer -ffunction-sections -fdata-sections  -msse -msse2 -msse3 -fvisibility=hidden -fvisibility-inlines-hidden -Wno-deprecated -Wno-missing-declarations -Wno-shadow -Wno-unused-parameter -Wno-unused-local-typedefs -Wno-sign-compare -Wno-sign-promo -Wno-undef -Wno-ignored-qualifiers -Wno-extra -Wno-unused-function -Wno-unused-const-variable -Wno-invalid-offsetof  -O3 -DNDEBUG  -DNDEBUG    -Wl,--gc-sections -Wl,--as-needed -Wl,--no-undefined  -rdynamic CMakeFiles/cmTC_20828.dir/src.cxx.o  -o cmTC_20828 
gmake[4]: Leaving directory '/home/jssuengl/Desktop/test/edgetpu-detection-camera/build-armv7/opencv-build/CMakeFiles/CMakeTmp'
gmake[3]: Leaving directory '/home/jssuengl/Desktop/test/edgetpu-detection-camera/build-armv7/opencv-build/CMakeFiles/CMakeTmp'


===== END =====

