  FrameSender.cpp
C:\gstreamer\1.0\msvc_x86_64\include\glib-2.0\glib\gmacros.h(1,1): warning C4819: 현재 코드 페이지(949)에서 표시할 수 없는 문자가 파일에 들어 있습니다. 데이터가 손실되지 않게 하려면 해당 파일을 유니코드 형식으로 저장하십시오.
  (소스 파일 'FrameSender.cpp'을(를) 컴파일하는 중)
  
C:\gstreamer\1.0\msvc_x86_64\include\glib-2.0\glib\gmacros.h(839,1): warning C4819: 현재 코드 페이지(949)에서 표시할 수 없는 문자가 파일에 들어 있습니다. 데이터가 손실되지 않게 하려면 해당 파일을 유니코드 형식으로 저장하십시오.
  (소스 파일 'FrameSender.cpp'을(를) 컴파일하는 중)
  
C:\gstreamer\1.0\msvc_x86_64\include\glib-2.0\glib\gatomic.h(1,1): warning C4819: 현재 코드 페이지(949)에서 표시할 수 없는 문자가 파일에 들어 있습니다. 데이터가 손실되지 않게 하려면 해당 파일을 유니코드 형식으로 저장하십시오.
  (소스 파일 'FrameSender.cpp'을(를) 컴파일하는 중)
  
C:\gstreamer\1.0\msvc_x86_64\include\glib-2.0\glib\gfileutils.h(1,1): warning C4819: 현재 코드 페이지(949)에서 표시할 수 없는 문자가 파일에 들어 있습니다. 데이터가 손실되지 않게 하려면 해당 파일을 유니코드 형식으로 저장하십시오.
  (소스 파일 'FrameSender.cpp'을(를) 컴파일하는 중)
  
C:\gstreamer\1.0\msvc_x86_64\include\glib-2.0\glib\gmain.h(1,1): warning C4819: 현재 코드 페이지(949)에서 표시할 수 없는 문자가 파일에 들어 있습니다. 데이터가 손실되지 않게 하려면 해당 파일을 유니코드 형식으로 저장하십시오.
  (소스 파일 'FrameSender.cpp'을(를) 컴파일하는 중)
  
C:\gstreamer\1.0\msvc_x86_64\include\glib-2.0\glib\gtestutils.h(1,1): warning C4819: 현재 코드 페이지(949)에서 표시할 수 없는 문자가 파일에 들어 있습니다. 데이터가 손실되지 않게 하려면 해당 파일을 유니코드 형식으로 저장하십시오.
  (소스 파일 'FrameSender.cpp'을(를) 컴파일하는 중)
  
C:\gstreamer\1.0\msvc_x86_64\include\glib-2.0\glib\guri.h(1,1): warning C4819: 현재 코드 페이지(949)에서 표시할 수 없는 문자가 파일에 들어 있습니다. 데이터가 손실되지 않게 하려면 해당 파일을 유니코드 형식으로 저장하십시오.
  (소스 파일 'FrameSender.cpp'을(를) 컴파일하는 중)
  
C:\gstreamer\1.0\msvc_x86_64\include\glib-2.0\glib\glib-autocleanups.h(1,1): warning C4819: 현재 코드 페이지(949)에서 표시할 수 없는 문자가 파일에 들어 있습니다. 데이터가 손실되지 않게 하려면 해당 파일을 유니코드 형식으로 저장하십시오.
  (소스 파일 'FrameSender.cpp'을(를) 컴파일하는 중)
  
C:\gstreamer\1.0\msvc_x86_64\include\glib-2.0\gobject\gobject.h(1,1): warning C4819: 현재 코드 페이지(949)에서 표시할 수 없는 문자가 파일에 들어 있습니다. 데이터가 손실되지 않게 하려면 해당 파일을 유니코드 형식으로 저장하십시오.
  (소스 파일 'FrameSender.cpp'을(를) 컴파일하는 중)
  
C:\gstreamer\1.0\msvc_x86_64\include\glib-2.0\gobject\gtype.h(1,1): warning C4819: 현재 코드 페이지(949)에서 표시할 수 없는 문자가 파일에 들어 있습니다. 데이터가 손실되지 않게 하려면 해당 파일을 유니코드 형식으로 저장하십시오.
  (소스 파일 'FrameSender.cpp'을(를) 컴파일하는 중)
  
C:\gstreamer\1.0\msvc_x86_64\include\glib-2.0\gobject\gtype.h(877,1): warning C4819: 현재 코드 페이지(949)에서 표시할 수 없는 문자가 파일에 들어 있습니다. 데이터가 손실되지 않게 하려면 해당 파일을 유니코드 형식으로 저장하십시오.
  (소스 파일 'FrameSender.cpp'을(를) 컴파일하는 중)
  
C:\gstreamer\1.0\msvc_x86_64\include\glib-2.0\gobject\gsignal.h(1,1): warning C4819: 현재 코드 페이지(949)에서 표시할 수 없는 문자가 파일에 들어 있습니다. 데이터가 손실되지 않게 하려면 해당 파일을 유니코드 형식으로 저장하십시오.
  (소스 파일 'FrameSender.cpp'을(를) 컴파일하는 중)
  
  FrameSender.vcxproj -> C:\workspace_nex1_C++\FrameSender\x64\Debug\FrameSender.dll
  'pwsh.exe'은(는) 내부 또는 외부 명령, 실행할 수 있는 프로그램, 또는
  배치 파일이 아닙니다.
