The target system is: Linux -  - armv7l
The host system is: Linux - 6.8.0-60-generic - x86_64
Compiling the C compiler identification source file "CMakeCCompilerId.c" succeeded.
Compiler: /usr/bin/arm-linux-gnueabihf-gcc 
Build flags: -march=armv7-a;-mfpu=neon-vfpv4;-mfloat-abi=hard
Id flags:  

The output was:
0


Compilation of the C compiler identification source "CMakeCCompilerId.c" produced "a.out"

The C compiler identification is GNU, found in "/home/jssuengl/Desktop/test/edgetpu-detection-camera/build-armv7/CMakeFiles/3.17.0/CompilerIdC/a.out"

Compiling the CXX compiler identification source file "CMakeCXXCompilerId.cpp" succeeded.
Compiler: /usr/bin/arm-linux-gnueabihf-g++ 
Build flags: -march=armv7-a;-mfpu=neon-vfpv4;-mfloat-abi=hard
Id flags:  

The output was:
0


Compilation of the CXX compiler identification source "CMakeCXXCompilerId.cpp" produced "a.out"

The CXX compiler identification is GNU, found in "/home/jssuengl/Desktop/test/edgetpu-detection-camera/build-armv7/CMakeFiles/3.17.0/CompilerIdCXX/a.out"

Determining if the C compiler works passed with the following output:
Change Dir: /home/jssuengl/Desktop/test/edgetpu-detection-camera/build-armv7/CMakeFiles/CMakeTmp

Run Build Command(s):/usr/bin/gmake cmTC_fd459/fast && /usr/bin/gmake -f CMakeFiles/cmTC_fd459.dir/build.make CMakeFiles/cmTC_fd459.dir/build
gmake[1]: Entering directory '/home/jssuengl/Desktop/test/edgetpu-detection-camera/build-armv7/CMakeFiles/CMakeTmp'
Building C object CMakeFiles/cmTC_fd459.dir/testCCompiler.c.o
/usr/bin/arm-linux-gnueabihf-gcc   -march=armv7-a -mfpu=neon-vfpv4 -mfloat-abi=hard    -o CMakeFiles/cmTC_fd459.dir/testCCompiler.c.o   -c /home/jssuengl/Desktop/test/edgetpu-detection-camera/build-armv7/CMakeFiles/CMakeTmp/testCCompiler.c
Linking C executable cmTC_fd459
/usr/local/bin/cmake -E cmake_link_script CMakeFiles/cmTC_fd459.dir/link.txt --verbose=1
/usr/bin/arm-linux-gnueabihf-gcc -march=armv7-a -mfpu=neon-vfpv4 -mfloat-abi=hard     CMakeFiles/cmTC_fd459.dir/testCCompiler.c.o  -o cmTC_fd459 
gmake[1]: Leaving directory '/home/jssuengl/Desktop/test/edgetpu-detection-camera/build-armv7/CMakeFiles/CMakeTmp'



Detecting C compiler ABI info compiled with the following output:
Change Dir: /home/jssuengl/Desktop/test/edgetpu-detection-camera/build-armv7/CMakeFiles/CMakeTmp

Run Build Command(s):/usr/bin/gmake cmTC_87d74/fast && /usr/bin/gmake -f CMakeFiles/cmTC_87d74.dir/build.make CMakeFiles/cmTC_87d74.dir/build
gmake[1]: Entering directory '/home/jssuengl/Desktop/test/edgetpu-detection-camera/build-armv7/CMakeFiles/CMakeTmp'
Building C object CMakeFiles/cmTC_87d74.dir/CMakeCCompilerABI.c.o
/usr/bin/arm-linux-gnueabihf-gcc   -march=armv7-a -mfpu=neon-vfpv4 -mfloat-abi=hard    -v -o CMakeFiles/cmTC_87d74.dir/CMakeCCompilerABI.c.o   -c /usr/local/share/cmake-3.17/Modules/CMakeCCompilerABI.c
Using built-in specs.
COLLECT_GCC=/usr/bin/arm-linux-gnueabihf-gcc
Target: arm-linux-gnueabihf
Configured with: ../src/configure -v --with-pkgversion='Ubuntu 11.4.0-1ubuntu1~22.04' --with-bugurl=file:///usr/share/doc/gcc-11/README.Bugs --enable-languages=c,ada,c++,go,d,fortran,objc,obj-c++,m2 --prefix=/usr --with-gcc-major-version-only --program-suffix=-11 --enable-shared --enable-linker-build-id --libexecdir=/usr/lib --without-included-gettext --enable-threads=posix --libdir=/usr/lib --enable-nls --with-sysroot=/ --enable-clocale=gnu --enable-libstdcxx-debug --enable-libstdcxx-time=yes --with-default-libstdcxx-abi=new --enable-gnu-unique-object --disable-libitm --disable-libquadmath --disable-libquadmath-support --enable-plugin --enable-default-pie --with-system-zlib --enable-libphobos-checking=release --without-target-system-zlib --enable-multiarch --disable-sjlj-exceptions --with-arch=armv7-a+fp --with-float=hard --with-mode=thumb --disable-werror --enable-checking=release --build=x86_64-linux-gnu --host=x86_64-linux-gnu --target=arm-linux-gnueabihf --program-prefix=arm-linux-gnueabihf- --includedir=/usr/arm-linux-gnueabihf/include --with-build-config=bootstrap-lto-lean --enable-link-serialization=2
Thread model: posix
Supported LTO compression algorithms: zlib zstd
gcc version 11.4.0 (Ubuntu 11.4.0-1ubuntu1~22.04) 
COLLECT_GCC_OPTIONS= '-mfpu=neon-vfpv4' '-mfloat-abi=hard' '-v' '-o' 'CMakeFiles/cmTC_87d74.dir/CMakeCCompilerABI.c.o' '-c' '-mtls-dialect=gnu' '-mthumb' '-mlibarch=armv7-a+neon-vfpv4' '-march=armv7-a+neon-vfpv4' '-dumpdir' 'CMakeFiles/cmTC_87d74.dir/'
 /usr/lib/gcc-cross/arm-linux-gnueabihf/11/cc1 -quiet -v -imultilib . -imultiarch arm-linux-gnueabihf /usr/local/share/cmake-3.17/Modules/CMakeCCompilerABI.c -quiet -dumpdir CMakeFiles/cmTC_87d74.dir/ -dumpbase CMakeCCompilerABI.c.c -dumpbase-ext .c -mfpu=neon-vfpv4 -mfloat-abi=hard -mtls-dialect=gnu -mthumb -mlibarch=armv7-a+neon-vfpv4 -march=armv7-a+neon-vfpv4 -version -fstack-protector-strong -Wformat -Wformat-security -o /tmp/ccW1dRfF.s
GNU C17 (Ubuntu 11.4.0-1ubuntu1~22.04) version 11.4.0 (arm-linux-gnueabihf)
	compiled by GNU C version 11.4.0, GMP version 6.2.1, MPFR version 4.1.0, MPC version 1.2.1, isl version isl-0.24-GMP

GGC heuristics: --param ggc-min-expand=100 --param ggc-min-heapsize=131072
ignoring nonexistent directory "/usr/local/include/arm-linux-gnueabihf"
ignoring nonexistent directory "/usr/lib/gcc-cross/arm-linux-gnueabihf/11/include-fixed"
ignoring nonexistent directory "/usr/include/arm-linux-gnueabihf"
#include "..." search starts here:
#include <...> search starts here:
 /usr/lib/gcc-cross/arm-linux-gnueabihf/11/include
 /usr/lib/gcc-cross/arm-linux-gnueabihf/11/../../../../arm-linux-gnueabihf/include
 /usr/include
End of search list.
GNU C17 (Ubuntu 11.4.0-1ubuntu1~22.04) version 11.4.0 (arm-linux-gnueabihf)
	compiled by GNU C version 11.4.0, GMP version 6.2.1, MPFR version 4.1.0, MPC version 1.2.1, isl version isl-0.24-GMP

GGC heuristics: --param ggc-min-expand=100 --param ggc-min-heapsize=131072
Compiler executable checksum: 7e287f36fa9a65e178386b3529c34d4c
COLLECT_GCC_OPTIONS= '-mfpu=neon-vfpv4' '-mfloat-abi=hard' '-v' '-o' 'CMakeFiles/cmTC_87d74.dir/CMakeCCompilerABI.c.o' '-c' '-mtls-dialect=gnu' '-mthumb' '-mlibarch=armv7-a+neon-vfpv4' '-march=armv7-a+neon-vfpv4' '-dumpdir' 'CMakeFiles/cmTC_87d74.dir/'
 /usr/lib/gcc-cross/arm-linux-gnueabihf/11/../../../../arm-linux-gnueabihf/bin/as -v -march=armv7-a -mfloat-abi=hard -mfpu=neon-vfpv4 -meabi=5 -o CMakeFiles/cmTC_87d74.dir/CMakeCCompilerABI.c.o /tmp/ccW1dRfF.s
GNU assembler version 2.38 (arm-linux-gnueabihf) using BFD version (GNU Binutils for Ubuntu) 2.38
COMPILER_PATH=/usr/lib/gcc-cross/arm-linux-gnueabihf/11/:/usr/lib/gcc-cross/arm-linux-gnueabihf/11/:/usr/lib/gcc-cross/arm-linux-gnueabihf/:/usr/lib/gcc-cross/arm-linux-gnueabihf/11/:/usr/lib/gcc-cross/arm-linux-gnueabihf/:/usr/lib/gcc-cross/arm-linux-gnueabihf/11/../../../../arm-linux-gnueabihf/bin/
LIBRARY_PATH=/usr/lib/gcc-cross/arm-linux-gnueabihf/11/:/usr/lib/gcc-cross/arm-linux-gnueabihf/11/../../../../arm-linux-gnueabihf/lib/:/lib/arm-linux-gnueabihf/:/lib/:/usr/lib/arm-linux-gnueabihf/:/usr/lib/
COLLECT_GCC_OPTIONS= '-mfpu=neon-vfpv4' '-mfloat-abi=hard' '-v' '-o' 'CMakeFiles/cmTC_87d74.dir/CMakeCCompilerABI.c.o' '-c' '-mtls-dialect=gnu' '-mthumb' '-mlibarch=armv7-a+neon-vfpv4' '-march=armv7-a+neon-vfpv4' '-dumpdir' 'CMakeFiles/cmTC_87d74.dir/CMakeCCompilerABI.c.'
Linking C executable cmTC_87d74
/usr/local/bin/cmake -E cmake_link_script CMakeFiles/cmTC_87d74.dir/link.txt --verbose=1
/usr/bin/arm-linux-gnueabihf-gcc -march=armv7-a -mfpu=neon-vfpv4 -mfloat-abi=hard    -v CMakeFiles/cmTC_87d74.dir/CMakeCCompilerABI.c.o  -o cmTC_87d74 
Using built-in specs.
COLLECT_GCC=/usr/bin/arm-linux-gnueabihf-gcc
COLLECT_LTO_WRAPPER=/usr/lib/gcc-cross/arm-linux-gnueabihf/11/lto-wrapper
Target: arm-linux-gnueabihf
Configured with: ../src/configure -v --with-pkgversion='Ubuntu 11.4.0-1ubuntu1~22.04' --with-bugurl=file:///usr/share/doc/gcc-11/README.Bugs --enable-languages=c,ada,c++,go,d,fortran,objc,obj-c++,m2 --prefix=/usr --with-gcc-major-version-only --program-suffix=-11 --enable-shared --enable-linker-build-id --libexecdir=/usr/lib --without-included-gettext --enable-threads=posix --libdir=/usr/lib --enable-nls --with-sysroot=/ --enable-clocale=gnu --enable-libstdcxx-debug --enable-libstdcxx-time=yes --with-default-libstdcxx-abi=new --enable-gnu-unique-object --disable-libitm --disable-libquadmath --disable-libquadmath-support --enable-plugin --enable-default-pie --with-system-zlib --enable-libphobos-checking=release --without-target-system-zlib --enable-multiarch --disable-sjlj-exceptions --with-arch=armv7-a+fp --with-float=hard --with-mode=thumb --disable-werror --enable-checking=release --build=x86_64-linux-gnu --host=x86_64-linux-gnu --target=arm-linux-gnueabihf --program-prefix=arm-linux-gnueabihf- --includedir=/usr/arm-linux-gnueabihf/include --with-build-config=bootstrap-lto-lean --enable-link-serialization=2
Thread model: posix
Supported LTO compression algorithms: zlib zstd
gcc version 11.4.0 (Ubuntu 11.4.0-1ubuntu1~22.04) 
COMPILER_PATH=/usr/lib/gcc-cross/arm-linux-gnueabihf/11/:/usr/lib/gcc-cross/arm-linux-gnueabihf/11/:/usr/lib/gcc-cross/arm-linux-gnueabihf/:/usr/lib/gcc-cross/arm-linux-gnueabihf/11/:/usr/lib/gcc-cross/arm-linux-gnueabihf/:/usr/lib/gcc-cross/arm-linux-gnueabihf/11/../../../../arm-linux-gnueabihf/bin/
LIBRARY_PATH=/usr/lib/gcc-cross/arm-linux-gnueabihf/11/:/usr/lib/gcc-cross/arm-linux-gnueabihf/11/../../../../arm-linux-gnueabihf/lib/:/lib/arm-linux-gnueabihf/:/lib/:/usr/lib/arm-linux-gnueabihf/:/usr/lib/
COLLECT_GCC_OPTIONS= '-mfpu=neon-vfpv4' '-mfloat-abi=hard' '-v' '-o' 'cmTC_87d74' '-mtls-dialect=gnu' '-mthumb' '-mlibarch=armv7-a+neon-vfpv4' '-march=armv7-a+neon-vfpv4' '-dumpdir' 'cmTC_87d74.'
 /usr/lib/gcc-cross/arm-linux-gnueabihf/11/collect2 -plugin /usr/lib/gcc-cross/arm-linux-gnueabihf/11/liblto_plugin.so -plugin-opt=/usr/lib/gcc-cross/arm-linux-gnueabihf/11/lto-wrapper -plugin-opt=-fresolution=/tmp/ccbiJbQ5.res -plugin-opt=-pass-through=-lgcc -plugin-opt=-pass-through=-lgcc_s -plugin-opt=-pass-through=-lc -plugin-opt=-pass-through=-lgcc -plugin-opt=-pass-through=-lgcc_s --sysroot=/ --build-id --eh-frame-hdr -dynamic-linker /lib/ld-linux-armhf.so.3 -X --hash-style=gnu --as-needed -m armelf_linux_eabi -pie -z now -z relro -o cmTC_87d74 /usr/lib/gcc-cross/arm-linux-gnueabihf/11/../../../../arm-linux-gnueabihf/lib/Scrt1.o /usr/lib/gcc-cross/arm-linux-gnueabihf/11/../../../../arm-linux-gnueabihf/lib/crti.o /usr/lib/gcc-cross/arm-linux-gnueabihf/11/crtbeginS.o -L/usr/lib/gcc-cross/arm-linux-gnueabihf/11 -L/usr/lib/gcc-cross/arm-linux-gnueabihf/11/../../../../arm-linux-gnueabihf/lib -L/lib/arm-linux-gnueabihf -L/usr/lib/arm-linux-gnueabihf CMakeFiles/cmTC_87d74.dir/CMakeCCompilerABI.c.o -lgcc --push-state --as-needed -lgcc_s --pop-state -lc -lgcc --push-state --as-needed -lgcc_s --pop-state /usr/lib/gcc-cross/arm-linux-gnueabihf/11/crtendS.o /usr/lib/gcc-cross/arm-linux-gnueabihf/11/../../../../arm-linux-gnueabihf/lib/crtn.o
COLLECT_GCC_OPTIONS= '-mfpu=neon-vfpv4' '-mfloat-abi=hard' '-v' '-o' 'cmTC_87d74' '-mtls-dialect=gnu' '-mthumb' '-mlibarch=armv7-a+neon-vfpv4' '-march=armv7-a+neon-vfpv4' '-dumpdir' 'cmTC_87d74.'
gmake[1]: Leaving directory '/home/jssuengl/Desktop/test/edgetpu-detection-camera/build-armv7/CMakeFiles/CMakeTmp'



Parsed C implicit include dir info from above output: rv=done
  found start of include info
  found start of implicit include info
    add: [/usr/lib/gcc-cross/arm-linux-gnueabihf/11/include]
    add: [/usr/lib/gcc-cross/arm-linux-gnueabihf/11/../../../../arm-linux-gnueabihf/include]
    add: [/usr/include]
  end of search list found
  collapse include dir [/usr/lib/gcc-cross/arm-linux-gnueabihf/11/include] ==> [/usr/lib/gcc-cross/arm-linux-gnueabihf/11/include]
  collapse include dir [/usr/lib/gcc-cross/arm-linux-gnueabihf/11/../../../../arm-linux-gnueabihf/include] ==> [/usr/arm-linux-gnueabihf/include]
  collapse include dir [/usr/include] ==> [/usr/include]
  implicit include dirs: [/usr/lib/gcc-cross/arm-linux-gnueabihf/11/include;/usr/arm-linux-gnueabihf/include;/usr/include]


Parsed C implicit link information from above output:
  link line regex: [^( *|.*[/\])(arm-linux-gnueabihf-ld|CMAKE_LINK_STARTFILE-NOTFOUND|([^/\]+-)?ld|collect2)[^/\]*( |$)]
  ignore line: [Change Dir: /home/jssuengl/Desktop/test/edgetpu-detection-camera/build-armv7/CMakeFiles/CMakeTmp]
  ignore line: []
  ignore line: [Run Build Command(s):/usr/bin/gmake cmTC_87d74/fast && /usr/bin/gmake -f CMakeFiles/cmTC_87d74.dir/build.make CMakeFiles/cmTC_87d74.dir/build]
  ignore line: [gmake[1]: Entering directory '/home/jssuengl/Desktop/test/edgetpu-detection-camera/build-armv7/CMakeFiles/CMakeTmp']
  ignore line: [Building C object CMakeFiles/cmTC_87d74.dir/CMakeCCompilerABI.c.o]
  ignore line: [/usr/bin/arm-linux-gnueabihf-gcc   -march=armv7-a -mfpu=neon-vfpv4 -mfloat-abi=hard    -v -o CMakeFiles/cmTC_87d74.dir/CMakeCCompilerABI.c.o   -c /usr/local/share/cmake-3.17/Modules/CMakeCCompilerABI.c]
  ignore line: [Using built-in specs.]
  ignore line: [COLLECT_GCC=/usr/bin/arm-linux-gnueabihf-gcc]
  ignore line: [Target: arm-linux-gnueabihf]
  ignore line: [Configured with: ../src/configure -v --with-pkgversion='Ubuntu 11.4.0-1ubuntu1~22.04' --with-bugurl=file:///usr/share/doc/gcc-11/README.Bugs --enable-languages=c ada c++ go d fortran objc obj-c++ m2 --prefix=/usr --with-gcc-major-version-only --program-suffix=-11 --enable-shared --enable-linker-build-id --libexecdir=/usr/lib --without-included-gettext --enable-threads=posix --libdir=/usr/lib --enable-nls --with-sysroot=/ --enable-clocale=gnu --enable-libstdcxx-debug --enable-libstdcxx-time=yes --with-default-libstdcxx-abi=new --enable-gnu-unique-object --disable-libitm --disable-libquadmath --disable-libquadmath-support --enable-plugin --enable-default-pie --with-system-zlib --enable-libphobos-checking=release --without-target-system-zlib --enable-multiarch --disable-sjlj-exceptions --with-arch=armv7-a+fp --with-float=hard --with-mode=thumb --disable-werror --enable-checking=release --build=x86_64-linux-gnu --host=x86_64-linux-gnu --target=arm-linux-gnueabihf --program-prefix=arm-linux-gnueabihf- --includedir=/usr/arm-linux-gnueabihf/include --with-build-config=bootstrap-lto-lean --enable-link-serialization=2]
  ignore line: [Thread model: posix]
  ignore line: [Supported LTO compression algorithms: zlib zstd]
  ignore line: [gcc version 11.4.0 (Ubuntu 11.4.0-1ubuntu1~22.04) ]
  ignore line: [COLLECT_GCC_OPTIONS= '-mfpu=neon-vfpv4' '-mfloat-abi=hard' '-v' '-o' 'CMakeFiles/cmTC_87d74.dir/CMakeCCompilerABI.c.o' '-c' '-mtls-dialect=gnu' '-mthumb' '-mlibarch=armv7-a+neon-vfpv4' '-march=armv7-a+neon-vfpv4' '-dumpdir' 'CMakeFiles/cmTC_87d74.dir/']
  ignore line: [ /usr/lib/gcc-cross/arm-linux-gnueabihf/11/cc1 -quiet -v -imultilib . -imultiarch arm-linux-gnueabihf /usr/local/share/cmake-3.17/Modules/CMakeCCompilerABI.c -quiet -dumpdir CMakeFiles/cmTC_87d74.dir/ -dumpbase CMakeCCompilerABI.c.c -dumpbase-ext .c -mfpu=neon-vfpv4 -mfloat-abi=hard -mtls-dialect=gnu -mthumb -mlibarch=armv7-a+neon-vfpv4 -march=armv7-a+neon-vfpv4 -version -fstack-protector-strong -Wformat -Wformat-security -o /tmp/ccW1dRfF.s]
  ignore line: [GNU C17 (Ubuntu 11.4.0-1ubuntu1~22.04) version 11.4.0 (arm-linux-gnueabihf)]
  ignore line: [	compiled by GNU C version 11.4.0  GMP version 6.2.1  MPFR version 4.1.0  MPC version 1.2.1  isl version isl-0.24-GMP]
  ignore line: []
  ignore line: [GGC heuristics: --param ggc-min-expand=100 --param ggc-min-heapsize=131072]
  ignore line: [ignoring nonexistent directory "/usr/local/include/arm-linux-gnueabihf"]
  ignore line: [ignoring nonexistent directory "/usr/lib/gcc-cross/arm-linux-gnueabihf/11/include-fixed"]
  ignore line: [ignoring nonexistent directory "/usr/include/arm-linux-gnueabihf"]
  ignore line: [#include "..." search starts here:]
  ignore line: [#include <...> search starts here:]
  ignore line: [ /usr/lib/gcc-cross/arm-linux-gnueabihf/11/include]
  ignore line: [ /usr/lib/gcc-cross/arm-linux-gnueabihf/11/../../../../arm-linux-gnueabihf/include]
  ignore line: [ /usr/include]
  ignore line: [End of search list.]
  ignore line: [GNU C17 (Ubuntu 11.4.0-1ubuntu1~22.04) version 11.4.0 (arm-linux-gnueabihf)]
  ignore line: [	compiled by GNU C version 11.4.0  GMP version 6.2.1  MPFR version 4.1.0  MPC version 1.2.1  isl version isl-0.24-GMP]
  ignore line: []
  ignore line: [GGC heuristics: --param ggc-min-expand=100 --param ggc-min-heapsize=131072]
  ignore line: [Compiler executable checksum: 7e287f36fa9a65e178386b3529c34d4c]
  ignore line: [COLLECT_GCC_OPTIONS= '-mfpu=neon-vfpv4' '-mfloat-abi=hard' '-v' '-o' 'CMakeFiles/cmTC_87d74.dir/CMakeCCompilerABI.c.o' '-c' '-mtls-dialect=gnu' '-mthumb' '-mlibarch=armv7-a+neon-vfpv4' '-march=armv7-a+neon-vfpv4' '-dumpdir' 'CMakeFiles/cmTC_87d74.dir/']
  ignore line: [ /usr/lib/gcc-cross/arm-linux-gnueabihf/11/../../../../arm-linux-gnueabihf/bin/as -v -march=armv7-a -mfloat-abi=hard -mfpu=neon-vfpv4 -meabi=5 -o CMakeFiles/cmTC_87d74.dir/CMakeCCompilerABI.c.o /tmp/ccW1dRfF.s]
  ignore line: [GNU assembler version 2.38 (arm-linux-gnueabihf) using BFD version (GNU Binutils for Ubuntu) 2.38]
  ignore line: [COMPILER_PATH=/usr/lib/gcc-cross/arm-linux-gnueabihf/11/:/usr/lib/gcc-cross/arm-linux-gnueabihf/11/:/usr/lib/gcc-cross/arm-linux-gnueabihf/:/usr/lib/gcc-cross/arm-linux-gnueabihf/11/:/usr/lib/gcc-cross/arm-linux-gnueabihf/:/usr/lib/gcc-cross/arm-linux-gnueabihf/11/../../../../arm-linux-gnueabihf/bin/]
  ignore line: [LIBRARY_PATH=/usr/lib/gcc-cross/arm-linux-gnueabihf/11/:/usr/lib/gcc-cross/arm-linux-gnueabihf/11/../../../../arm-linux-gnueabihf/lib/:/lib/arm-linux-gnueabihf/:/lib/:/usr/lib/arm-linux-gnueabihf/:/usr/lib/]
  ignore line: [COLLECT_GCC_OPTIONS= '-mfpu=neon-vfpv4' '-mfloat-abi=hard' '-v' '-o' 'CMakeFiles/cmTC_87d74.dir/CMakeCCompilerABI.c.o' '-c' '-mtls-dialect=gnu' '-mthumb' '-mlibarch=armv7-a+neon-vfpv4' '-march=armv7-a+neon-vfpv4' '-dumpdir' 'CMakeFiles/cmTC_87d74.dir/CMakeCCompilerABI.c.']
  ignore line: [Linking C executable cmTC_87d74]
  ignore line: [/usr/local/bin/cmake -E cmake_link_script CMakeFiles/cmTC_87d74.dir/link.txt --verbose=1]
  ignore line: [/usr/bin/arm-linux-gnueabihf-gcc -march=armv7-a -mfpu=neon-vfpv4 -mfloat-abi=hard    -v CMakeFiles/cmTC_87d74.dir/CMakeCCompilerABI.c.o  -o cmTC_87d74 ]
  ignore line: [Using built-in specs.]
  ignore line: [COLLECT_GCC=/usr/bin/arm-linux-gnueabihf-gcc]
  ignore line: [COLLECT_LTO_WRAPPER=/usr/lib/gcc-cross/arm-linux-gnueabihf/11/lto-wrapper]
  ignore line: [Target: arm-linux-gnueabihf]
  ignore line: [Configured with: ../src/configure -v --with-pkgversion='Ubuntu 11.4.0-1ubuntu1~22.04' --with-bugurl=file:///usr/share/doc/gcc-11/README.Bugs --enable-languages=c ada c++ go d fortran objc obj-c++ m2 --prefix=/usr --with-gcc-major-version-only --program-suffix=-11 --enable-shared --enable-linker-build-id --libexecdir=/usr/lib --without-included-gettext --enable-threads=posix --libdir=/usr/lib --enable-nls --with-sysroot=/ --enable-clocale=gnu --enable-libstdcxx-debug --enable-libstdcxx-time=yes --with-default-libstdcxx-abi=new --enable-gnu-unique-object --disable-libitm --disable-libquadmath --disable-libquadmath-support --enable-plugin --enable-default-pie --with-system-zlib --enable-libphobos-checking=release --without-target-system-zlib --enable-multiarch --disable-sjlj-exceptions --with-arch=armv7-a+fp --with-float=hard --with-mode=thumb --disable-werror --enable-checking=release --build=x86_64-linux-gnu --host=x86_64-linux-gnu --target=arm-linux-gnueabihf --program-prefix=arm-linux-gnueabihf- --includedir=/usr/arm-linux-gnueabihf/include --with-build-config=bootstrap-lto-lean --enable-link-serialization=2]
  ignore line: [Thread model: posix]
  ignore line: [Supported LTO compression algorithms: zlib zstd]
  ignore line: [gcc version 11.4.0 (Ubuntu 11.4.0-1ubuntu1~22.04) ]
  ignore line: [COMPILER_PATH=/usr/lib/gcc-cross/arm-linux-gnueabihf/11/:/usr/lib/gcc-cross/arm-linux-gnueabihf/11/:/usr/lib/gcc-cross/arm-linux-gnueabihf/:/usr/lib/gcc-cross/arm-linux-gnueabihf/11/:/usr/lib/gcc-cross/arm-linux-gnueabihf/:/usr/lib/gcc-cross/arm-linux-gnueabihf/11/../../../../arm-linux-gnueabihf/bin/]
  ignore line: [LIBRARY_PATH=/usr/lib/gcc-cross/arm-linux-gnueabihf/11/:/usr/lib/gcc-cross/arm-linux-gnueabihf/11/../../../../arm-linux-gnueabihf/lib/:/lib/arm-linux-gnueabihf/:/lib/:/usr/lib/arm-linux-gnueabihf/:/usr/lib/]
  ignore line: [COLLECT_GCC_OPTIONS= '-mfpu=neon-vfpv4' '-mfloat-abi=hard' '-v' '-o' 'cmTC_87d74' '-mtls-dialect=gnu' '-mthumb' '-mlibarch=armv7-a+neon-vfpv4' '-march=armv7-a+neon-vfpv4' '-dumpdir' 'cmTC_87d74.']
  link line: [ /usr/lib/gcc-cross/arm-linux-gnueabihf/11/collect2 -plugin /usr/lib/gcc-cross/arm-linux-gnueabihf/11/liblto_plugin.so -plugin-opt=/usr/lib/gcc-cross/arm-linux-gnueabihf/11/lto-wrapper -plugin-opt=-fresolution=/tmp/ccbiJbQ5.res -plugin-opt=-pass-through=-lgcc -plugin-opt=-pass-through=-lgcc_s -plugin-opt=-pass-through=-lc -plugin-opt=-pass-through=-lgcc -plugin-opt=-pass-through=-lgcc_s --sysroot=/ --build-id --eh-frame-hdr -dynamic-linker /lib/ld-linux-armhf.so.3 -X --hash-style=gnu --as-needed -m armelf_linux_eabi -pie -z now -z relro -o cmTC_87d74 /usr/lib/gcc-cross/arm-linux-gnueabihf/11/../../../../arm-linux-gnueabihf/lib/Scrt1.o /usr/lib/gcc-cross/arm-linux-gnueabihf/11/../../../../arm-linux-gnueabihf/lib/crti.o /usr/lib/gcc-cross/arm-linux-gnueabihf/11/crtbeginS.o -L/usr/lib/gcc-cross/arm-linux-gnueabihf/11 -L/usr/lib/gcc-cross/arm-linux-gnueabihf/11/../../../../arm-linux-gnueabihf/lib -L/lib/arm-linux-gnueabihf -L/usr/lib/arm-linux-gnueabihf CMakeFiles/cmTC_87d74.dir/CMakeCCompilerABI.c.o -lgcc --push-state --as-needed -lgcc_s --pop-state -lc -lgcc --push-state --as-needed -lgcc_s --pop-state /usr/lib/gcc-cross/arm-linux-gnueabihf/11/crtendS.o /usr/lib/gcc-cross/arm-linux-gnueabihf/11/../../../../arm-linux-gnueabihf/lib/crtn.o]
    arg [/usr/lib/gcc-cross/arm-linux-gnueabihf/11/collect2] ==> ignore
    arg [-plugin] ==> ignore
    arg [/usr/lib/gcc-cross/arm-linux-gnueabihf/11/liblto_plugin.so] ==> ignore
    arg [-plugin-opt=/usr/lib/gcc-cross/arm-linux-gnueabihf/11/lto-wrapper] ==> ignore
    arg [-plugin-opt=-fresolution=/tmp/ccbiJbQ5.res] ==> ignore
    arg [-plugin-opt=-pass-through=-lgcc] ==> ignore
    arg [-plugin-opt=-pass-through=-lgcc_s] ==> ignore
    arg [-plugin-opt=-pass-through=-lc] ==> ignore
    arg [-plugin-opt=-pass-through=-lgcc] ==> ignore
    arg [-plugin-opt=-pass-through=-lgcc_s] ==> ignore
    arg [--sysroot=/] ==> ignore
    arg [--build-id] ==> ignore
    arg [--eh-frame-hdr] ==> ignore
    arg [-dynamic-linker] ==> ignore
    arg [/lib/ld-linux-armhf.so.3] ==> ignore
    arg [-X] ==> ignore
    arg [--hash-style=gnu] ==> ignore
    arg [--as-needed] ==> ignore
    arg [-m] ==> ignore
    arg [armelf_linux_eabi] ==> ignore
    arg [-pie] ==> ignore
    arg [-znow] ==> ignore
    arg [-zrelro] ==> ignore
    arg [-o] ==> ignore
    arg [cmTC_87d74] ==> ignore
    arg [/usr/lib/gcc-cross/arm-linux-gnueabihf/11/../../../../arm-linux-gnueabihf/lib/Scrt1.o] ==> ignore
    arg [/usr/lib/gcc-cross/arm-linux-gnueabihf/11/../../../../arm-linux-gnueabihf/lib/crti.o] ==> ignore
    arg [/usr/lib/gcc-cross/arm-linux-gnueabihf/11/crtbeginS.o] ==> ignore
    arg [-L/usr/lib/gcc-cross/arm-linux-gnueabihf/11] ==> dir [/usr/lib/gcc-cross/arm-linux-gnueabihf/11]
    arg [-L/usr/lib/gcc-cross/arm-linux-gnueabihf/11/../../../../arm-linux-gnueabihf/lib] ==> dir [/usr/lib/gcc-cross/arm-linux-gnueabihf/11/../../../../arm-linux-gnueabihf/lib]
    arg [-L/lib/arm-linux-gnueabihf] ==> dir [/lib/arm-linux-gnueabihf]
    arg [-L/usr/lib/arm-linux-gnueabihf] ==> dir [/usr/lib/arm-linux-gnueabihf]
    arg [CMakeFiles/cmTC_87d74.dir/CMakeCCompilerABI.c.o] ==> ignore
    arg [-lgcc] ==> lib [gcc]
    arg [--push-state] ==> ignore
    arg [--as-needed] ==> ignore
    arg [-lgcc_s] ==> lib [gcc_s]
    arg [--pop-state] ==> ignore
    arg [-lc] ==> lib [c]
    arg [-lgcc] ==> lib [gcc]
    arg [--push-state] ==> ignore
    arg [--as-needed] ==> ignore
    arg [-lgcc_s] ==> lib [gcc_s]
    arg [--pop-state] ==> ignore
    arg [/usr/lib/gcc-cross/arm-linux-gnueabihf/11/crtendS.o] ==> ignore
    arg [/usr/lib/gcc-cross/arm-linux-gnueabihf/11/../../../../arm-linux-gnueabihf/lib/crtn.o] ==> ignore
  collapse library dir [/usr/lib/gcc-cross/arm-linux-gnueabihf/11] ==> [/usr/lib/gcc-cross/arm-linux-gnueabihf/11]
  collapse library dir [/usr/lib/gcc-cross/arm-linux-gnueabihf/11/../../../../arm-linux-gnueabihf/lib] ==> [/usr/arm-linux-gnueabihf/lib]
  collapse library dir [/lib/arm-linux-gnueabihf] ==> [/lib/arm-linux-gnueabihf]
  collapse library dir [/usr/lib/arm-linux-gnueabihf] ==> [/usr/lib/arm-linux-gnueabihf]
  implicit libs: [gcc;gcc_s;c;gcc;gcc_s]
  implicit dirs: [/usr/lib/gcc-cross/arm-linux-gnueabihf/11;/usr/arm-linux-gnueabihf/lib;/lib/arm-linux-gnueabihf;/usr/lib/arm-linux-gnueabihf]
  implicit fwks: []


Determining if the CXX compiler works passed with the following output:
Change Dir: /home/jssuengl/Desktop/test/edgetpu-detection-camera/build-armv7/CMakeFiles/CMakeTmp

Run Build Command(s):/usr/bin/gmake cmTC_d1b3d/fast && /usr/bin/gmake -f CMakeFiles/cmTC_d1b3d.dir/build.make CMakeFiles/cmTC_d1b3d.dir/build
gmake[1]: Entering directory '/home/jssuengl/Desktop/test/edgetpu-detection-camera/build-armv7/CMakeFiles/CMakeTmp'
Building CXX object CMakeFiles/cmTC_d1b3d.dir/testCXXCompiler.cxx.o
/usr/bin/arm-linux-gnueabihf-g++    -march=armv7-a -mfpu=neon-vfpv4 -mfloat-abi=hard    -o CMakeFiles/cmTC_d1b3d.dir/testCXXCompiler.cxx.o -c /home/jssuengl/Desktop/test/edgetpu-detection-camera/build-armv7/CMakeFiles/CMakeTmp/testCXXCompiler.cxx
Linking CXX executable cmTC_d1b3d
/usr/local/bin/cmake -E cmake_link_script CMakeFiles/cmTC_d1b3d.dir/link.txt --verbose=1
/usr/bin/arm-linux-gnueabihf-g++  -march=armv7-a -mfpu=neon-vfpv4 -mfloat-abi=hard     CMakeFiles/cmTC_d1b3d.dir/testCXXCompiler.cxx.o  -o cmTC_d1b3d 
gmake[1]: Leaving directory '/home/jssuengl/Desktop/test/edgetpu-detection-camera/build-armv7/CMakeFiles/CMakeTmp'



Detecting CXX compiler ABI info compiled with the following output:
Change Dir: /home/jssuengl/Desktop/test/edgetpu-detection-camera/build-armv7/CMakeFiles/CMakeTmp

Run Build Command(s):/usr/bin/gmake cmTC_34c87/fast && /usr/bin/gmake -f CMakeFiles/cmTC_34c87.dir/build.make CMakeFiles/cmTC_34c87.dir/build
gmake[1]: Entering directory '/home/jssuengl/Desktop/test/edgetpu-detection-camera/build-armv7/CMakeFiles/CMakeTmp'
Building CXX object CMakeFiles/cmTC_34c87.dir/CMakeCXXCompilerABI.cpp.o
/usr/bin/arm-linux-gnueabihf-g++    -march=armv7-a -mfpu=neon-vfpv4 -mfloat-abi=hard    -v -o CMakeFiles/cmTC_34c87.dir/CMakeCXXCompilerABI.cpp.o -c /usr/local/share/cmake-3.17/Modules/CMakeCXXCompilerABI.cpp
Using built-in specs.
COLLECT_GCC=/usr/bin/arm-linux-gnueabihf-g++
Target: arm-linux-gnueabihf
Configured with: ../src/configure -v --with-pkgversion='Ubuntu 11.4.0-1ubuntu1~22.04' --with-bugurl=file:///usr/share/doc/gcc-11/README.Bugs --enable-languages=c,ada,c++,go,d,fortran,objc,obj-c++,m2 --prefix=/usr --with-gcc-major-version-only --program-suffix=-11 --enable-shared --enable-linker-build-id --libexecdir=/usr/lib --without-included-gettext --enable-threads=posix --libdir=/usr/lib --enable-nls --with-sysroot=/ --enable-clocale=gnu --enable-libstdcxx-debug --enable-libstdcxx-time=yes --with-default-libstdcxx-abi=new --enable-gnu-unique-object --disable-libitm --disable-libquadmath --disable-libquadmath-support --enable-plugin --enable-default-pie --with-system-zlib --enable-libphobos-checking=release --without-target-system-zlib --enable-multiarch --disable-sjlj-exceptions --with-arch=armv7-a+fp --with-float=hard --with-mode=thumb --disable-werror --enable-checking=release --build=x86_64-linux-gnu --host=x86_64-linux-gnu --target=arm-linux-gnueabihf --program-prefix=arm-linux-gnueabihf- --includedir=/usr/arm-linux-gnueabihf/include --with-build-config=bootstrap-lto-lean --enable-link-serialization=2
Thread model: posix
Supported LTO compression algorithms: zlib zstd
gcc version 11.4.0 (Ubuntu 11.4.0-1ubuntu1~22.04) 
COLLECT_GCC_OPTIONS= '-mfpu=neon-vfpv4' '-mfloat-abi=hard' '-v' '-o' 'CMakeFiles/cmTC_34c87.dir/CMakeCXXCompilerABI.cpp.o' '-c' '-shared-libgcc' '-mtls-dialect=gnu' '-mthumb' '-mlibarch=armv7-a+neon-vfpv4' '-march=armv7-a+neon-vfpv4' '-dumpdir' 'CMakeFiles/cmTC_34c87.dir/'
 /usr/lib/gcc-cross/arm-linux-gnueabihf/11/cc1plus -quiet -v -imultilib . -imultiarch arm-linux-gnueabihf -D_GNU_SOURCE /usr/local/share/cmake-3.17/Modules/CMakeCXXCompilerABI.cpp -quiet -dumpdir CMakeFiles/cmTC_34c87.dir/ -dumpbase CMakeCXXCompilerABI.cpp.cpp -dumpbase-ext .cpp -mfpu=neon-vfpv4 -mfloat-abi=hard -mtls-dialect=gnu -mthumb -mlibarch=armv7-a+neon-vfpv4 -march=armv7-a+neon-vfpv4 -version -fstack-protector-strong -Wformat -Wformat-security -o /tmp/ccBulAVi.s
GNU C++17 (Ubuntu 11.4.0-1ubuntu1~22.04) version 11.4.0 (arm-linux-gnueabihf)
	compiled by GNU C version 11.4.0, GMP version 6.2.1, MPFR version 4.1.0, MPC version 1.2.1, isl version isl-0.24-GMP

GGC heuristics: --param ggc-min-expand=100 --param ggc-min-heapsize=131072
ignoring nonexistent directory "/usr/local/include/arm-linux-gnueabihf"
ignoring nonexistent directory "/usr/lib/gcc-cross/arm-linux-gnueabihf/11/include-fixed"
ignoring nonexistent directory "/usr/include/arm-linux-gnueabihf"
#include "..." search starts here:
#include <...> search starts here:
 /usr/lib/gcc-cross/arm-linux-gnueabihf/11/../../../../arm-linux-gnueabihf/include/c++/11
 /usr/lib/gcc-cross/arm-linux-gnueabihf/11/../../../../arm-linux-gnueabihf/include/c++/11/arm-linux-gnueabihf/.
 /usr/lib/gcc-cross/arm-linux-gnueabihf/11/../../../../arm-linux-gnueabihf/include/c++/11/backward
 /usr/lib/gcc-cross/arm-linux-gnueabihf/11/include
 /usr/lib/gcc-cross/arm-linux-gnueabihf/11/../../../../arm-linux-gnueabihf/include
 /usr/include
End of search list.
GNU C++17 (Ubuntu 11.4.0-1ubuntu1~22.04) version 11.4.0 (arm-linux-gnueabihf)
	compiled by GNU C version 11.4.0, GMP version 6.2.1, MPFR version 4.1.0, MPC version 1.2.1, isl version isl-0.24-GMP

GGC heuristics: --param ggc-min-expand=100 --param ggc-min-heapsize=131072
Compiler executable checksum: f8dab96d7e7b711d866ac6ec96f46fba
COLLECT_GCC_OPTIONS= '-mfpu=neon-vfpv4' '-mfloat-abi=hard' '-v' '-o' 'CMakeFiles/cmTC_34c87.dir/CMakeCXXCompilerABI.cpp.o' '-c' '-shared-libgcc' '-mtls-dialect=gnu' '-mthumb' '-mlibarch=armv7-a+neon-vfpv4' '-march=armv7-a+neon-vfpv4' '-dumpdir' 'CMakeFiles/cmTC_34c87.dir/'
 /usr/lib/gcc-cross/arm-linux-gnueabihf/11/../../../../arm-linux-gnueabihf/bin/as -v -march=armv7-a -mfloat-abi=hard -mfpu=neon-vfpv4 -meabi=5 -o CMakeFiles/cmTC_34c87.dir/CMakeCXXCompilerABI.cpp.o /tmp/ccBulAVi.s
GNU assembler version 2.38 (arm-linux-gnueabihf) using BFD version (GNU Binutils for Ubuntu) 2.38
COMPILER_PATH=/usr/lib/gcc-cross/arm-linux-gnueabihf/11/:/usr/lib/gcc-cross/arm-linux-gnueabihf/11/:/usr/lib/gcc-cross/arm-linux-gnueabihf/:/usr/lib/gcc-cross/arm-linux-gnueabihf/11/:/usr/lib/gcc-cross/arm-linux-gnueabihf/:/usr/lib/gcc-cross/arm-linux-gnueabihf/11/../../../../arm-linux-gnueabihf/bin/
LIBRARY_PATH=/usr/lib/gcc-cross/arm-linux-gnueabihf/11/:/usr/lib/gcc-cross/arm-linux-gnueabihf/11/../../../../arm-linux-gnueabihf/lib/:/lib/arm-linux-gnueabihf/:/lib/:/usr/lib/arm-linux-gnueabihf/:/usr/lib/
COLLECT_GCC_OPTIONS= '-mfpu=neon-vfpv4' '-mfloat-abi=hard' '-v' '-o' 'CMakeFiles/cmTC_34c87.dir/CMakeCXXCompilerABI.cpp.o' '-c' '-shared-libgcc' '-mtls-dialect=gnu' '-mthumb' '-mlibarch=armv7-a+neon-vfpv4' '-march=armv7-a+neon-vfpv4' '-dumpdir' 'CMakeFiles/cmTC_34c87.dir/CMakeCXXCompilerABI.cpp.'
Linking CXX executable cmTC_34c87
/usr/local/bin/cmake -E cmake_link_script CMakeFiles/cmTC_34c87.dir/link.txt --verbose=1
/usr/bin/arm-linux-gnueabihf-g++  -march=armv7-a -mfpu=neon-vfpv4 -mfloat-abi=hard    -v CMakeFiles/cmTC_34c87.dir/CMakeCXXCompilerABI.cpp.o  -o cmTC_34c87 
Using built-in specs.
COLLECT_GCC=/usr/bin/arm-linux-gnueabihf-g++
COLLECT_LTO_WRAPPER=/usr/lib/gcc-cross/arm-linux-gnueabihf/11/lto-wrapper
Target: arm-linux-gnueabihf
Configured with: ../src/configure -v --with-pkgversion='Ubuntu 11.4.0-1ubuntu1~22.04' --with-bugurl=file:///usr/share/doc/gcc-11/README.Bugs --enable-languages=c,ada,c++,go,d,fortran,objc,obj-c++,m2 --prefix=/usr --with-gcc-major-version-only --program-suffix=-11 --enable-shared --enable-linker-build-id --libexecdir=/usr/lib --without-included-gettext --enable-threads=posix --libdir=/usr/lib --enable-nls --with-sysroot=/ --enable-clocale=gnu --enable-libstdcxx-debug --enable-libstdcxx-time=yes --with-default-libstdcxx-abi=new --enable-gnu-unique-object --disable-libitm --disable-libquadmath --disable-libquadmath-support --enable-plugin --enable-default-pie --with-system-zlib --enable-libphobos-checking=release --without-target-system-zlib --enable-multiarch --disable-sjlj-exceptions --with-arch=armv7-a+fp --with-float=hard --with-mode=thumb --disable-werror --enable-checking=release --build=x86_64-linux-gnu --host=x86_64-linux-gnu --target=arm-linux-gnueabihf --program-prefix=arm-linux-gnueabihf- --includedir=/usr/arm-linux-gnueabihf/include --with-build-config=bootstrap-lto-lean --enable-link-serialization=2
Thread model: posix
Supported LTO compression algorithms: zlib zstd
gcc version 11.4.0 (Ubuntu 11.4.0-1ubuntu1~22.04) 
COMPILER_PATH=/usr/lib/gcc-cross/arm-linux-gnueabihf/11/:/usr/lib/gcc-cross/arm-linux-gnueabihf/11/:/usr/lib/gcc-cross/arm-linux-gnueabihf/:/usr/lib/gcc-cross/arm-linux-gnueabihf/11/:/usr/lib/gcc-cross/arm-linux-gnueabihf/:/usr/lib/gcc-cross/arm-linux-gnueabihf/11/../../../../arm-linux-gnueabihf/bin/
LIBRARY_PATH=/usr/lib/gcc-cross/arm-linux-gnueabihf/11/:/usr/lib/gcc-cross/arm-linux-gnueabihf/11/../../../../arm-linux-gnueabihf/lib/:/lib/arm-linux-gnueabihf/:/lib/:/usr/lib/arm-linux-gnueabihf/:/usr/lib/
COLLECT_GCC_OPTIONS= '-mfpu=neon-vfpv4' '-mfloat-abi=hard' '-v' '-o' 'cmTC_34c87' '-shared-libgcc' '-mtls-dialect=gnu' '-mthumb' '-mlibarch=armv7-a+neon-vfpv4' '-march=armv7-a+neon-vfpv4' '-dumpdir' 'cmTC_34c87.'
 /usr/lib/gcc-cross/arm-linux-gnueabihf/11/collect2 -plugin /usr/lib/gcc-cross/arm-linux-gnueabihf/11/liblto_plugin.so -plugin-opt=/usr/lib/gcc-cross/arm-linux-gnueabihf/11/lto-wrapper -plugin-opt=-fresolution=/tmp/ccKzUIn4.res -plugin-opt=-pass-through=-lgcc_s -plugin-opt=-pass-through=-lgcc -plugin-opt=-pass-through=-lc -plugin-opt=-pass-through=-lgcc_s -plugin-opt=-pass-through=-lgcc --sysroot=/ --build-id --eh-frame-hdr -dynamic-linker /lib/ld-linux-armhf.so.3 -X --hash-style=gnu --as-needed -m armelf_linux_eabi -pie -z now -z relro -o cmTC_34c87 /usr/lib/gcc-cross/arm-linux-gnueabihf/11/../../../../arm-linux-gnueabihf/lib/Scrt1.o /usr/lib/gcc-cross/arm-linux-gnueabihf/11/../../../../arm-linux-gnueabihf/lib/crti.o /usr/lib/gcc-cross/arm-linux-gnueabihf/11/crtbeginS.o -L/usr/lib/gcc-cross/arm-linux-gnueabihf/11 -L/usr/lib/gcc-cross/arm-linux-gnueabihf/11/../../../../arm-linux-gnueabihf/lib -L/lib/arm-linux-gnueabihf -L/usr/lib/arm-linux-gnueabihf CMakeFiles/cmTC_34c87.dir/CMakeCXXCompilerABI.cpp.o -lstdc++ -lm -lgcc_s -lgcc -lc -lgcc_s -lgcc /usr/lib/gcc-cross/arm-linux-gnueabihf/11/crtendS.o /usr/lib/gcc-cross/arm-linux-gnueabihf/11/../../../../arm-linux-gnueabihf/lib/crtn.o
COLLECT_GCC_OPTIONS= '-mfpu=neon-vfpv4' '-mfloat-abi=hard' '-v' '-o' 'cmTC_34c87' '-shared-libgcc' '-mtls-dialect=gnu' '-mthumb' '-mlibarch=armv7-a+neon-vfpv4' '-march=armv7-a+neon-vfpv4' '-dumpdir' 'cmTC_34c87.'
gmake[1]: Leaving directory '/home/jssuengl/Desktop/test/edgetpu-detection-camera/build-armv7/CMakeFiles/CMakeTmp'



Parsed CXX implicit include dir info from above output: rv=done
  found start of include info
  found start of implicit include info
    add: [/usr/lib/gcc-cross/arm-linux-gnueabihf/11/../../../../arm-linux-gnueabihf/include/c++/11]
    add: [/usr/lib/gcc-cross/arm-linux-gnueabihf/11/../../../../arm-linux-gnueabihf/include/c++/11/arm-linux-gnueabihf/.]
    add: [/usr/lib/gcc-cross/arm-linux-gnueabihf/11/../../../../arm-linux-gnueabihf/include/c++/11/backward]
    add: [/usr/lib/gcc-cross/arm-linux-gnueabihf/11/include]
    add: [/usr/lib/gcc-cross/arm-linux-gnueabihf/11/../../../../arm-linux-gnueabihf/include]
    add: [/usr/include]
  end of search list found
  collapse include dir [/usr/lib/gcc-cross/arm-linux-gnueabihf/11/../../../../arm-linux-gnueabihf/include/c++/11] ==> [/usr/arm-linux-gnueabihf/include/c++/11]
  collapse include dir [/usr/lib/gcc-cross/arm-linux-gnueabihf/11/../../../../arm-linux-gnueabihf/include/c++/11/arm-linux-gnueabihf/.] ==> [/usr/arm-linux-gnueabihf/include/c++/11/arm-linux-gnueabihf]
  collapse include dir [/usr/lib/gcc-cross/arm-linux-gnueabihf/11/../../../../arm-linux-gnueabihf/include/c++/11/backward] ==> [/usr/arm-linux-gnueabihf/include/c++/11/backward]
  collapse include dir [/usr/lib/gcc-cross/arm-linux-gnueabihf/11/include] ==> [/usr/lib/gcc-cross/arm-linux-gnueabihf/11/include]
  collapse include dir [/usr/lib/gcc-cross/arm-linux-gnueabihf/11/../../../../arm-linux-gnueabihf/include] ==> [/usr/arm-linux-gnueabihf/include]
  collapse include dir [/usr/include] ==> [/usr/include]
  implicit include dirs: [/usr/arm-linux-gnueabihf/include/c++/11;/usr/arm-linux-gnueabihf/include/c++/11/arm-linux-gnueabihf;/usr/arm-linux-gnueabihf/include/c++/11/backward;/usr/lib/gcc-cross/arm-linux-gnueabihf/11/include;/usr/arm-linux-gnueabihf/include;/usr/include]


Parsed CXX implicit link information from above output:
  link line regex: [^( *|.*[/\])(arm-linux-gnueabihf-ld|CMAKE_LINK_STARTFILE-NOTFOUND|([^/\]+-)?ld|collect2)[^/\]*( |$)]
  ignore line: [Change Dir: /home/jssuengl/Desktop/test/edgetpu-detection-camera/build-armv7/CMakeFiles/CMakeTmp]
  ignore line: []
  ignore line: [Run Build Command(s):/usr/bin/gmake cmTC_34c87/fast && /usr/bin/gmake -f CMakeFiles/cmTC_34c87.dir/build.make CMakeFiles/cmTC_34c87.dir/build]
  ignore line: [gmake[1]: Entering directory '/home/jssuengl/Desktop/test/edgetpu-detection-camera/build-armv7/CMakeFiles/CMakeTmp']
  ignore line: [Building CXX object CMakeFiles/cmTC_34c87.dir/CMakeCXXCompilerABI.cpp.o]
  ignore line: [/usr/bin/arm-linux-gnueabihf-g++    -march=armv7-a -mfpu=neon-vfpv4 -mfloat-abi=hard    -v -o CMakeFiles/cmTC_34c87.dir/CMakeCXXCompilerABI.cpp.o -c /usr/local/share/cmake-3.17/Modules/CMakeCXXCompilerABI.cpp]
  ignore line: [Using built-in specs.]
  ignore line: [COLLECT_GCC=/usr/bin/arm-linux-gnueabihf-g++]
  ignore line: [Target: arm-linux-gnueabihf]
  ignore line: [Configured with: ../src/configure -v --with-pkgversion='Ubuntu 11.4.0-1ubuntu1~22.04' --with-bugurl=file:///usr/share/doc/gcc-11/README.Bugs --enable-languages=c ada c++ go d fortran objc obj-c++ m2 --prefix=/usr --with-gcc-major-version-only --program-suffix=-11 --enable-shared --enable-linker-build-id --libexecdir=/usr/lib --without-included-gettext --enable-threads=posix --libdir=/usr/lib --enable-nls --with-sysroot=/ --enable-clocale=gnu --enable-libstdcxx-debug --enable-libstdcxx-time=yes --with-default-libstdcxx-abi=new --enable-gnu-unique-object --disable-libitm --disable-libquadmath --disable-libquadmath-support --enable-plugin --enable-default-pie --with-system-zlib --enable-libphobos-checking=release --without-target-system-zlib --enable-multiarch --disable-sjlj-exceptions --with-arch=armv7-a+fp --with-float=hard --with-mode=thumb --disable-werror --enable-checking=release --build=x86_64-linux-gnu --host=x86_64-linux-gnu --target=arm-linux-gnueabihf --program-prefix=arm-linux-gnueabihf- --includedir=/usr/arm-linux-gnueabihf/include --with-build-config=bootstrap-lto-lean --enable-link-serialization=2]
  ignore line: [Thread model: posix]
  ignore line: [Supported LTO compression algorithms: zlib zstd]
  ignore line: [gcc version 11.4.0 (Ubuntu 11.4.0-1ubuntu1~22.04) ]
  ignore line: [COLLECT_GCC_OPTIONS= '-mfpu=neon-vfpv4' '-mfloat-abi=hard' '-v' '-o' 'CMakeFiles/cmTC_34c87.dir/CMakeCXXCompilerABI.cpp.o' '-c' '-shared-libgcc' '-mtls-dialect=gnu' '-mthumb' '-mlibarch=armv7-a+neon-vfpv4' '-march=armv7-a+neon-vfpv4' '-dumpdir' 'CMakeFiles/cmTC_34c87.dir/']
  ignore line: [ /usr/lib/gcc-cross/arm-linux-gnueabihf/11/cc1plus -quiet -v -imultilib . -imultiarch arm-linux-gnueabihf -D_GNU_SOURCE /usr/local/share/cmake-3.17/Modules/CMakeCXXCompilerABI.cpp -quiet -dumpdir CMakeFiles/cmTC_34c87.dir/ -dumpbase CMakeCXXCompilerABI.cpp.cpp -dumpbase-ext .cpp -mfpu=neon-vfpv4 -mfloat-abi=hard -mtls-dialect=gnu -mthumb -mlibarch=armv7-a+neon-vfpv4 -march=armv7-a+neon-vfpv4 -version -fstack-protector-strong -Wformat -Wformat-security -o /tmp/ccBulAVi.s]
  ignore line: [GNU C++17 (Ubuntu 11.4.0-1ubuntu1~22.04) version 11.4.0 (arm-linux-gnueabihf)]
  ignore line: [	compiled by GNU C version 11.4.0  GMP version 6.2.1  MPFR version 4.1.0  MPC version 1.2.1  isl version isl-0.24-GMP]
  ignore line: []
  ignore line: [GGC heuristics: --param ggc-min-expand=100 --param ggc-min-heapsize=131072]
  ignore line: [ignoring nonexistent directory "/usr/local/include/arm-linux-gnueabihf"]
  ignore line: [ignoring nonexistent directory "/usr/lib/gcc-cross/arm-linux-gnueabihf/11/include-fixed"]
  ignore line: [ignoring nonexistent directory "/usr/include/arm-linux-gnueabihf"]
  ignore line: [#include "..." search starts here:]
  ignore line: [#include <...> search starts here:]
  ignore line: [ /usr/lib/gcc-cross/arm-linux-gnueabihf/11/../../../../arm-linux-gnueabihf/include/c++/11]
  ignore line: [ /usr/lib/gcc-cross/arm-linux-gnueabihf/11/../../../../arm-linux-gnueabihf/include/c++/11/arm-linux-gnueabihf/.]
  ignore line: [ /usr/lib/gcc-cross/arm-linux-gnueabihf/11/../../../../arm-linux-gnueabihf/include/c++/11/backward]
  ignore line: [ /usr/lib/gcc-cross/arm-linux-gnueabihf/11/include]
  ignore line: [ /usr/lib/gcc-cross/arm-linux-gnueabihf/11/../../../../arm-linux-gnueabihf/include]
  ignore line: [ /usr/include]
  ignore line: [End of search list.]
  ignore line: [GNU C++17 (Ubuntu 11.4.0-1ubuntu1~22.04) version 11.4.0 (arm-linux-gnueabihf)]
  ignore line: [	compiled by GNU C version 11.4.0  GMP version 6.2.1  MPFR version 4.1.0  MPC version 1.2.1  isl version isl-0.24-GMP]
  ignore line: []
  ignore line: [GGC heuristics: --param ggc-min-expand=100 --param ggc-min-heapsize=131072]
  ignore line: [Compiler executable checksum: f8dab96d7e7b711d866ac6ec96f46fba]
  ignore line: [COLLECT_GCC_OPTIONS= '-mfpu=neon-vfpv4' '-mfloat-abi=hard' '-v' '-o' 'CMakeFiles/cmTC_34c87.dir/CMakeCXXCompilerABI.cpp.o' '-c' '-shared-libgcc' '-mtls-dialect=gnu' '-mthumb' '-mlibarch=armv7-a+neon-vfpv4' '-march=armv7-a+neon-vfpv4' '-dumpdir' 'CMakeFiles/cmTC_34c87.dir/']
  ignore line: [ /usr/lib/gcc-cross/arm-linux-gnueabihf/11/../../../../arm-linux-gnueabihf/bin/as -v -march=armv7-a -mfloat-abi=hard -mfpu=neon-vfpv4 -meabi=5 -o CMakeFiles/cmTC_34c87.dir/CMakeCXXCompilerABI.cpp.o /tmp/ccBulAVi.s]
  ignore line: [GNU assembler version 2.38 (arm-linux-gnueabihf) using BFD version (GNU Binutils for Ubuntu) 2.38]
  ignore line: [COMPILER_PATH=/usr/lib/gcc-cross/arm-linux-gnueabihf/11/:/usr/lib/gcc-cross/arm-linux-gnueabihf/11/:/usr/lib/gcc-cross/arm-linux-gnueabihf/:/usr/lib/gcc-cross/arm-linux-gnueabihf/11/:/usr/lib/gcc-cross/arm-linux-gnueabihf/:/usr/lib/gcc-cross/arm-linux-gnueabihf/11/../../../../arm-linux-gnueabihf/bin/]
  ignore line: [LIBRARY_PATH=/usr/lib/gcc-cross/arm-linux-gnueabihf/11/:/usr/lib/gcc-cross/arm-linux-gnueabihf/11/../../../../arm-linux-gnueabihf/lib/:/lib/arm-linux-gnueabihf/:/lib/:/usr/lib/arm-linux-gnueabihf/:/usr/lib/]
  ignore line: [COLLECT_GCC_OPTIONS= '-mfpu=neon-vfpv4' '-mfloat-abi=hard' '-v' '-o' 'CMakeFiles/cmTC_34c87.dir/CMakeCXXCompilerABI.cpp.o' '-c' '-shared-libgcc' '-mtls-dialect=gnu' '-mthumb' '-mlibarch=armv7-a+neon-vfpv4' '-march=armv7-a+neon-vfpv4' '-dumpdir' 'CMakeFiles/cmTC_34c87.dir/CMakeCXXCompilerABI.cpp.']
  ignore line: [Linking CXX executable cmTC_34c87]
  ignore line: [/usr/local/bin/cmake -E cmake_link_script CMakeFiles/cmTC_34c87.dir/link.txt --verbose=1]
  ignore line: [/usr/bin/arm-linux-gnueabihf-g++  -march=armv7-a -mfpu=neon-vfpv4 -mfloat-abi=hard    -v CMakeFiles/cmTC_34c87.dir/CMakeCXXCompilerABI.cpp.o  -o cmTC_34c87 ]
  ignore line: [Using built-in specs.]
  ignore line: [COLLECT_GCC=/usr/bin/arm-linux-gnueabihf-g++]
  ignore line: [COLLECT_LTO_WRAPPER=/usr/lib/gcc-cross/arm-linux-gnueabihf/11/lto-wrapper]
  ignore line: [Target: arm-linux-gnueabihf]
  ignore line: [Configured with: ../src/configure -v --with-pkgversion='Ubuntu 11.4.0-1ubuntu1~22.04' --with-bugurl=file:///usr/share/doc/gcc-11/README.Bugs --enable-languages=c ada c++ go d fortran objc obj-c++ m2 --prefix=/usr --with-gcc-major-version-only --program-suffix=-11 --enable-shared --enable-linker-build-id --libexecdir=/usr/lib --without-included-gettext --enable-threads=posix --libdir=/usr/lib --enable-nls --with-sysroot=/ --enable-clocale=gnu --enable-libstdcxx-debug --enable-libstdcxx-time=yes --with-default-libstdcxx-abi=new --enable-gnu-unique-object --disable-libitm --disable-libquadmath --disable-libquadmath-support --enable-plugin --enable-default-pie --with-system-zlib --enable-libphobos-checking=release --without-target-system-zlib --enable-multiarch --disable-sjlj-exceptions --with-arch=armv7-a+fp --with-float=hard --with-mode=thumb --disable-werror --enable-checking=release --build=x86_64-linux-gnu --host=x86_64-linux-gnu --target=arm-linux-gnueabihf --program-prefix=arm-linux-gnueabihf- --includedir=/usr/arm-linux-gnueabihf/include --with-build-config=bootstrap-lto-lean --enable-link-serialization=2]
  ignore line: [Thread model: posix]
  ignore line: [Supported LTO compression algorithms: zlib zstd]
  ignore line: [gcc version 11.4.0 (Ubuntu 11.4.0-1ubuntu1~22.04) ]
  ignore line: [COMPILER_PATH=/usr/lib/gcc-cross/arm-linux-gnueabihf/11/:/usr/lib/gcc-cross/arm-linux-gnueabihf/11/:/usr/lib/gcc-cross/arm-linux-gnueabihf/:/usr/lib/gcc-cross/arm-linux-gnueabihf/11/:/usr/lib/gcc-cross/arm-linux-gnueabihf/:/usr/lib/gcc-cross/arm-linux-gnueabihf/11/../../../../arm-linux-gnueabihf/bin/]
  ignore line: [LIBRARY_PATH=/usr/lib/gcc-cross/arm-linux-gnueabihf/11/:/usr/lib/gcc-cross/arm-linux-gnueabihf/11/../../../../arm-linux-gnueabihf/lib/:/lib/arm-linux-gnueabihf/:/lib/:/usr/lib/arm-linux-gnueabihf/:/usr/lib/]
  ignore line: [COLLECT_GCC_OPTIONS= '-mfpu=neon-vfpv4' '-mfloat-abi=hard' '-v' '-o' 'cmTC_34c87' '-shared-libgcc' '-mtls-dialect=gnu' '-mthumb' '-mlibarch=armv7-a+neon-vfpv4' '-march=armv7-a+neon-vfpv4' '-dumpdir' 'cmTC_34c87.']
  link line: [ /usr/lib/gcc-cross/arm-linux-gnueabihf/11/collect2 -plugin /usr/lib/gcc-cross/arm-linux-gnueabihf/11/liblto_plugin.so -plugin-opt=/usr/lib/gcc-cross/arm-linux-gnueabihf/11/lto-wrapper -plugin-opt=-fresolution=/tmp/ccKzUIn4.res -plugin-opt=-pass-through=-lgcc_s -plugin-opt=-pass-through=-lgcc -plugin-opt=-pass-through=-lc -plugin-opt=-pass-through=-lgcc_s -plugin-opt=-pass-through=-lgcc --sysroot=/ --build-id --eh-frame-hdr -dynamic-linker /lib/ld-linux-armhf.so.3 -X --hash-style=gnu --as-needed -m armelf_linux_eabi -pie -z now -z relro -o cmTC_34c87 /usr/lib/gcc-cross/arm-linux-gnueabihf/11/../../../../arm-linux-gnueabihf/lib/Scrt1.o /usr/lib/gcc-cross/arm-linux-gnueabihf/11/../../../../arm-linux-gnueabihf/lib/crti.o /usr/lib/gcc-cross/arm-linux-gnueabihf/11/crtbeginS.o -L/usr/lib/gcc-cross/arm-linux-gnueabihf/11 -L/usr/lib/gcc-cross/arm-linux-gnueabihf/11/../../../../arm-linux-gnueabihf/lib -L/lib/arm-linux-gnueabihf -L/usr/lib/arm-linux-gnueabihf CMakeFiles/cmTC_34c87.dir/CMakeCXXCompilerABI.cpp.o -lstdc++ -lm -lgcc_s -lgcc -lc -lgcc_s -lgcc /usr/lib/gcc-cross/arm-linux-gnueabihf/11/crtendS.o /usr/lib/gcc-cross/arm-linux-gnueabihf/11/../../../../arm-linux-gnueabihf/lib/crtn.o]
    arg [/usr/lib/gcc-cross/arm-linux-gnueabihf/11/collect2] ==> ignore
    arg [-plugin] ==> ignore
    arg [/usr/lib/gcc-cross/arm-linux-gnueabihf/11/liblto_plugin.so] ==> ignore
    arg [-plugin-opt=/usr/lib/gcc-cross/arm-linux-gnueabihf/11/lto-wrapper] ==> ignore
    arg [-plugin-opt=-fresolution=/tmp/ccKzUIn4.res] ==> ignore
    arg [-plugin-opt=-pass-through=-lgcc_s] ==> ignore
    arg [-plugin-opt=-pass-through=-lgcc] ==> ignore
    arg [-plugin-opt=-pass-through=-lc] ==> ignore
    arg [-plugin-opt=-pass-through=-lgcc_s] ==> ignore
    arg [-plugin-opt=-pass-through=-lgcc] ==> ignore
    arg [--sysroot=/] ==> ignore
    arg [--build-id] ==> ignore
    arg [--eh-frame-hdr] ==> ignore
    arg [-dynamic-linker] ==> ignore
    arg [/lib/ld-linux-armhf.so.3] ==> ignore
    arg [-X] ==> ignore
    arg [--hash-style=gnu] ==> ignore
    arg [--as-needed] ==> ignore
    arg [-m] ==> ignore
    arg [armelf_linux_eabi] ==> ignore
    arg [-pie] ==> ignore
    arg [-znow] ==> ignore
    arg [-zrelro] ==> ignore
    arg [-o] ==> ignore
    arg [cmTC_34c87] ==> ignore
    arg [/usr/lib/gcc-cross/arm-linux-gnueabihf/11/../../../../arm-linux-gnueabihf/lib/Scrt1.o] ==> ignore
    arg [/usr/lib/gcc-cross/arm-linux-gnueabihf/11/../../../../arm-linux-gnueabihf/lib/crti.o] ==> ignore
    arg [/usr/lib/gcc-cross/arm-linux-gnueabihf/11/crtbeginS.o] ==> ignore
    arg [-L/usr/lib/gcc-cross/arm-linux-gnueabihf/11] ==> dir [/usr/lib/gcc-cross/arm-linux-gnueabihf/11]
    arg [-L/usr/lib/gcc-cross/arm-linux-gnueabihf/11/../../../../arm-linux-gnueabihf/lib] ==> dir [/usr/lib/gcc-cross/arm-linux-gnueabihf/11/../../../../arm-linux-gnueabihf/lib]
    arg [-L/lib/arm-linux-gnueabihf] ==> dir [/lib/arm-linux-gnueabihf]
    arg [-L/usr/lib/arm-linux-gnueabihf] ==> dir [/usr/lib/arm-linux-gnueabihf]
    arg [CMakeFiles/cmTC_34c87.dir/CMakeCXXCompilerABI.cpp.o] ==> ignore
    arg [-lstdc++] ==> lib [stdc++]
    arg [-lm] ==> lib [m]
    arg [-lgcc_s] ==> lib [gcc_s]
    arg [-lgcc] ==> lib [gcc]
    arg [-lc] ==> lib [c]
    arg [-lgcc_s] ==> lib [gcc_s]
    arg [-lgcc] ==> lib [gcc]
    arg [/usr/lib/gcc-cross/arm-linux-gnueabihf/11/crtendS.o] ==> ignore
    arg [/usr/lib/gcc-cross/arm-linux-gnueabihf/11/../../../../arm-linux-gnueabihf/lib/crtn.o] ==> ignore
  collapse library dir [/usr/lib/gcc-cross/arm-linux-gnueabihf/11] ==> [/usr/lib/gcc-cross/arm-linux-gnueabihf/11]
  collapse library dir [/usr/lib/gcc-cross/arm-linux-gnueabihf/11/../../../../arm-linux-gnueabihf/lib] ==> [/usr/arm-linux-gnueabihf/lib]
  collapse library dir [/lib/arm-linux-gnueabihf] ==> [/lib/arm-linux-gnueabihf]
  collapse library dir [/usr/lib/arm-linux-gnueabihf] ==> [/usr/lib/arm-linux-gnueabihf]
  implicit libs: [stdc++;m;gcc_s;gcc;c;gcc_s;gcc]
  implicit dirs: [/usr/lib/gcc-cross/arm-linux-gnueabihf/11;/usr/arm-linux-gnueabihf/lib;/lib/arm-linux-gnueabihf;/usr/lib/arm-linux-gnueabihf]
  implicit fwks: []


