The target system is: Linux -  - cortexa9t2hf-neon-xilinx
The host system is: Linux - 5.15.0-139-generic - x86_64
Compiling the C compiler identification source file "CMakeCCompilerId.c" succeeded.
Compiler: /opt/petalinux/2022.1/sysroots/x86_64-petalinux-linux/usr/bin/arm-xilinx-linux-gnueabi/arm-xilinx-linux-gnueabi-gcc -mthumb;-mfpu=neon;-mfloat-abi=hard;-mcpu=cortex-a9;-fstack-protector-strong;-O2;-D_FORTIFY_SOURCE=2;-Wformat;-Wformat-security;-Werror=format-security;--sysroot=/opt/petalinux/2022.1/sysroots/cortexa9t2hf-neon-xilinx-linux-gnueabi
Build flags: ;-O2;-pipe;-g;-feliminate-unused-debug-types;
Id flags:  

The output was:
0


Compilation of the C compiler identification source "CMakeCCompilerId.c" produced "a.out"

The C compiler identification is GNU, found in "/mnt/hgfs/share/icd_final_pheonix-HD/build/CMakeFiles/3.21.1/CompilerIdC/a.out"

Compiling the CXX compiler identification source file "CMakeCXXCompilerId.cpp" succeeded.
Compiler: /opt/petalinux/2022.1/sysroots/x86_64-petalinux-linux/usr/bin/arm-xilinx-linux-gnueabi/arm-xilinx-linux-gnueabi-g++ -mthumb;-mfpu=neon;-mfloat-abi=hard;-mcpu=cortex-a9;-fstack-protector-strong;-O2;-D_FORTIFY_SOURCE=2;-Wformat;-Wformat-security;-Werror=format-security;--sysroot=/opt/petalinux/2022.1/sysroots/cortexa9t2hf-neon-xilinx-linux-gnueabi
Build flags: ;-O2;-pipe;-g;-feliminate-unused-debug-types;
Id flags:  

The output was:
0


Compilation of the CXX compiler identification source "CMakeCXXCompilerId.cpp" produced "a.out"

The CXX compiler identification is GNU, found in "/mnt/hgfs/share/icd_final_pheonix-HD/build/CMakeFiles/3.21.1/CompilerIdCXX/a.out"

Detecting C compiler ABI info compiled with the following output:
Change Dir: /mnt/hgfs/share/icd_final_pheonix-HD/build/CMakeFiles/CMakeTmp

Run Build Command(s):/usr/bin/make -f Makefile cmTC_5fd58/fast && /usr/bin/make  -f CMakeFiles/cmTC_5fd58.dir/build.make CMakeFiles/cmTC_5fd58.dir/build
make[1]: Entering directory '/mnt/hgfs/share/icd_final_pheonix-HD/build/CMakeFiles/CMakeTmp'
Building C object CMakeFiles/cmTC_5fd58.dir/CMakeCCompilerABI.c.o
/opt/petalinux/2022.1/sysroots/x86_64-petalinux-linux/usr/bin/arm-xilinx-linux-gnueabi/arm-xilinx-linux-gnueabi-gcc   -mthumb -mfpu=neon -mfloat-abi=hard -mcpu=cortex-a9 -fstack-protector-strong  -O2 -D_FORTIFY_SOURCE=2 -Wformat -Wformat-security -Werror=format-security --sysroot=/opt/petalinux/2022.1/sysroots/cortexa9t2hf-neon-xilinx-linux-gnueabi --sysroot=/opt/petalinux/2022.1/sysroots/cortexa9t2hf-neon-xilinx-linux-gnueabi   -O2 -pipe -g -feliminate-unused-debug-types     -v -o CMakeFiles/cmTC_5fd58.dir/CMakeCCompilerABI.c.o -c /opt/petalinux/2022.1/sysroots/x86_64-petalinux-linux/usr/share/cmake-3.21/Modules/CMakeCCompilerABI.c
Using built-in specs.
COLLECT_GCC=/opt/petalinux/2022.1/sysroots/x86_64-petalinux-linux/usr/bin/arm-xilinx-linux-gnueabi/arm-xilinx-linux-gnueabi-gcc
Target: arm-xilinx-linux-gnueabi
Configured with: ../../../../../../work-shared/gcc-11.2.0-r0/gcc-11.2.0/configure --build=x86_64-linux --host=x86_64-petalinux-linux --target=arm-xilinx-linux-gnueabi --prefix=/usr/local/oe-sdk-hardcoded-buildpath/sysroots/x86_64-petalinux-linux/usr --exec_prefix=/usr/local/oe-sdk-hardcoded-buildpath/sysroots/x86_64-petalinux-linux/usr --bindir=/usr/local/oe-sdk-hardcoded-buildpath/sysroots/x86_64-petalinux-linux/usr/bin/arm-xilinx-linux-gnueabi --sbindir=/usr/local/oe-sdk-hardcoded-buildpath/sysroots/x86_64-petalinux-linux/usr/bin/arm-xilinx-linux-gnueabi --libexecdir=/usr/local/oe-sdk-hardcoded-buildpath/sysroots/x86_64-petalinux-linux/usr/libexec/arm-xilinx-linux-gnueabi --datadir=/usr/local/oe-sdk-hardcoded-buildpath/sysroots/x86_64-petalinux-linux/usr/share --sysconfdir=/usr/local/oe-sdk-hardcoded-buildpath/sysroots/x86_64-petalinux-linux/etc --sharedstatedir=/usr/local/oe-sdk-hardcoded-buildpath/sysroots/x86_64-petalinux-linux/com --localstatedir=/usr/local/oe-sdk-hardcoded-buildpath/sysroots/x86_64-petalinux-linux/var --libdir=/usr/local/oe-sdk-hardcoded-buildpath/sysroots/x86_64-petalinux-linux/usr/lib/arm-xilinx-linux-gnueabi --includedir=/usr/local/oe-sdk-hardcoded-buildpath/sysroots/x86_64-petalinux-linux/usr/include --oldincludedir=/usr/local/oe-sdk-hardcoded-buildpath/sysroots/x86_64-petalinux-linux/usr/include --infodir=/usr/local/oe-sdk-hardcoded-buildpath/sysroots/x86_64-petalinux-linux/usr/share/info --mandir=/usr/local/oe-sdk-hardcoded-buildpath/sysroots/x86_64-petalinux-linux/usr/share/man --disable-silent-rules --disable-dependency-tracking --with-libtool-sysroot=/workspace/bsp/peta_prj/build/tmp/work/x86_64-nativesdk-petalinux-linux/gcc-cross-canadian-arm/11.2.0-r0/recipe-sysroot --with-gnu-ld --enable-shared --enable-languages=c,c++ --enable-threads=posix --enable-multilib --enable-default-pie --enable-c99 --enable-long-long --enable-symvers=gnu --enable-libstdcxx-pch --program-prefix=arm-xilinx-linux-gnueabi- --without-local-prefix --disable-install-libiberty --disable-libssp --enable-libitm --enable-lto --disable-bootstrap --with-system-zlib --with-linker-hash-style=gnu --enable-linker-build-id --with-ppl=no --with-cloog=no --enable-checking=release --enable-cheaders=c_global --without-isl --with-gxx-include-dir=/not/exist/usr/include/c++/11.2.0 --with-build-time-tools=/workspace/bsp/peta_prj/build/tmp/work/x86_64-nativesdk-petalinux-linux/gcc-cross-canadian-arm/11.2.0-r0/recipe-sysroot-native/usr/arm-xilinx-linux-gnueabi/bin --with-sysroot=/not/exist --with-build-sysroot=/workspace/bsp/peta_prj/build/tmp/work/x86_64-nativesdk-petalinux-linux/gcc-cross-canadian-arm/11.2.0-r0/recipe-sysroot --enable-standard-branch-protection --enable-poison-system-directories --disable-static --enable-nls --with-glibc-version=2.28 --enable-initfini-array
Thread model: posix
Supported LTO compression algorithms: zlib zstd
gcc version 11.2.0 (GCC) 
COLLECT_GCC_OPTIONS='--sysroot=/opt/petalinux/2022.1/sysroots/cortexa9t2hf-neon-xilinx-linux-gnueabi' '-mthumb' '-mfpu=neon' '-mfloat-abi=hard' '-mcpu=cortex-a9' '-fstack-protector-strong' '-O2' '-D' '_FORTIFY_SOURCE=2' '-Wformat=1' '-Wformat-security' '-Werror=format-security' '-O2' '-pipe' '-g' '-feliminate-unused-debug-types' '-v' '-o' 'CMakeFiles/cmTC_5fd58.dir/CMakeCCompilerABI.c.o' '-c' '-mtls-dialect=gnu' '-mlibarch=armv7-a+mp+sec+simd' '-march=armv7-a+mp+sec+simd' '-dumpdir' 'CMakeFiles/cmTC_5fd58.dir/'
 /opt/petalinux/2022.1/sysroots/x86_64-petalinux-linux/usr/libexec/arm-xilinx-linux-gnueabi/gcc/arm-xilinx-linux-gnueabi/11.2.0/cc1 -quiet -v -isysroot /opt/petalinux/2022.1/sysroots/cortexa9t2hf-neon-xilinx-linux-gnueabi -D _FORTIFY_SOURCE=2 /opt/petalinux/2022.1/sysroots/x86_64-petalinux-linux/usr/share/cmake-3.21/Modules/CMakeCCompilerABI.c -quiet -dumpdir CMakeFiles/cmTC_5fd58.dir/ -dumpbase CMakeCCompilerABI.c.c -dumpbase-ext .c -mthumb -mfpu=neon -mfloat-abi=hard -mcpu=cortex-a9 -mtls-dialect=gnu -mlibarch=armv7-a+mp+sec+simd -march=armv7-a+mp+sec+simd -g -O2 -O2 -Wformat=1 -Wformat-security -Werror=format-security -version -fstack-protector-strong -feliminate-unused-debug-types -o - |
 /opt/petalinux/2022.1/sysroots/x86_64-petalinux-linux/usr/libexec/arm-xilinx-linux-gnueabi/gcc/arm-xilinx-linux-gnueabi/11.2.0/as -v -march=armv7-a+mp+sec -mfloat-abi=hard -mfpu=neon -meabi=5 -o CMakeFiles/cmTC_5fd58.dir/CMakeCCompilerABI.c.o
GNU assembler version 2.37 (arm-xilinx-linux-gnueabi) using BFD version (GNU Binutils) 2.37.20210721
GNU C17 (GCC) version 11.2.0 (arm-xilinx-linux-gnueabi)
	compiled by GNU C version 11.2.0, GMP version 6.2.1, MPFR version 4.1.0, MPC version 1.2.1, isl version none
GGC heuristics: --param ggc-min-expand=100 --param ggc-min-heapsize=131072
ignoring nonexistent directory "/opt/petalinux/2022.1/sysroots/cortexa9t2hf-neon-xilinx-linux-gnueabi/usr/lib/arm-xilinx-linux-gnueabi/11.2.0/include"
ignoring nonexistent directory "/opt/petalinux/2022.1/sysroots/cortexa9t2hf-neon-xilinx-linux-gnueabi/usr/local/include"
ignoring nonexistent directory "/opt/petalinux/2022.1/sysroots/x86_64-petalinux-linux/usr/lib/arm-xilinx-linux-gnueabi/gcc/arm-xilinx-linux-gnueabi/11.2.0/../../../../../arm-xilinx-linux-gnueabi/include"
#include "..." search starts here:
#include <...> search starts here:
 /opt/petalinux/2022.1/sysroots/x86_64-petalinux-linux/usr/lib/arm-xilinx-linux-gnueabi/gcc/arm-xilinx-linux-gnueabi/11.2.0/include
 /opt/petalinux/2022.1/sysroots/x86_64-petalinux-linux/usr/lib/arm-xilinx-linux-gnueabi/gcc/arm-xilinx-linux-gnueabi/11.2.0/include-fixed
 /opt/petalinux/2022.1/sysroots/cortexa9t2hf-neon-xilinx-linux-gnueabi/usr/include/
End of search list.
GNU C17 (GCC) version 11.2.0 (arm-xilinx-linux-gnueabi)
	compiled by GNU C version 11.2.0, GMP version 6.2.1, MPFR version 4.1.0, MPC version 1.2.1, isl version none
GGC heuristics: --param ggc-min-expand=100 --param ggc-min-heapsize=131072
Compiler executable checksum: df9c337a1f725a8298be8dbee2476177
COMPILER_PATH=/opt/petalinux/2022.1/sysroots/x86_64-petalinux-linux/usr/libexec/arm-xilinx-linux-gnueabi/gcc/arm-xilinx-linux-gnueabi/11.2.0/:/opt/petalinux/2022.1/sysroots/x86_64-petalinux-linux/usr/libexec/arm-xilinx-linux-gnueabi/gcc/arm-xilinx-linux-gnueabi/11.2.0/:/opt/petalinux/2022.1/sysroots/x86_64-petalinux-linux/usr/libexec/arm-xilinx-linux-gnueabi/gcc/arm-xilinx-linux-gnueabi/:/opt/petalinux/2022.1/sysroots/x86_64-petalinux-linux/usr/lib/arm-xilinx-linux-gnueabi/gcc/arm-xilinx-linux-gnueabi/11.2.0/:/opt/petalinux/2022.1/sysroots/x86_64-petalinux-linux/usr/lib/arm-xilinx-linux-gnueabi/gcc/arm-xilinx-linux-gnueabi/
LIBRARY_PATH=/opt/petalinux/2022.1/sysroots/x86_64-petalinux-linux/usr/lib/arm-xilinx-linux-gnueabi/gcc/arm-xilinx-linux-gnueabi/11.2.0/:/opt/petalinux/2022.1/sysroots/cortexa9t2hf-neon-xilinx-linux-gnueabi/lib/:/opt/petalinux/2022.1/sysroots/cortexa9t2hf-neon-xilinx-linux-gnueabi/usr/lib/arm-xilinx-linux-gnueabi/11.2.0/:/opt/petalinux/2022.1/sysroots/cortexa9t2hf-neon-xilinx-linux-gnueabi/usr/lib/
COLLECT_GCC_OPTIONS='--sysroot=/opt/petalinux/2022.1/sysroots/cortexa9t2hf-neon-xilinx-linux-gnueabi' '-mthumb' '-mfpu=neon' '-mfloat-abi=hard' '-mcpu=cortex-a9' '-fstack-protector-strong' '-O2' '-D' '_FORTIFY_SOURCE=2' '-Wformat=1' '-Wformat-security' '-Werror=format-security' '-O2' '-pipe' '-g' '-feliminate-unused-debug-types' '-v' '-o' 'CMakeFiles/cmTC_5fd58.dir/CMakeCCompilerABI.c.o' '-c' '-mtls-dialect=gnu' '-mlibarch=armv7-a+mp+sec+simd' '-march=armv7-a+mp+sec+simd' '-dumpdir' 'CMakeFiles/cmTC_5fd58.dir/CMakeCCompilerABI.c.'
Linking C executable cmTC_5fd58
/opt/petalinux/2022.1/sysroots/x86_64-petalinux-linux/usr/bin/cmake -E cmake_link_script CMakeFiles/cmTC_5fd58.dir/link.txt --verbose=1
/opt/petalinux/2022.1/sysroots/x86_64-petalinux-linux/usr/bin/arm-xilinx-linux-gnueabi/arm-xilinx-linux-gnueabi-gcc   -mthumb -mfpu=neon -mfloat-abi=hard -mcpu=cortex-a9 -fstack-protector-strong  -O2 -D_FORTIFY_SOURCE=2 -Wformat -Wformat-security -Werror=format-security --sysroot=/opt/petalinux/2022.1/sysroots/cortexa9t2hf-neon-xilinx-linux-gnueabi --sysroot=/opt/petalinux/2022.1/sysroots/cortexa9t2hf-neon-xilinx-linux-gnueabi  -O2 -pipe -g -feliminate-unused-debug-types   -Wl,-O1 -Wl,--hash-style=gnu -Wl,--as-needed  -Wl,-z,relro,-z,now -v CMakeFiles/cmTC_5fd58.dir/CMakeCCompilerABI.c.o -o cmTC_5fd58 
Using built-in specs.
COLLECT_GCC=/opt/petalinux/2022.1/sysroots/x86_64-petalinux-linux/usr/bin/arm-xilinx-linux-gnueabi/arm-xilinx-linux-gnueabi-gcc
COLLECT_LTO_WRAPPER=/opt/petalinux/2022.1/sysroots/x86_64-petalinux-linux/usr/libexec/arm-xilinx-linux-gnueabi/gcc/arm-xilinx-linux-gnueabi/11.2.0/lto-wrapper
Target: arm-xilinx-linux-gnueabi
Configured with: ../../../../../../work-shared/gcc-11.2.0-r0/gcc-11.2.0/configure --build=x86_64-linux --host=x86_64-petalinux-linux --target=arm-xilinx-linux-gnueabi --prefix=/usr/local/oe-sdk-hardcoded-buildpath/sysroots/x86_64-petalinux-linux/usr --exec_prefix=/usr/local/oe-sdk-hardcoded-buildpath/sysroots/x86_64-petalinux-linux/usr --bindir=/usr/local/oe-sdk-hardcoded-buildpath/sysroots/x86_64-petalinux-linux/usr/bin/arm-xilinx-linux-gnueabi --sbindir=/usr/local/oe-sdk-hardcoded-buildpath/sysroots/x86_64-petalinux-linux/usr/bin/arm-xilinx-linux-gnueabi --libexecdir=/usr/local/oe-sdk-hardcoded-buildpath/sysroots/x86_64-petalinux-linux/usr/libexec/arm-xilinx-linux-gnueabi --datadir=/usr/local/oe-sdk-hardcoded-buildpath/sysroots/x86_64-petalinux-linux/usr/share --sysconfdir=/usr/local/oe-sdk-hardcoded-buildpath/sysroots/x86_64-petalinux-linux/etc --sharedstatedir=/usr/local/oe-sdk-hardcoded-buildpath/sysroots/x86_64-petalinux-linux/com --localstatedir=/usr/local/oe-sdk-hardcoded-buildpath/sysroots/x86_64-petalinux-linux/var --libdir=/usr/local/oe-sdk-hardcoded-buildpath/sysroots/x86_64-petalinux-linux/usr/lib/arm-xilinx-linux-gnueabi --includedir=/usr/local/oe-sdk-hardcoded-buildpath/sysroots/x86_64-petalinux-linux/usr/include --oldincludedir=/usr/local/oe-sdk-hardcoded-buildpath/sysroots/x86_64-petalinux-linux/usr/include --infodir=/usr/local/oe-sdk-hardcoded-buildpath/sysroots/x86_64-petalinux-linux/usr/share/info --mandir=/usr/local/oe-sdk-hardcoded-buildpath/sysroots/x86_64-petalinux-linux/usr/share/man --disable-silent-rules --disable-dependency-tracking --with-libtool-sysroot=/workspace/bsp/peta_prj/build/tmp/work/x86_64-nativesdk-petalinux-linux/gcc-cross-canadian-arm/11.2.0-r0/recipe-sysroot --with-gnu-ld --enable-shared --enable-languages=c,c++ --enable-threads=posix --enable-multilib --enable-default-pie --enable-c99 --enable-long-long --enable-symvers=gnu --enable-libstdcxx-pch --program-prefix=arm-xilinx-linux-gnueabi- --without-local-prefix --disable-install-libiberty --disable-libssp --enable-libitm --enable-lto --disable-bootstrap --with-system-zlib --with-linker-hash-style=gnu --enable-linker-build-id --with-ppl=no --with-cloog=no --enable-checking=release --enable-cheaders=c_global --without-isl --with-gxx-include-dir=/not/exist/usr/include/c++/11.2.0 --with-build-time-tools=/workspace/bsp/peta_prj/build/tmp/work/x86_64-nativesdk-petalinux-linux/gcc-cross-canadian-arm/11.2.0-r0/recipe-sysroot-native/usr/arm-xilinx-linux-gnueabi/bin --with-sysroot=/not/exist --with-build-sysroot=/workspace/bsp/peta_prj/build/tmp/work/x86_64-nativesdk-petalinux-linux/gcc-cross-canadian-arm/11.2.0-r0/recipe-sysroot --enable-standard-branch-protection --enable-poison-system-directories --disable-static --enable-nls --with-glibc-version=2.28 --enable-initfini-array
Thread model: posix
Supported LTO compression algorithms: zlib zstd
gcc version 11.2.0 (GCC) 
COMPILER_PATH=/opt/petalinux/2022.1/sysroots/x86_64-petalinux-linux/usr/libexec/arm-xilinx-linux-gnueabi/gcc/arm-xilinx-linux-gnueabi/11.2.0/:/opt/petalinux/2022.1/sysroots/x86_64-petalinux-linux/usr/libexec/arm-xilinx-linux-gnueabi/gcc/arm-xilinx-linux-gnueabi/11.2.0/:/opt/petalinux/2022.1/sysroots/x86_64-petalinux-linux/usr/libexec/arm-xilinx-linux-gnueabi/gcc/arm-xilinx-linux-gnueabi/:/opt/petalinux/2022.1/sysroots/x86_64-petalinux-linux/usr/lib/arm-xilinx-linux-gnueabi/gcc/arm-xilinx-linux-gnueabi/11.2.0/:/opt/petalinux/2022.1/sysroots/x86_64-petalinux-linux/usr/lib/arm-xilinx-linux-gnueabi/gcc/arm-xilinx-linux-gnueabi/
LIBRARY_PATH=/opt/petalinux/2022.1/sysroots/x86_64-petalinux-linux/usr/lib/arm-xilinx-linux-gnueabi/gcc/arm-xilinx-linux-gnueabi/11.2.0/:/opt/petalinux/2022.1/sysroots/cortexa9t2hf-neon-xilinx-linux-gnueabi/lib/:/opt/petalinux/2022.1/sysroots/cortexa9t2hf-neon-xilinx-linux-gnueabi/usr/lib/arm-xilinx-linux-gnueabi/11.2.0/:/opt/petalinux/2022.1/sysroots/cortexa9t2hf-neon-xilinx-linux-gnueabi/usr/lib/
COLLECT_GCC_OPTIONS='--sysroot=/opt/petalinux/2022.1/sysroots/cortexa9t2hf-neon-xilinx-linux-gnueabi' '-mthumb' '-mfpu=neon' '-mfloat-abi=hard' '-mcpu=cortex-a9' '-fstack-protector-strong' '-O2' '-D' '_FORTIFY_SOURCE=2' '-Wformat=1' '-Wformat-security' '-Werror=format-security' '-O2' '-pipe' '-g' '-feliminate-unused-debug-types' '-v' '-o' 'cmTC_5fd58' '-mtls-dialect=gnu' '-mlibarch=armv7-a+mp+sec+simd' '-march=armv7-a+mp+sec+simd' '-dumpdir' 'cmTC_5fd58.'
 /opt/petalinux/2022.1/sysroots/x86_64-petalinux-linux/usr/libexec/arm-xilinx-linux-gnueabi/gcc/arm-xilinx-linux-gnueabi/11.2.0/collect2 -plugin /opt/petalinux/2022.1/sysroots/x86_64-petalinux-linux/usr/libexec/arm-xilinx-linux-gnueabi/gcc/arm-xilinx-linux-gnueabi/11.2.0/liblto_plugin.so -plugin-opt=/opt/petalinux/2022.1/sysroots/x86_64-petalinux-linux/usr/libexec/arm-xilinx-linux-gnueabi/gcc/arm-xilinx-linux-gnueabi/11.2.0/lto-wrapper -plugin-opt=-fresolution=/tmp/cclzfWk3.res -plugin-opt=-pass-through=-lgcc -plugin-opt=-pass-through=-lgcc_s -plugin-opt=-pass-through=-lc -plugin-opt=-pass-through=-lgcc -plugin-opt=-pass-through=-lgcc_s --sysroot=/opt/petalinux/2022.1/sysroots/cortexa9t2hf-neon-xilinx-linux-gnueabi --build-id --eh-frame-hdr --hash-style=gnu -dynamic-linker /lib/ld-linux-armhf.so.3 -X -m armelf_linux_eabi -pie -o cmTC_5fd58 /opt/petalinux/2022.1/sysroots/cortexa9t2hf-neon-xilinx-linux-gnueabi/usr/lib/Scrt1.o /opt/petalinux/2022.1/sysroots/cortexa9t2hf-neon-xilinx-linux-gnueabi/usr/lib/crti.o /opt/petalinux/2022.1/sysroots/cortexa9t2hf-neon-xilinx-linux-gnueabi/usr/lib/arm-xilinx-linux-gnueabi/11.2.0/crtbeginS.o -L/opt/petalinux/2022.1/sysroots/x86_64-petalinux-linux/usr/lib/arm-xilinx-linux-gnueabi/gcc/arm-xilinx-linux-gnueabi/11.2.0 -L/opt/petalinux/2022.1/sysroots/cortexa9t2hf-neon-xilinx-linux-gnueabi/lib -L/opt/petalinux/2022.1/sysroots/cortexa9t2hf-neon-xilinx-linux-gnueabi/usr/lib/arm-xilinx-linux-gnueabi/11.2.0 -L/opt/petalinux/2022.1/sysroots/cortexa9t2hf-neon-xilinx-linux-gnueabi/usr/lib -O1 --hash-style=gnu --as-needed -z relro -z now CMakeFiles/cmTC_5fd58.dir/CMakeCCompilerABI.c.o -lgcc --push-state --as-needed -lgcc_s --pop-state -lc -lgcc --push-state --as-needed -lgcc_s --pop-state /opt/petalinux/2022.1/sysroots/cortexa9t2hf-neon-xilinx-linux-gnueabi/usr/lib/arm-xilinx-linux-gnueabi/11.2.0/crtendS.o /opt/petalinux/2022.1/sysroots/cortexa9t2hf-neon-xilinx-linux-gnueabi/usr/lib/crtn.o
COLLECT_GCC_OPTIONS='--sysroot=/opt/petalinux/2022.1/sysroots/cortexa9t2hf-neon-xilinx-linux-gnueabi' '-mthumb' '-mfpu=neon' '-mfloat-abi=hard' '-mcpu=cortex-a9' '-fstack-protector-strong' '-O2' '-D' '_FORTIFY_SOURCE=2' '-Wformat=1' '-Wformat-security' '-Werror=format-security' '-O2' '-pipe' '-g' '-feliminate-unused-debug-types' '-v' '-o' 'cmTC_5fd58' '-mtls-dialect=gnu' '-mlibarch=armv7-a+mp+sec+simd' '-march=armv7-a+mp+sec+simd' '-dumpdir' 'cmTC_5fd58.'
make[1]: Leaving directory '/mnt/hgfs/share/icd_final_pheonix-HD/build/CMakeFiles/CMakeTmp'



Parsed C implicit include dir info from above output: rv=done
  found start of include info
  found start of implicit include info
    add: [/opt/petalinux/2022.1/sysroots/x86_64-petalinux-linux/usr/lib/arm-xilinx-linux-gnueabi/gcc/arm-xilinx-linux-gnueabi/11.2.0/include]
    add: [/opt/petalinux/2022.1/sysroots/x86_64-petalinux-linux/usr/lib/arm-xilinx-linux-gnueabi/gcc/arm-xilinx-linux-gnueabi/11.2.0/include-fixed]
    add: [/opt/petalinux/2022.1/sysroots/cortexa9t2hf-neon-xilinx-linux-gnueabi/usr/include/]
  end of search list found
  collapse include dir [/opt/petalinux/2022.1/sysroots/x86_64-petalinux-linux/usr/lib/arm-xilinx-linux-gnueabi/gcc/arm-xilinx-linux-gnueabi/11.2.0/include] ==> [/opt/petalinux/2022.1/sysroots/x86_64-petalinux-linux/usr/lib/arm-xilinx-linux-gnueabi/gcc/arm-xilinx-linux-gnueabi/11.2.0/include]
  collapse include dir [/opt/petalinux/2022.1/sysroots/x86_64-petalinux-linux/usr/lib/arm-xilinx-linux-gnueabi/gcc/arm-xilinx-linux-gnueabi/11.2.0/include-fixed] ==> [/opt/petalinux/2022.1/sysroots/x86_64-petalinux-linux/usr/lib/arm-xilinx-linux-gnueabi/gcc/arm-xilinx-linux-gnueabi/11.2.0/include-fixed]
  collapse include dir [/opt/petalinux/2022.1/sysroots/cortexa9t2hf-neon-xilinx-linux-gnueabi/usr/include/] ==> [/opt/petalinux/2022.1/sysroots/cortexa9t2hf-neon-xilinx-linux-gnueabi/usr/include]
  implicit include dirs: [/opt/petalinux/2022.1/sysroots/x86_64-petalinux-linux/usr/lib/arm-xilinx-linux-gnueabi/gcc/arm-xilinx-linux-gnueabi/11.2.0/include;/opt/petalinux/2022.1/sysroots/x86_64-petalinux-linux/usr/lib/arm-xilinx-linux-gnueabi/gcc/arm-xilinx-linux-gnueabi/11.2.0/include-fixed;/opt/petalinux/2022.1/sysroots/cortexa9t2hf-neon-xilinx-linux-gnueabi/usr/include]


Parsed C implicit link information from above output:
  link line regex: [^( *|.*[/\])(arm-xilinx-linux-gnueabi-ld|CMAKE_LINK_STARTFILE-NOTFOUND|([^/\]+-)?ld|collect2)[^/\]*( |$)]
  ignore line: [Change Dir: /mnt/hgfs/share/icd_final_pheonix-HD/build/CMakeFiles/CMakeTmp]
  ignore line: []
  ignore line: [Run Build Command(s):/usr/bin/make -f Makefile cmTC_5fd58/fast && /usr/bin/make  -f CMakeFiles/cmTC_5fd58.dir/build.make CMakeFiles/cmTC_5fd58.dir/build]
  ignore line: [make[1]: Entering directory '/mnt/hgfs/share/icd_final_pheonix-HD/build/CMakeFiles/CMakeTmp']
  ignore line: [Building C object CMakeFiles/cmTC_5fd58.dir/CMakeCCompilerABI.c.o]
  ignore line: [/opt/petalinux/2022.1/sysroots/x86_64-petalinux-linux/usr/bin/arm-xilinx-linux-gnueabi/arm-xilinx-linux-gnueabi-gcc   -mthumb -mfpu=neon -mfloat-abi=hard -mcpu=cortex-a9 -fstack-protector-strong  -O2 -D_FORTIFY_SOURCE=2 -Wformat -Wformat-security -Werror=format-security --sysroot=/opt/petalinux/2022.1/sysroots/cortexa9t2hf-neon-xilinx-linux-gnueabi --sysroot=/opt/petalinux/2022.1/sysroots/cortexa9t2hf-neon-xilinx-linux-gnueabi   -O2 -pipe -g -feliminate-unused-debug-types     -v -o CMakeFiles/cmTC_5fd58.dir/CMakeCCompilerABI.c.o -c /opt/petalinux/2022.1/sysroots/x86_64-petalinux-linux/usr/share/cmake-3.21/Modules/CMakeCCompilerABI.c]
  ignore line: [Using built-in specs.]
  ignore line: [COLLECT_GCC=/opt/petalinux/2022.1/sysroots/x86_64-petalinux-linux/usr/bin/arm-xilinx-linux-gnueabi/arm-xilinx-linux-gnueabi-gcc]
  ignore line: [Target: arm-xilinx-linux-gnueabi]
  ignore line: [Configured with: ../../../../../../work-shared/gcc-11.2.0-r0/gcc-11.2.0/configure --build=x86_64-linux --host=x86_64-petalinux-linux --target=arm-xilinx-linux-gnueabi --prefix=/usr/local/oe-sdk-hardcoded-buildpath/sysroots/x86_64-petalinux-linux/usr --exec_prefix=/usr/local/oe-sdk-hardcoded-buildpath/sysroots/x86_64-petalinux-linux/usr --bindir=/usr/local/oe-sdk-hardcoded-buildpath/sysroots/x86_64-petalinux-linux/usr/bin/arm-xilinx-linux-gnueabi --sbindir=/usr/local/oe-sdk-hardcoded-buildpath/sysroots/x86_64-petalinux-linux/usr/bin/arm-xilinx-linux-gnueabi --libexecdir=/usr/local/oe-sdk-hardcoded-buildpath/sysroots/x86_64-petalinux-linux/usr/libexec/arm-xilinx-linux-gnueabi --datadir=/usr/local/oe-sdk-hardcoded-buildpath/sysroots/x86_64-petalinux-linux/usr/share --sysconfdir=/usr/local/oe-sdk-hardcoded-buildpath/sysroots/x86_64-petalinux-linux/etc --sharedstatedir=/usr/local/oe-sdk-hardcoded-buildpath/sysroots/x86_64-petalinux-linux/com --localstatedir=/usr/local/oe-sdk-hardcoded-buildpath/sysroots/x86_64-petalinux-linux/var --libdir=/usr/local/oe-sdk-hardcoded-buildpath/sysroots/x86_64-petalinux-linux/usr/lib/arm-xilinx-linux-gnueabi --includedir=/usr/local/oe-sdk-hardcoded-buildpath/sysroots/x86_64-petalinux-linux/usr/include --oldincludedir=/usr/local/oe-sdk-hardcoded-buildpath/sysroots/x86_64-petalinux-linux/usr/include --infodir=/usr/local/oe-sdk-hardcoded-buildpath/sysroots/x86_64-petalinux-linux/usr/share/info --mandir=/usr/local/oe-sdk-hardcoded-buildpath/sysroots/x86_64-petalinux-linux/usr/share/man --disable-silent-rules --disable-dependency-tracking --with-libtool-sysroot=/workspace/bsp/peta_prj/build/tmp/work/x86_64-nativesdk-petalinux-linux/gcc-cross-canadian-arm/11.2.0-r0/recipe-sysroot --with-gnu-ld --enable-shared --enable-languages=c,c++ --enable-threads=posix --enable-multilib --enable-default-pie --enable-c99 --enable-long-long --enable-symvers=gnu --enable-libstdcxx-pch --program-prefix=arm-xilinx-linux-gnueabi- --without-local-prefix --disable-install-libiberty --disable-libssp --enable-libitm --enable-lto --disable-bootstrap --with-system-zlib --with-linker-hash-style=gnu --enable-linker-build-id --with-ppl=no --with-cloog=no --enable-checking=release --enable-cheaders=c_global --without-isl --with-gxx-include-dir=/not/exist/usr/include/c++/11.2.0 --with-build-time-tools=/workspace/bsp/peta_prj/build/tmp/work/x86_64-nativesdk-petalinux-linux/gcc-cross-canadian-arm/11.2.0-r0/recipe-sysroot-native/usr/arm-xilinx-linux-gnueabi/bin --with-sysroot=/not/exist --with-build-sysroot=/workspace/bsp/peta_prj/build/tmp/work/x86_64-nativesdk-petalinux-linux/gcc-cross-canadian-arm/11.2.0-r0/recipe-sysroot --enable-standard-branch-protection --enable-poison-system-directories --disable-static --enable-nls --with-glibc-version=2.28 --enable-initfini-array]
  ignore line: [Thread model: posix]
  ignore line: [Supported LTO compression algorithms: zlib zstd]
  ignore line: [gcc version 11.2.0 (GCC) ]
  ignore line: [COLLECT_GCC_OPTIONS='--sysroot=/opt/petalinux/2022.1/sysroots/cortexa9t2hf-neon-xilinx-linux-gnueabi' '-mthumb' '-mfpu=neon' '-mfloat-abi=hard' '-mcpu=cortex-a9' '-fstack-protector-strong' '-O2' '-D' '_FORTIFY_SOURCE=2' '-Wformat=1' '-Wformat-security' '-Werror=format-security' '-O2' '-pipe' '-g' '-feliminate-unused-debug-types' '-v' '-o' 'CMakeFiles/cmTC_5fd58.dir/CMakeCCompilerABI.c.o' '-c' '-mtls-dialect=gnu' '-mlibarch=armv7-a+mp+sec+simd' '-march=armv7-a+mp+sec+simd' '-dumpdir' 'CMakeFiles/cmTC_5fd58.dir/']
  ignore line: [ /opt/petalinux/2022.1/sysroots/x86_64-petalinux-linux/usr/libexec/arm-xilinx-linux-gnueabi/gcc/arm-xilinx-linux-gnueabi/11.2.0/cc1 -quiet -v -isysroot /opt/petalinux/2022.1/sysroots/cortexa9t2hf-neon-xilinx-linux-gnueabi -D _FORTIFY_SOURCE=2 /opt/petalinux/2022.1/sysroots/x86_64-petalinux-linux/usr/share/cmake-3.21/Modules/CMakeCCompilerABI.c -quiet -dumpdir CMakeFiles/cmTC_5fd58.dir/ -dumpbase CMakeCCompilerABI.c.c -dumpbase-ext .c -mthumb -mfpu=neon -mfloat-abi=hard -mcpu=cortex-a9 -mtls-dialect=gnu -mlibarch=armv7-a+mp+sec+simd -march=armv7-a+mp+sec+simd -g -O2 -O2 -Wformat=1 -Wformat-security -Werror=format-security -version -fstack-protector-strong -feliminate-unused-debug-types -o - |]
  ignore line: [ /opt/petalinux/2022.1/sysroots/x86_64-petalinux-linux/usr/libexec/arm-xilinx-linux-gnueabi/gcc/arm-xilinx-linux-gnueabi/11.2.0/as -v -march=armv7-a+mp+sec -mfloat-abi=hard -mfpu=neon -meabi=5 -o CMakeFiles/cmTC_5fd58.dir/CMakeCCompilerABI.c.o]
  ignore line: [GNU assembler version 2.37 (arm-xilinx-linux-gnueabi) using BFD version (GNU Binutils) 2.37.20210721]
  ignore line: [GNU C17 (GCC) version 11.2.0 (arm-xilinx-linux-gnueabi)]
  ignore line: [	compiled by GNU C version 11.2.0  GMP version 6.2.1  MPFR version 4.1.0  MPC version 1.2.1  isl version none]
  ignore line: [GGC heuristics: --param ggc-min-expand=100 --param ggc-min-heapsize=131072]
  ignore line: [ignoring nonexistent directory "/opt/petalinux/2022.1/sysroots/cortexa9t2hf-neon-xilinx-linux-gnueabi/usr/lib/arm-xilinx-linux-gnueabi/11.2.0/include"]
  ignore line: [ignoring nonexistent directory "/opt/petalinux/2022.1/sysroots/cortexa9t2hf-neon-xilinx-linux-gnueabi/usr/local/include"]
  ignore line: [ignoring nonexistent directory "/opt/petalinux/2022.1/sysroots/x86_64-petalinux-linux/usr/lib/arm-xilinx-linux-gnueabi/gcc/arm-xilinx-linux-gnueabi/11.2.0/../../../../../arm-xilinx-linux-gnueabi/include"]
  ignore line: [#include "..." search starts here:]
  ignore line: [#include <...> search starts here:]
  ignore line: [ /opt/petalinux/2022.1/sysroots/x86_64-petalinux-linux/usr/lib/arm-xilinx-linux-gnueabi/gcc/arm-xilinx-linux-gnueabi/11.2.0/include]
  ignore line: [ /opt/petalinux/2022.1/sysroots/x86_64-petalinux-linux/usr/lib/arm-xilinx-linux-gnueabi/gcc/arm-xilinx-linux-gnueabi/11.2.0/include-fixed]
  ignore line: [ /opt/petalinux/2022.1/sysroots/cortexa9t2hf-neon-xilinx-linux-gnueabi/usr/include/]
  ignore line: [End of search list.]
  ignore line: [GNU C17 (GCC) version 11.2.0 (arm-xilinx-linux-gnueabi)]
  ignore line: [	compiled by GNU C version 11.2.0  GMP version 6.2.1  MPFR version 4.1.0  MPC version 1.2.1  isl version none]
  ignore line: [GGC heuristics: --param ggc-min-expand=100 --param ggc-min-heapsize=131072]
  ignore line: [Compiler executable checksum: df9c337a1f725a8298be8dbee2476177]
  ignore line: [COMPILER_PATH=/opt/petalinux/2022.1/sysroots/x86_64-petalinux-linux/usr/libexec/arm-xilinx-linux-gnueabi/gcc/arm-xilinx-linux-gnueabi/11.2.0/:/opt/petalinux/2022.1/sysroots/x86_64-petalinux-linux/usr/libexec/arm-xilinx-linux-gnueabi/gcc/arm-xilinx-linux-gnueabi/11.2.0/:/opt/petalinux/2022.1/sysroots/x86_64-petalinux-linux/usr/libexec/arm-xilinx-linux-gnueabi/gcc/arm-xilinx-linux-gnueabi/:/opt/petalinux/2022.1/sysroots/x86_64-petalinux-linux/usr/lib/arm-xilinx-linux-gnueabi/gcc/arm-xilinx-linux-gnueabi/11.2.0/:/opt/petalinux/2022.1/sysroots/x86_64-petalinux-linux/usr/lib/arm-xilinx-linux-gnueabi/gcc/arm-xilinx-linux-gnueabi/]
  ignore line: [LIBRARY_PATH=/opt/petalinux/2022.1/sysroots/x86_64-petalinux-linux/usr/lib/arm-xilinx-linux-gnueabi/gcc/arm-xilinx-linux-gnueabi/11.2.0/:/opt/petalinux/2022.1/sysroots/cortexa9t2hf-neon-xilinx-linux-gnueabi/lib/:/opt/petalinux/2022.1/sysroots/cortexa9t2hf-neon-xilinx-linux-gnueabi/usr/lib/arm-xilinx-linux-gnueabi/11.2.0/:/opt/petalinux/2022.1/sysroots/cortexa9t2hf-neon-xilinx-linux-gnueabi/usr/lib/]
  ignore line: [COLLECT_GCC_OPTIONS='--sysroot=/opt/petalinux/2022.1/sysroots/cortexa9t2hf-neon-xilinx-linux-gnueabi' '-mthumb' '-mfpu=neon' '-mfloat-abi=hard' '-mcpu=cortex-a9' '-fstack-protector-strong' '-O2' '-D' '_FORTIFY_SOURCE=2' '-Wformat=1' '-Wformat-security' '-Werror=format-security' '-O2' '-pipe' '-g' '-feliminate-unused-debug-types' '-v' '-o' 'CMakeFiles/cmTC_5fd58.dir/CMakeCCompilerABI.c.o' '-c' '-mtls-dialect=gnu' '-mlibarch=armv7-a+mp+sec+simd' '-march=armv7-a+mp+sec+simd' '-dumpdir' 'CMakeFiles/cmTC_5fd58.dir/CMakeCCompilerABI.c.']
  ignore line: [Linking C executable cmTC_5fd58]
  ignore line: [/opt/petalinux/2022.1/sysroots/x86_64-petalinux-linux/usr/bin/cmake -E cmake_link_script CMakeFiles/cmTC_5fd58.dir/link.txt --verbose=1]
  ignore line: [/opt/petalinux/2022.1/sysroots/x86_64-petalinux-linux/usr/bin/arm-xilinx-linux-gnueabi/arm-xilinx-linux-gnueabi-gcc   -mthumb -mfpu=neon -mfloat-abi=hard -mcpu=cortex-a9 -fstack-protector-strong  -O2 -D_FORTIFY_SOURCE=2 -Wformat -Wformat-security -Werror=format-security --sysroot=/opt/petalinux/2022.1/sysroots/cortexa9t2hf-neon-xilinx-linux-gnueabi --sysroot=/opt/petalinux/2022.1/sysroots/cortexa9t2hf-neon-xilinx-linux-gnueabi  -O2 -pipe -g -feliminate-unused-debug-types   -Wl -O1 -Wl --hash-style=gnu -Wl --as-needed  -Wl -z relro -z now -v CMakeFiles/cmTC_5fd58.dir/CMakeCCompilerABI.c.o -o cmTC_5fd58 ]
  ignore line: [Using built-in specs.]
  ignore line: [COLLECT_GCC=/opt/petalinux/2022.1/sysroots/x86_64-petalinux-linux/usr/bin/arm-xilinx-linux-gnueabi/arm-xilinx-linux-gnueabi-gcc]
  ignore line: [COLLECT_LTO_WRAPPER=/opt/petalinux/2022.1/sysroots/x86_64-petalinux-linux/usr/libexec/arm-xilinx-linux-gnueabi/gcc/arm-xilinx-linux-gnueabi/11.2.0/lto-wrapper]
  ignore line: [Target: arm-xilinx-linux-gnueabi]
  ignore line: [Configured with: ../../../../../../work-shared/gcc-11.2.0-r0/gcc-11.2.0/configure --build=x86_64-linux --host=x86_64-petalinux-linux --target=arm-xilinx-linux-gnueabi --prefix=/usr/local/oe-sdk-hardcoded-buildpath/sysroots/x86_64-petalinux-linux/usr --exec_prefix=/usr/local/oe-sdk-hardcoded-buildpath/sysroots/x86_64-petalinux-linux/usr --bindir=/usr/local/oe-sdk-hardcoded-buildpath/sysroots/x86_64-petalinux-linux/usr/bin/arm-xilinx-linux-gnueabi --sbindir=/usr/local/oe-sdk-hardcoded-buildpath/sysroots/x86_64-petalinux-linux/usr/bin/arm-xilinx-linux-gnueabi --libexecdir=/usr/local/oe-sdk-hardcoded-buildpath/sysroots/x86_64-petalinux-linux/usr/libexec/arm-xilinx-linux-gnueabi --datadir=/usr/local/oe-sdk-hardcoded-buildpath/sysroots/x86_64-petalinux-linux/usr/share --sysconfdir=/usr/local/oe-sdk-hardcoded-buildpath/sysroots/x86_64-petalinux-linux/etc --sharedstatedir=/usr/local/oe-sdk-hardcoded-buildpath/sysroots/x86_64-petalinux-linux/com --localstatedir=/usr/local/oe-sdk-hardcoded-buildpath/sysroots/x86_64-petalinux-linux/var --libdir=/usr/local/oe-sdk-hardcoded-buildpath/sysroots/x86_64-petalinux-linux/usr/lib/arm-xilinx-linux-gnueabi --includedir=/usr/local/oe-sdk-hardcoded-buildpath/sysroots/x86_64-petalinux-linux/usr/include --oldincludedir=/usr/local/oe-sdk-hardcoded-buildpath/sysroots/x86_64-petalinux-linux/usr/include --infodir=/usr/local/oe-sdk-hardcoded-buildpath/sysroots/x86_64-petalinux-linux/usr/share/info --mandir=/usr/local/oe-sdk-hardcoded-buildpath/sysroots/x86_64-petalinux-linux/usr/share/man --disable-silent-rules --disable-dependency-tracking --with-libtool-sysroot=/workspace/bsp/peta_prj/build/tmp/work/x86_64-nativesdk-petalinux-linux/gcc-cross-canadian-arm/11.2.0-r0/recipe-sysroot --with-gnu-ld --enable-shared --enable-languages=c,c++ --enable-threads=posix --enable-multilib --enable-default-pie --enable-c99 --enable-long-long --enable-symvers=gnu --enable-libstdcxx-pch --program-prefix=arm-xilinx-linux-gnueabi- --without-local-prefix --disable-install-libiberty --disable-libssp --enable-libitm --enable-lto --disable-bootstrap --with-system-zlib --with-linker-hash-style=gnu --enable-linker-build-id --with-ppl=no --with-cloog=no --enable-checking=release --enable-cheaders=c_global --without-isl --with-gxx-include-dir=/not/exist/usr/include/c++/11.2.0 --with-build-time-tools=/workspace/bsp/peta_prj/build/tmp/work/x86_64-nativesdk-petalinux-linux/gcc-cross-canadian-arm/11.2.0-r0/recipe-sysroot-native/usr/arm-xilinx-linux-gnueabi/bin --with-sysroot=/not/exist --with-build-sysroot=/workspace/bsp/peta_prj/build/tmp/work/x86_64-nativesdk-petalinux-linux/gcc-cross-canadian-arm/11.2.0-r0/recipe-sysroot --enable-standard-branch-protection --enable-poison-system-directories --disable-static --enable-nls --with-glibc-version=2.28 --enable-initfini-array]
  ignore line: [Thread model: posix]
  ignore line: [Supported LTO compression algorithms: zlib zstd]
  ignore line: [gcc version 11.2.0 (GCC) ]
  ignore line: [COMPILER_PATH=/opt/petalinux/2022.1/sysroots/x86_64-petalinux-linux/usr/libexec/arm-xilinx-linux-gnueabi/gcc/arm-xilinx-linux-gnueabi/11.2.0/:/opt/petalinux/2022.1/sysroots/x86_64-petalinux-linux/usr/libexec/arm-xilinx-linux-gnueabi/gcc/arm-xilinx-linux-gnueabi/11.2.0/:/opt/petalinux/2022.1/sysroots/x86_64-petalinux-linux/usr/libexec/arm-xilinx-linux-gnueabi/gcc/arm-xilinx-linux-gnueabi/:/opt/petalinux/2022.1/sysroots/x86_64-petalinux-linux/usr/lib/arm-xilinx-linux-gnueabi/gcc/arm-xilinx-linux-gnueabi/11.2.0/:/opt/petalinux/2022.1/sysroots/x86_64-petalinux-linux/usr/lib/arm-xilinx-linux-gnueabi/gcc/arm-xilinx-linux-gnueabi/]
  ignore line: [LIBRARY_PATH=/opt/petalinux/2022.1/sysroots/x86_64-petalinux-linux/usr/lib/arm-xilinx-linux-gnueabi/gcc/arm-xilinx-linux-gnueabi/11.2.0/:/opt/petalinux/2022.1/sysroots/cortexa9t2hf-neon-xilinx-linux-gnueabi/lib/:/opt/petalinux/2022.1/sysroots/cortexa9t2hf-neon-xilinx-linux-gnueabi/usr/lib/arm-xilinx-linux-gnueabi/11.2.0/:/opt/petalinux/2022.1/sysroots/cortexa9t2hf-neon-xilinx-linux-gnueabi/usr/lib/]
  ignore line: [COLLECT_GCC_OPTIONS='--sysroot=/opt/petalinux/2022.1/sysroots/cortexa9t2hf-neon-xilinx-linux-gnueabi' '-mthumb' '-mfpu=neon' '-mfloat-abi=hard' '-mcpu=cortex-a9' '-fstack-protector-strong' '-O2' '-D' '_FORTIFY_SOURCE=2' '-Wformat=1' '-Wformat-security' '-Werror=format-security' '-O2' '-pipe' '-g' '-feliminate-unused-debug-types' '-v' '-o' 'cmTC_5fd58' '-mtls-dialect=gnu' '-mlibarch=armv7-a+mp+sec+simd' '-march=armv7-a+mp+sec+simd' '-dumpdir' 'cmTC_5fd58.']
  link line: [ /opt/petalinux/2022.1/sysroots/x86_64-petalinux-linux/usr/libexec/arm-xilinx-linux-gnueabi/gcc/arm-xilinx-linux-gnueabi/11.2.0/collect2 -plugin /opt/petalinux/2022.1/sysroots/x86_64-petalinux-linux/usr/libexec/arm-xilinx-linux-gnueabi/gcc/arm-xilinx-linux-gnueabi/11.2.0/liblto_plugin.so -plugin-opt=/opt/petalinux/2022.1/sysroots/x86_64-petalinux-linux/usr/libexec/arm-xilinx-linux-gnueabi/gcc/arm-xilinx-linux-gnueabi/11.2.0/lto-wrapper -plugin-opt=-fresolution=/tmp/cclzfWk3.res -plugin-opt=-pass-through=-lgcc -plugin-opt=-pass-through=-lgcc_s -plugin-opt=-pass-through=-lc -plugin-opt=-pass-through=-lgcc -plugin-opt=-pass-through=-lgcc_s --sysroot=/opt/petalinux/2022.1/sysroots/cortexa9t2hf-neon-xilinx-linux-gnueabi --build-id --eh-frame-hdr --hash-style=gnu -dynamic-linker /lib/ld-linux-armhf.so.3 -X -m armelf_linux_eabi -pie -o cmTC_5fd58 /opt/petalinux/2022.1/sysroots/cortexa9t2hf-neon-xilinx-linux-gnueabi/usr/lib/Scrt1.o /opt/petalinux/2022.1/sysroots/cortexa9t2hf-neon-xilinx-linux-gnueabi/usr/lib/crti.o /opt/petalinux/2022.1/sysroots/cortexa9t2hf-neon-xilinx-linux-gnueabi/usr/lib/arm-xilinx-linux-gnueabi/11.2.0/crtbeginS.o -L/opt/petalinux/2022.1/sysroots/x86_64-petalinux-linux/usr/lib/arm-xilinx-linux-gnueabi/gcc/arm-xilinx-linux-gnueabi/11.2.0 -L/opt/petalinux/2022.1/sysroots/cortexa9t2hf-neon-xilinx-linux-gnueabi/lib -L/opt/petalinux/2022.1/sysroots/cortexa9t2hf-neon-xilinx-linux-gnueabi/usr/lib/arm-xilinx-linux-gnueabi/11.2.0 -L/opt/petalinux/2022.1/sysroots/cortexa9t2hf-neon-xilinx-linux-gnueabi/usr/lib -O1 --hash-style=gnu --as-needed -z relro -z now CMakeFiles/cmTC_5fd58.dir/CMakeCCompilerABI.c.o -lgcc --push-state --as-needed -lgcc_s --pop-state -lc -lgcc --push-state --as-needed -lgcc_s --pop-state /opt/petalinux/2022.1/sysroots/cortexa9t2hf-neon-xilinx-linux-gnueabi/usr/lib/arm-xilinx-linux-gnueabi/11.2.0/crtendS.o /opt/petalinux/2022.1/sysroots/cortexa9t2hf-neon-xilinx-linux-gnueabi/usr/lib/crtn.o]
    arg [/opt/petalinux/2022.1/sysroots/x86_64-petalinux-linux/usr/libexec/arm-xilinx-linux-gnueabi/gcc/arm-xilinx-linux-gnueabi/11.2.0/collect2] ==> ignore
    arg [-plugin] ==> ignore
    arg [/opt/petalinux/2022.1/sysroots/x86_64-petalinux-linux/usr/libexec/arm-xilinx-linux-gnueabi/gcc/arm-xilinx-linux-gnueabi/11.2.0/liblto_plugin.so] ==> ignore
    arg [-plugin-opt=/opt/petalinux/2022.1/sysroots/x86_64-petalinux-linux/usr/libexec/arm-xilinx-linux-gnueabi/gcc/arm-xilinx-linux-gnueabi/11.2.0/lto-wrapper] ==> ignore
    arg [-plugin-opt=-fresolution=/tmp/cclzfWk3.res] ==> ignore
    arg [-plugin-opt=-pass-through=-lgcc] ==> ignore
    arg [-plugin-opt=-pass-through=-lgcc_s] ==> ignore
    arg [-plugin-opt=-pass-through=-lc] ==> ignore
    arg [-plugin-opt=-pass-through=-lgcc] ==> ignore
    arg [-plugin-opt=-pass-through=-lgcc_s] ==> ignore
    arg [--sysroot=/opt/petalinux/2022.1/sysroots/cortexa9t2hf-neon-xilinx-linux-gnueabi] ==> ignore
    arg [--build-id] ==> ignore
    arg [--eh-frame-hdr] ==> ignore
    arg [--hash-style=gnu] ==> ignore
    arg [-dynamic-linker] ==> ignore
    arg [/lib/ld-linux-armhf.so.3] ==> ignore
    arg [-X] ==> ignore
    arg [-m] ==> ignore
    arg [armelf_linux_eabi] ==> ignore
    arg [-pie] ==> ignore
    arg [-o] ==> ignore
    arg [cmTC_5fd58] ==> ignore
    arg [/opt/petalinux/2022.1/sysroots/cortexa9t2hf-neon-xilinx-linux-gnueabi/usr/lib/Scrt1.o] ==> obj [/opt/petalinux/2022.1/sysroots/cortexa9t2hf-neon-xilinx-linux-gnueabi/usr/lib/Scrt1.o]
    arg [/opt/petalinux/2022.1/sysroots/cortexa9t2hf-neon-xilinx-linux-gnueabi/usr/lib/crti.o] ==> obj [/opt/petalinux/2022.1/sysroots/cortexa9t2hf-neon-xilinx-linux-gnueabi/usr/lib/crti.o]
    arg [/opt/petalinux/2022.1/sysroots/cortexa9t2hf-neon-xilinx-linux-gnueabi/usr/lib/arm-xilinx-linux-gnueabi/11.2.0/crtbeginS.o] ==> obj [/opt/petalinux/2022.1/sysroots/cortexa9t2hf-neon-xilinx-linux-gnueabi/usr/lib/arm-xilinx-linux-gnueabi/11.2.0/crtbeginS.o]
    arg [-L/opt/petalinux/2022.1/sysroots/x86_64-petalinux-linux/usr/lib/arm-xilinx-linux-gnueabi/gcc/arm-xilinx-linux-gnueabi/11.2.0] ==> dir [/opt/petalinux/2022.1/sysroots/x86_64-petalinux-linux/usr/lib/arm-xilinx-linux-gnueabi/gcc/arm-xilinx-linux-gnueabi/11.2.0]
    arg [-L/opt/petalinux/2022.1/sysroots/cortexa9t2hf-neon-xilinx-linux-gnueabi/lib] ==> dir [/opt/petalinux/2022.1/sysroots/cortexa9t2hf-neon-xilinx-linux-gnueabi/lib]
    arg [-L/opt/petalinux/2022.1/sysroots/cortexa9t2hf-neon-xilinx-linux-gnueabi/usr/lib/arm-xilinx-linux-gnueabi/11.2.0] ==> dir [/opt/petalinux/2022.1/sysroots/cortexa9t2hf-neon-xilinx-linux-gnueabi/usr/lib/arm-xilinx-linux-gnueabi/11.2.0]
    arg [-L/opt/petalinux/2022.1/sysroots/cortexa9t2hf-neon-xilinx-linux-gnueabi/usr/lib] ==> dir [/opt/petalinux/2022.1/sysroots/cortexa9t2hf-neon-xilinx-linux-gnueabi/usr/lib]
    arg [-O1] ==> ignore
    arg [--hash-style=gnu] ==> ignore
    arg [--as-needed] ==> ignore
    arg [-zrelro] ==> ignore
    arg [-znow] ==> ignore
    arg [CMakeFiles/cmTC_5fd58.dir/CMakeCCompilerABI.c.o] ==> ignore
    arg [-lgcc] ==> lib [gcc]
    arg [--push-state] ==> ignore
    arg [--as-needed] ==> ignore
    arg [-lgcc_s] ==> lib [gcc_s]
    arg [--pop-state] ==> ignore
    arg [-lc] ==> lib [c]
    arg [-lgcc] ==> lib [gcc]
    arg [--push-state] ==> ignore
    arg [--as-needed] ==> ignore
    arg [-lgcc_s] ==> lib [gcc_s]
    arg [--pop-state] ==> ignore
    arg [/opt/petalinux/2022.1/sysroots/cortexa9t2hf-neon-xilinx-linux-gnueabi/usr/lib/arm-xilinx-linux-gnueabi/11.2.0/crtendS.o] ==> obj [/opt/petalinux/2022.1/sysroots/cortexa9t2hf-neon-xilinx-linux-gnueabi/usr/lib/arm-xilinx-linux-gnueabi/11.2.0/crtendS.o]
    arg [/opt/petalinux/2022.1/sysroots/cortexa9t2hf-neon-xilinx-linux-gnueabi/usr/lib/crtn.o] ==> obj [/opt/petalinux/2022.1/sysroots/cortexa9t2hf-neon-xilinx-linux-gnueabi/usr/lib/crtn.o]
  collapse library dir [/opt/petalinux/2022.1/sysroots/x86_64-petalinux-linux/usr/lib/arm-xilinx-linux-gnueabi/gcc/arm-xilinx-linux-gnueabi/11.2.0] ==> [/opt/petalinux/2022.1/sysroots/x86_64-petalinux-linux/usr/lib/arm-xilinx-linux-gnueabi/gcc/arm-xilinx-linux-gnueabi/11.2.0]
  collapse library dir [/opt/petalinux/2022.1/sysroots/cortexa9t2hf-neon-xilinx-linux-gnueabi/lib] ==> [/opt/petalinux/2022.1/sysroots/cortexa9t2hf-neon-xilinx-linux-gnueabi/lib]
  collapse library dir [/opt/petalinux/2022.1/sysroots/cortexa9t2hf-neon-xilinx-linux-gnueabi/usr/lib/arm-xilinx-linux-gnueabi/11.2.0] ==> [/opt/petalinux/2022.1/sysroots/cortexa9t2hf-neon-xilinx-linux-gnueabi/usr/lib/arm-xilinx-linux-gnueabi/11.2.0]
  collapse library dir [/opt/petalinux/2022.1/sysroots/cortexa9t2hf-neon-xilinx-linux-gnueabi/usr/lib] ==> [/opt/petalinux/2022.1/sysroots/cortexa9t2hf-neon-xilinx-linux-gnueabi/usr/lib]
  implicit libs: [gcc;gcc_s;c;gcc;gcc_s]
  implicit objs: [/opt/petalinux/2022.1/sysroots/cortexa9t2hf-neon-xilinx-linux-gnueabi/usr/lib/Scrt1.o;/opt/petalinux/2022.1/sysroots/cortexa9t2hf-neon-xilinx-linux-gnueabi/usr/lib/crti.o;/opt/petalinux/2022.1/sysroots/cortexa9t2hf-neon-xilinx-linux-gnueabi/usr/lib/arm-xilinx-linux-gnueabi/11.2.0/crtbeginS.o;/opt/petalinux/2022.1/sysroots/cortexa9t2hf-neon-xilinx-linux-gnueabi/usr/lib/arm-xilinx-linux-gnueabi/11.2.0/crtendS.o;/opt/petalinux/2022.1/sysroots/cortexa9t2hf-neon-xilinx-linux-gnueabi/usr/lib/crtn.o]
  implicit dirs: [/opt/petalinux/2022.1/sysroots/x86_64-petalinux-linux/usr/lib/arm-xilinx-linux-gnueabi/gcc/arm-xilinx-linux-gnueabi/11.2.0;/opt/petalinux/2022.1/sysroots/cortexa9t2hf-neon-xilinx-linux-gnueabi/lib;/opt/petalinux/2022.1/sysroots/cortexa9t2hf-neon-xilinx-linux-gnueabi/usr/lib/arm-xilinx-linux-gnueabi/11.2.0;/opt/petalinux/2022.1/sysroots/cortexa9t2hf-neon-xilinx-linux-gnueabi/usr/lib]
  implicit fwks: []


Detecting CXX compiler ABI info compiled with the following output:
Change Dir: /mnt/hgfs/share/icd_final_pheonix-HD/build/CMakeFiles/CMakeTmp

Run Build Command(s):/usr/bin/make -f Makefile cmTC_38e3b/fast && /usr/bin/make  -f CMakeFiles/cmTC_38e3b.dir/build.make CMakeFiles/cmTC_38e3b.dir/build
make[1]: Entering directory '/mnt/hgfs/share/icd_final_pheonix-HD/build/CMakeFiles/CMakeTmp'
Building CXX object CMakeFiles/cmTC_38e3b.dir/CMakeCXXCompilerABI.cpp.o
/opt/petalinux/2022.1/sysroots/x86_64-petalinux-linux/usr/bin/arm-xilinx-linux-gnueabi/arm-xilinx-linux-gnueabi-g++   -mthumb -mfpu=neon -mfloat-abi=hard -mcpu=cortex-a9 -fstack-protector-strong  -O2 -D_FORTIFY_SOURCE=2 -Wformat -Wformat-security -Werror=format-security --sysroot=/opt/petalinux/2022.1/sysroots/cortexa9t2hf-neon-xilinx-linux-gnueabi --sysroot=/opt/petalinux/2022.1/sysroots/cortexa9t2hf-neon-xilinx-linux-gnueabi   -O2 -pipe -g -feliminate-unused-debug-types     -v -o CMakeFiles/cmTC_38e3b.dir/CMakeCXXCompilerABI.cpp.o -c /opt/petalinux/2022.1/sysroots/x86_64-petalinux-linux/usr/share/cmake-3.21/Modules/CMakeCXXCompilerABI.cpp
Using built-in specs.
COLLECT_GCC=/opt/petalinux/2022.1/sysroots/x86_64-petalinux-linux/usr/bin/arm-xilinx-linux-gnueabi/arm-xilinx-linux-gnueabi-g++
Target: arm-xilinx-linux-gnueabi
Configured with: ../../../../../../work-shared/gcc-11.2.0-r0/gcc-11.2.0/configure --build=x86_64-linux --host=x86_64-petalinux-linux --target=arm-xilinx-linux-gnueabi --prefix=/usr/local/oe-sdk-hardcoded-buildpath/sysroots/x86_64-petalinux-linux/usr --exec_prefix=/usr/local/oe-sdk-hardcoded-buildpath/sysroots/x86_64-petalinux-linux/usr --bindir=/usr/local/oe-sdk-hardcoded-buildpath/sysroots/x86_64-petalinux-linux/usr/bin/arm-xilinx-linux-gnueabi --sbindir=/usr/local/oe-sdk-hardcoded-buildpath/sysroots/x86_64-petalinux-linux/usr/bin/arm-xilinx-linux-gnueabi --libexecdir=/usr/local/oe-sdk-hardcoded-buildpath/sysroots/x86_64-petalinux-linux/usr/libexec/arm-xilinx-linux-gnueabi --datadir=/usr/local/oe-sdk-hardcoded-buildpath/sysroots/x86_64-petalinux-linux/usr/share --sysconfdir=/usr/local/oe-sdk-hardcoded-buildpath/sysroots/x86_64-petalinux-linux/etc --sharedstatedir=/usr/local/oe-sdk-hardcoded-buildpath/sysroots/x86_64-petalinux-linux/com --localstatedir=/usr/local/oe-sdk-hardcoded-buildpath/sysroots/x86_64-petalinux-linux/var --libdir=/usr/local/oe-sdk-hardcoded-buildpath/sysroots/x86_64-petalinux-linux/usr/lib/arm-xilinx-linux-gnueabi --includedir=/usr/local/oe-sdk-hardcoded-buildpath/sysroots/x86_64-petalinux-linux/usr/include --oldincludedir=/usr/local/oe-sdk-hardcoded-buildpath/sysroots/x86_64-petalinux-linux/usr/include --infodir=/usr/local/oe-sdk-hardcoded-buildpath/sysroots/x86_64-petalinux-linux/usr/share/info --mandir=/usr/local/oe-sdk-hardcoded-buildpath/sysroots/x86_64-petalinux-linux/usr/share/man --disable-silent-rules --disable-dependency-tracking --with-libtool-sysroot=/workspace/bsp/peta_prj/build/tmp/work/x86_64-nativesdk-petalinux-linux/gcc-cross-canadian-arm/11.2.0-r0/recipe-sysroot --with-gnu-ld --enable-shared --enable-languages=c,c++ --enable-threads=posix --enable-multilib --enable-default-pie --enable-c99 --enable-long-long --enable-symvers=gnu --enable-libstdcxx-pch --program-prefix=arm-xilinx-linux-gnueabi- --without-local-prefix --disable-install-libiberty --disable-libssp --enable-libitm --enable-lto --disable-bootstrap --with-system-zlib --with-linker-hash-style=gnu --enable-linker-build-id --with-ppl=no --with-cloog=no --enable-checking=release --enable-cheaders=c_global --without-isl --with-gxx-include-dir=/not/exist/usr/include/c++/11.2.0 --with-build-time-tools=/workspace/bsp/peta_prj/build/tmp/work/x86_64-nativesdk-petalinux-linux/gcc-cross-canadian-arm/11.2.0-r0/recipe-sysroot-native/usr/arm-xilinx-linux-gnueabi/bin --with-sysroot=/not/exist --with-build-sysroot=/workspace/bsp/peta_prj/build/tmp/work/x86_64-nativesdk-petalinux-linux/gcc-cross-canadian-arm/11.2.0-r0/recipe-sysroot --enable-standard-branch-protection --enable-poison-system-directories --disable-static --enable-nls --with-glibc-version=2.28 --enable-initfini-array
Thread model: posix
Supported LTO compression algorithms: zlib zstd
gcc version 11.2.0 (GCC) 
COLLECT_GCC_OPTIONS='--sysroot=/opt/petalinux/2022.1/sysroots/cortexa9t2hf-neon-xilinx-linux-gnueabi' '-mthumb' '-mfpu=neon' '-mfloat-abi=hard' '-mcpu=cortex-a9' '-fstack-protector-strong' '-O2' '-D' '_FORTIFY_SOURCE=2' '-Wformat=1' '-Wformat-security' '-Werror=format-security' '-O2' '-pipe' '-g' '-feliminate-unused-debug-types' '-v' '-o' 'CMakeFiles/cmTC_38e3b.dir/CMakeCXXCompilerABI.cpp.o' '-c' '-shared-libgcc' '-mtls-dialect=gnu' '-mlibarch=armv7-a+mp+sec+simd' '-march=armv7-a+mp+sec+simd' '-dumpdir' 'CMakeFiles/cmTC_38e3b.dir/'
 /opt/petalinux/2022.1/sysroots/x86_64-petalinux-linux/usr/libexec/arm-xilinx-linux-gnueabi/gcc/arm-xilinx-linux-gnueabi/11.2.0/cc1plus -quiet -v -isysroot /opt/petalinux/2022.1/sysroots/cortexa9t2hf-neon-xilinx-linux-gnueabi -D_GNU_SOURCE -D _FORTIFY_SOURCE=2 /opt/petalinux/2022.1/sysroots/x86_64-petalinux-linux/usr/share/cmake-3.21/Modules/CMakeCXXCompilerABI.cpp -quiet -dumpdir CMakeFiles/cmTC_38e3b.dir/ -dumpbase CMakeCXXCompilerABI.cpp.cpp -dumpbase-ext .cpp -mthumb -mfpu=neon -mfloat-abi=hard -mcpu=cortex-a9 -mtls-dialect=gnu -mlibarch=armv7-a+mp+sec+simd -march=armv7-a+mp+sec+simd -g -O2 -O2 -Wformat=1 -Wformat-security -Werror=format-security -version -fstack-protector-strong -feliminate-unused-debug-types -o - |
 /opt/petalinux/2022.1/sysroots/x86_64-petalinux-linux/usr/libexec/arm-xilinx-linux-gnueabi/gcc/arm-xilinx-linux-gnueabi/11.2.0/as -v -march=armv7-a+mp+sec -mfloat-abi=hard -mfpu=neon -meabi=5 -o CMakeFiles/cmTC_38e3b.dir/CMakeCXXCompilerABI.cpp.o
GNU assembler version 2.37 (arm-xilinx-linux-gnueabi) using BFD version (GNU Binutils) 2.37.20210721
GNU C++17 (GCC) version 11.2.0 (arm-xilinx-linux-gnueabi)
	compiled by GNU C version 11.2.0, GMP version 6.2.1, MPFR version 4.1.0, MPC version 1.2.1, isl version none
GGC heuristics: --param ggc-min-expand=100 --param ggc-min-heapsize=131072
ignoring nonexistent directory "/opt/petalinux/2022.1/sysroots/cortexa9t2hf-neon-xilinx-linux-gnueabi/usr/lib/arm-xilinx-linux-gnueabi/11.2.0/include"
ignoring nonexistent directory "/opt/petalinux/2022.1/sysroots/cortexa9t2hf-neon-xilinx-linux-gnueabi/usr/local/include"
ignoring nonexistent directory "/opt/petalinux/2022.1/sysroots/x86_64-petalinux-linux/usr/lib/arm-xilinx-linux-gnueabi/gcc/arm-xilinx-linux-gnueabi/11.2.0/../../../../../arm-xilinx-linux-gnueabi/include"
#include "..." search starts here:
#include <...> search starts here:
 /opt/petalinux/2022.1/sysroots/cortexa9t2hf-neon-xilinx-linux-gnueabi/usr/include/c++/11.2.0
 /opt/petalinux/2022.1/sysroots/cortexa9t2hf-neon-xilinx-linux-gnueabi/usr/include/c++/11.2.0/arm-xilinx-linux-gnueabi
 /opt/petalinux/2022.1/sysroots/cortexa9t2hf-neon-xilinx-linux-gnueabi/usr/include/c++/11.2.0/backward
 /opt/petalinux/2022.1/sysroots/x86_64-petalinux-linux/usr/lib/arm-xilinx-linux-gnueabi/gcc/arm-xilinx-linux-gnueabi/11.2.0/include
 /opt/petalinux/2022.1/sysroots/x86_64-petalinux-linux/usr/lib/arm-xilinx-linux-gnueabi/gcc/arm-xilinx-linux-gnueabi/11.2.0/include-fixed
 /opt/petalinux/2022.1/sysroots/cortexa9t2hf-neon-xilinx-linux-gnueabi/usr/include/
End of search list.
GNU C++17 (GCC) version 11.2.0 (arm-xilinx-linux-gnueabi)
	compiled by GNU C version 11.2.0, GMP version 6.2.1, MPFR version 4.1.0, MPC version 1.2.1, isl version none
GGC heuristics: --param ggc-min-expand=100 --param ggc-min-heapsize=131072
Compiler executable checksum: 47f916f8a79c14ed731615598467aaa8
COMPILER_PATH=/opt/petalinux/2022.1/sysroots/x86_64-petalinux-linux/usr/libexec/arm-xilinx-linux-gnueabi/gcc/arm-xilinx-linux-gnueabi/11.2.0/:/opt/petalinux/2022.1/sysroots/x86_64-petalinux-linux/usr/libexec/arm-xilinx-linux-gnueabi/gcc/arm-xilinx-linux-gnueabi/11.2.0/:/opt/petalinux/2022.1/sysroots/x86_64-petalinux-linux/usr/libexec/arm-xilinx-linux-gnueabi/gcc/arm-xilinx-linux-gnueabi/:/opt/petalinux/2022.1/sysroots/x86_64-petalinux-linux/usr/lib/arm-xilinx-linux-gnueabi/gcc/arm-xilinx-linux-gnueabi/11.2.0/:/opt/petalinux/2022.1/sysroots/x86_64-petalinux-linux/usr/lib/arm-xilinx-linux-gnueabi/gcc/arm-xilinx-linux-gnueabi/
LIBRARY_PATH=/opt/petalinux/2022.1/sysroots/x86_64-petalinux-linux/usr/lib/arm-xilinx-linux-gnueabi/gcc/arm-xilinx-linux-gnueabi/11.2.0/:/opt/petalinux/2022.1/sysroots/cortexa9t2hf-neon-xilinx-linux-gnueabi/lib/:/opt/petalinux/2022.1/sysroots/cortexa9t2hf-neon-xilinx-linux-gnueabi/usr/lib/arm-xilinx-linux-gnueabi/11.2.0/:/opt/petalinux/2022.1/sysroots/cortexa9t2hf-neon-xilinx-linux-gnueabi/usr/lib/
COLLECT_GCC_OPTIONS='--sysroot=/opt/petalinux/2022.1/sysroots/cortexa9t2hf-neon-xilinx-linux-gnueabi' '-mthumb' '-mfpu=neon' '-mfloat-abi=hard' '-mcpu=cortex-a9' '-fstack-protector-strong' '-O2' '-D' '_FORTIFY_SOURCE=2' '-Wformat=1' '-Wformat-security' '-Werror=format-security' '-O2' '-pipe' '-g' '-feliminate-unused-debug-types' '-v' '-o' 'CMakeFiles/cmTC_38e3b.dir/CMakeCXXCompilerABI.cpp.o' '-c' '-shared-libgcc' '-mtls-dialect=gnu' '-mlibarch=armv7-a+mp+sec+simd' '-march=armv7-a+mp+sec+simd' '-dumpdir' 'CMakeFiles/cmTC_38e3b.dir/CMakeCXXCompilerABI.cpp.'
Linking CXX executable cmTC_38e3b
/opt/petalinux/2022.1/sysroots/x86_64-petalinux-linux/usr/bin/cmake -E cmake_link_script CMakeFiles/cmTC_38e3b.dir/link.txt --verbose=1
/opt/petalinux/2022.1/sysroots/x86_64-petalinux-linux/usr/bin/arm-xilinx-linux-gnueabi/arm-xilinx-linux-gnueabi-g++   -mthumb -mfpu=neon -mfloat-abi=hard -mcpu=cortex-a9 -fstack-protector-strong  -O2 -D_FORTIFY_SOURCE=2 -Wformat -Wformat-security -Werror=format-security --sysroot=/opt/petalinux/2022.1/sysroots/cortexa9t2hf-neon-xilinx-linux-gnueabi --sysroot=/opt/petalinux/2022.1/sysroots/cortexa9t2hf-neon-xilinx-linux-gnueabi  -O2 -pipe -g -feliminate-unused-debug-types   -Wl,-O1 -Wl,--hash-style=gnu -Wl,--as-needed  -Wl,-z,relro,-z,now -v CMakeFiles/cmTC_38e3b.dir/CMakeCXXCompilerABI.cpp.o -o cmTC_38e3b 
Using built-in specs.
COLLECT_GCC=/opt/petalinux/2022.1/sysroots/x86_64-petalinux-linux/usr/bin/arm-xilinx-linux-gnueabi/arm-xilinx-linux-gnueabi-g++
COLLECT_LTO_WRAPPER=/opt/petalinux/2022.1/sysroots/x86_64-petalinux-linux/usr/libexec/arm-xilinx-linux-gnueabi/gcc/arm-xilinx-linux-gnueabi/11.2.0/lto-wrapper
Target: arm-xilinx-linux-gnueabi
Configured with: ../../../../../../work-shared/gcc-11.2.0-r0/gcc-11.2.0/configure --build=x86_64-linux --host=x86_64-petalinux-linux --target=arm-xilinx-linux-gnueabi --prefix=/usr/local/oe-sdk-hardcoded-buildpath/sysroots/x86_64-petalinux-linux/usr --exec_prefix=/usr/local/oe-sdk-hardcoded-buildpath/sysroots/x86_64-petalinux-linux/usr --bindir=/usr/local/oe-sdk-hardcoded-buildpath/sysroots/x86_64-petalinux-linux/usr/bin/arm-xilinx-linux-gnueabi --sbindir=/usr/local/oe-sdk-hardcoded-buildpath/sysroots/x86_64-petalinux-linux/usr/bin/arm-xilinx-linux-gnueabi --libexecdir=/usr/local/oe-sdk-hardcoded-buildpath/sysroots/x86_64-petalinux-linux/usr/libexec/arm-xilinx-linux-gnueabi --datadir=/usr/local/oe-sdk-hardcoded-buildpath/sysroots/x86_64-petalinux-linux/usr/share --sysconfdir=/usr/local/oe-sdk-hardcoded-buildpath/sysroots/x86_64-petalinux-linux/etc --sharedstatedir=/usr/local/oe-sdk-hardcoded-buildpath/sysroots/x86_64-petalinux-linux/com --localstatedir=/usr/local/oe-sdk-hardcoded-buildpath/sysroots/x86_64-petalinux-linux/var --libdir=/usr/local/oe-sdk-hardcoded-buildpath/sysroots/x86_64-petalinux-linux/usr/lib/arm-xilinx-linux-gnueabi --includedir=/usr/local/oe-sdk-hardcoded-buildpath/sysroots/x86_64-petalinux-linux/usr/include --oldincludedir=/usr/local/oe-sdk-hardcoded-buildpath/sysroots/x86_64-petalinux-linux/usr/include --infodir=/usr/local/oe-sdk-hardcoded-buildpath/sysroots/x86_64-petalinux-linux/usr/share/info --mandir=/usr/local/oe-sdk-hardcoded-buildpath/sysroots/x86_64-petalinux-linux/usr/share/man --disable-silent-rules --disable-dependency-tracking --with-libtool-sysroot=/workspace/bsp/peta_prj/build/tmp/work/x86_64-nativesdk-petalinux-linux/gcc-cross-canadian-arm/11.2.0-r0/recipe-sysroot --with-gnu-ld --enable-shared --enable-languages=c,c++ --enable-threads=posix --enable-multilib --enable-default-pie --enable-c99 --enable-long-long --enable-symvers=gnu --enable-libstdcxx-pch --program-prefix=arm-xilinx-linux-gnueabi- --without-local-prefix --disable-install-libiberty --disable-libssp --enable-libitm --enable-lto --disable-bootstrap --with-system-zlib --with-linker-hash-style=gnu --enable-linker-build-id --with-ppl=no --with-cloog=no --enable-checking=release --enable-cheaders=c_global --without-isl --with-gxx-include-dir=/not/exist/usr/include/c++/11.2.0 --with-build-time-tools=/workspace/bsp/peta_prj/build/tmp/work/x86_64-nativesdk-petalinux-linux/gcc-cross-canadian-arm/11.2.0-r0/recipe-sysroot-native/usr/arm-xilinx-linux-gnueabi/bin --with-sysroot=/not/exist --with-build-sysroot=/workspace/bsp/peta_prj/build/tmp/work/x86_64-nativesdk-petalinux-linux/gcc-cross-canadian-arm/11.2.0-r0/recipe-sysroot --enable-standard-branch-protection --enable-poison-system-directories --disable-static --enable-nls --with-glibc-version=2.28 --enable-initfini-array
Thread model: posix
Supported LTO compression algorithms: zlib zstd
gcc version 11.2.0 (GCC) 
COMPILER_PATH=/opt/petalinux/2022.1/sysroots/x86_64-petalinux-linux/usr/libexec/arm-xilinx-linux-gnueabi/gcc/arm-xilinx-linux-gnueabi/11.2.0/:/opt/petalinux/2022.1/sysroots/x86_64-petalinux-linux/usr/libexec/arm-xilinx-linux-gnueabi/gcc/arm-xilinx-linux-gnueabi/11.2.0/:/opt/petalinux/2022.1/sysroots/x86_64-petalinux-linux/usr/libexec/arm-xilinx-linux-gnueabi/gcc/arm-xilinx-linux-gnueabi/:/opt/petalinux/2022.1/sysroots/x86_64-petalinux-linux/usr/lib/arm-xilinx-linux-gnueabi/gcc/arm-xilinx-linux-gnueabi/11.2.0/:/opt/petalinux/2022.1/sysroots/x86_64-petalinux-linux/usr/lib/arm-xilinx-linux-gnueabi/gcc/arm-xilinx-linux-gnueabi/
LIBRARY_PATH=/opt/petalinux/2022.1/sysroots/x86_64-petalinux-linux/usr/lib/arm-xilinx-linux-gnueabi/gcc/arm-xilinx-linux-gnueabi/11.2.0/:/opt/petalinux/2022.1/sysroots/cortexa9t2hf-neon-xilinx-linux-gnueabi/lib/:/opt/petalinux/2022.1/sysroots/cortexa9t2hf-neon-xilinx-linux-gnueabi/usr/lib/arm-xilinx-linux-gnueabi/11.2.0/:/opt/petalinux/2022.1/sysroots/cortexa9t2hf-neon-xilinx-linux-gnueabi/usr/lib/
COLLECT_GCC_OPTIONS='--sysroot=/opt/petalinux/2022.1/sysroots/cortexa9t2hf-neon-xilinx-linux-gnueabi' '-mthumb' '-mfpu=neon' '-mfloat-abi=hard' '-mcpu=cortex-a9' '-fstack-protector-strong' '-O2' '-D' '_FORTIFY_SOURCE=2' '-Wformat=1' '-Wformat-security' '-Werror=format-security' '-O2' '-pipe' '-g' '-feliminate-unused-debug-types' '-v' '-o' 'cmTC_38e3b' '-shared-libgcc' '-mtls-dialect=gnu' '-mlibarch=armv7-a+mp+sec+simd' '-march=armv7-a+mp+sec+simd' '-dumpdir' 'cmTC_38e3b.'
 /opt/petalinux/2022.1/sysroots/x86_64-petalinux-linux/usr/libexec/arm-xilinx-linux-gnueabi/gcc/arm-xilinx-linux-gnueabi/11.2.0/collect2 -plugin /opt/petalinux/2022.1/sysroots/x86_64-petalinux-linux/usr/libexec/arm-xilinx-linux-gnueabi/gcc/arm-xilinx-linux-gnueabi/11.2.0/liblto_plugin.so -plugin-opt=/opt/petalinux/2022.1/sysroots/x86_64-petalinux-linux/usr/libexec/arm-xilinx-linux-gnueabi/gcc/arm-xilinx-linux-gnueabi/11.2.0/lto-wrapper -plugin-opt=-fresolution=/tmp/ccMCt1OZ.res -plugin-opt=-pass-through=-lgcc_s -plugin-opt=-pass-through=-lgcc -plugin-opt=-pass-through=-lc -plugin-opt=-pass-through=-lgcc_s -plugin-opt=-pass-through=-lgcc --sysroot=/opt/petalinux/2022.1/sysroots/cortexa9t2hf-neon-xilinx-linux-gnueabi --build-id --eh-frame-hdr --hash-style=gnu -dynamic-linker /lib/ld-linux-armhf.so.3 -X -m armelf_linux_eabi -pie -o cmTC_38e3b /opt/petalinux/2022.1/sysroots/cortexa9t2hf-neon-xilinx-linux-gnueabi/usr/lib/Scrt1.o /opt/petalinux/2022.1/sysroots/cortexa9t2hf-neon-xilinx-linux-gnueabi/usr/lib/crti.o /opt/petalinux/2022.1/sysroots/cortexa9t2hf-neon-xilinx-linux-gnueabi/usr/lib/arm-xilinx-linux-gnueabi/11.2.0/crtbeginS.o -L/opt/petalinux/2022.1/sysroots/x86_64-petalinux-linux/usr/lib/arm-xilinx-linux-gnueabi/gcc/arm-xilinx-linux-gnueabi/11.2.0 -L/opt/petalinux/2022.1/sysroots/cortexa9t2hf-neon-xilinx-linux-gnueabi/lib -L/opt/petalinux/2022.1/sysroots/cortexa9t2hf-neon-xilinx-linux-gnueabi/usr/lib/arm-xilinx-linux-gnueabi/11.2.0 -L/opt/petalinux/2022.1/sysroots/cortexa9t2hf-neon-xilinx-linux-gnueabi/usr/lib -O1 --hash-style=gnu --as-needed -z relro -z now CMakeFiles/cmTC_38e3b.dir/CMakeCXXCompilerABI.cpp.o -lstdc++ -lm -lgcc_s -lgcc -lc -lgcc_s -lgcc /opt/petalinux/2022.1/sysroots/cortexa9t2hf-neon-xilinx-linux-gnueabi/usr/lib/arm-xilinx-linux-gnueabi/11.2.0/crtendS.o /opt/petalinux/2022.1/sysroots/cortexa9t2hf-neon-xilinx-linux-gnueabi/usr/lib/crtn.o
COLLECT_GCC_OPTIONS='--sysroot=/opt/petalinux/2022.1/sysroots/cortexa9t2hf-neon-xilinx-linux-gnueabi' '-mthumb' '-mfpu=neon' '-mfloat-abi=hard' '-mcpu=cortex-a9' '-fstack-protector-strong' '-O2' '-D' '_FORTIFY_SOURCE=2' '-Wformat=1' '-Wformat-security' '-Werror=format-security' '-O2' '-pipe' '-g' '-feliminate-unused-debug-types' '-v' '-o' 'cmTC_38e3b' '-shared-libgcc' '-mtls-dialect=gnu' '-mlibarch=armv7-a+mp+sec+simd' '-march=armv7-a+mp+sec+simd' '-dumpdir' 'cmTC_38e3b.'
make[1]: Leaving directory '/mnt/hgfs/share/icd_final_pheonix-HD/build/CMakeFiles/CMakeTmp'



Parsed CXX implicit include dir info from above output: rv=done
  found start of include info
  found start of implicit include info
    add: [/opt/petalinux/2022.1/sysroots/cortexa9t2hf-neon-xilinx-linux-gnueabi/usr/include/c++/11.2.0]
    add: [/opt/petalinux/2022.1/sysroots/cortexa9t2hf-neon-xilinx-linux-gnueabi/usr/include/c++/11.2.0/arm-xilinx-linux-gnueabi]
    add: [/opt/petalinux/2022.1/sysroots/cortexa9t2hf-neon-xilinx-linux-gnueabi/usr/include/c++/11.2.0/backward]
    add: [/opt/petalinux/2022.1/sysroots/x86_64-petalinux-linux/usr/lib/arm-xilinx-linux-gnueabi/gcc/arm-xilinx-linux-gnueabi/11.2.0/include]
    add: [/opt/petalinux/2022.1/sysroots/x86_64-petalinux-linux/usr/lib/arm-xilinx-linux-gnueabi/gcc/arm-xilinx-linux-gnueabi/11.2.0/include-fixed]
    add: [/opt/petalinux/2022.1/sysroots/cortexa9t2hf-neon-xilinx-linux-gnueabi/usr/include/]
  end of search list found
  collapse include dir [/opt/petalinux/2022.1/sysroots/cortexa9t2hf-neon-xilinx-linux-gnueabi/usr/include/c++/11.2.0] ==> [/opt/petalinux/2022.1/sysroots/cortexa9t2hf-neon-xilinx-linux-gnueabi/usr/include/c++/11.2.0]
  collapse include dir [/opt/petalinux/2022.1/sysroots/cortexa9t2hf-neon-xilinx-linux-gnueabi/usr/include/c++/11.2.0/arm-xilinx-linux-gnueabi] ==> [/opt/petalinux/2022.1/sysroots/cortexa9t2hf-neon-xilinx-linux-gnueabi/usr/include/c++/11.2.0/arm-xilinx-linux-gnueabi]
  collapse include dir [/opt/petalinux/2022.1/sysroots/cortexa9t2hf-neon-xilinx-linux-gnueabi/usr/include/c++/11.2.0/backward] ==> [/opt/petalinux/2022.1/sysroots/cortexa9t2hf-neon-xilinx-linux-gnueabi/usr/include/c++/11.2.0/backward]
  collapse include dir [/opt/petalinux/2022.1/sysroots/x86_64-petalinux-linux/usr/lib/arm-xilinx-linux-gnueabi/gcc/arm-xilinx-linux-gnueabi/11.2.0/include] ==> [/opt/petalinux/2022.1/sysroots/x86_64-petalinux-linux/usr/lib/arm-xilinx-linux-gnueabi/gcc/arm-xilinx-linux-gnueabi/11.2.0/include]
  collapse include dir [/opt/petalinux/2022.1/sysroots/x86_64-petalinux-linux/usr/lib/arm-xilinx-linux-gnueabi/gcc/arm-xilinx-linux-gnueabi/11.2.0/include-fixed] ==> [/opt/petalinux/2022.1/sysroots/x86_64-petalinux-linux/usr/lib/arm-xilinx-linux-gnueabi/gcc/arm-xilinx-linux-gnueabi/11.2.0/include-fixed]
  collapse include dir [/opt/petalinux/2022.1/sysroots/cortexa9t2hf-neon-xilinx-linux-gnueabi/usr/include/] ==> [/opt/petalinux/2022.1/sysroots/cortexa9t2hf-neon-xilinx-linux-gnueabi/usr/include]
  implicit include dirs: [/opt/petalinux/2022.1/sysroots/cortexa9t2hf-neon-xilinx-linux-gnueabi/usr/include/c++/11.2.0;/opt/petalinux/2022.1/sysroots/cortexa9t2hf-neon-xilinx-linux-gnueabi/usr/include/c++/11.2.0/arm-xilinx-linux-gnueabi;/opt/petalinux/2022.1/sysroots/cortexa9t2hf-neon-xilinx-linux-gnueabi/usr/include/c++/11.2.0/backward;/opt/petalinux/2022.1/sysroots/x86_64-petalinux-linux/usr/lib/arm-xilinx-linux-gnueabi/gcc/arm-xilinx-linux-gnueabi/11.2.0/include;/opt/petalinux/2022.1/sysroots/x86_64-petalinux-linux/usr/lib/arm-xilinx-linux-gnueabi/gcc/arm-xilinx-linux-gnueabi/11.2.0/include-fixed;/opt/petalinux/2022.1/sysroots/cortexa9t2hf-neon-xilinx-linux-gnueabi/usr/include]


Parsed CXX implicit link information from above output:
  link line regex: [^( *|.*[/\])(arm-xilinx-linux-gnueabi-ld|CMAKE_LINK_STARTFILE-NOTFOUND|([^/\]+-)?ld|collect2)[^/\]*( |$)]
  ignore line: [Change Dir: /mnt/hgfs/share/icd_final_pheonix-HD/build/CMakeFiles/CMakeTmp]
  ignore line: []
  ignore line: [Run Build Command(s):/usr/bin/make -f Makefile cmTC_38e3b/fast && /usr/bin/make  -f CMakeFiles/cmTC_38e3b.dir/build.make CMakeFiles/cmTC_38e3b.dir/build]
  ignore line: [make[1]: Entering directory '/mnt/hgfs/share/icd_final_pheonix-HD/build/CMakeFiles/CMakeTmp']
  ignore line: [Building CXX object CMakeFiles/cmTC_38e3b.dir/CMakeCXXCompilerABI.cpp.o]
  ignore line: [/opt/petalinux/2022.1/sysroots/x86_64-petalinux-linux/usr/bin/arm-xilinx-linux-gnueabi/arm-xilinx-linux-gnueabi-g++   -mthumb -mfpu=neon -mfloat-abi=hard -mcpu=cortex-a9 -fstack-protector-strong  -O2 -D_FORTIFY_SOURCE=2 -Wformat -Wformat-security -Werror=format-security --sysroot=/opt/petalinux/2022.1/sysroots/cortexa9t2hf-neon-xilinx-linux-gnueabi --sysroot=/opt/petalinux/2022.1/sysroots/cortexa9t2hf-neon-xilinx-linux-gnueabi   -O2 -pipe -g -feliminate-unused-debug-types     -v -o CMakeFiles/cmTC_38e3b.dir/CMakeCXXCompilerABI.cpp.o -c /opt/petalinux/2022.1/sysroots/x86_64-petalinux-linux/usr/share/cmake-3.21/Modules/CMakeCXXCompilerABI.cpp]
  ignore line: [Using built-in specs.]
  ignore line: [COLLECT_GCC=/opt/petalinux/2022.1/sysroots/x86_64-petalinux-linux/usr/bin/arm-xilinx-linux-gnueabi/arm-xilinx-linux-gnueabi-g++]
  ignore line: [Target: arm-xilinx-linux-gnueabi]
  ignore line: [Configured with: ../../../../../../work-shared/gcc-11.2.0-r0/gcc-11.2.0/configure --build=x86_64-linux --host=x86_64-petalinux-linux --target=arm-xilinx-linux-gnueabi --prefix=/usr/local/oe-sdk-hardcoded-buildpath/sysroots/x86_64-petalinux-linux/usr --exec_prefix=/usr/local/oe-sdk-hardcoded-buildpath/sysroots/x86_64-petalinux-linux/usr --bindir=/usr/local/oe-sdk-hardcoded-buildpath/sysroots/x86_64-petalinux-linux/usr/bin/arm-xilinx-linux-gnueabi --sbindir=/usr/local/oe-sdk-hardcoded-buildpath/sysroots/x86_64-petalinux-linux/usr/bin/arm-xilinx-linux-gnueabi --libexecdir=/usr/local/oe-sdk-hardcoded-buildpath/sysroots/x86_64-petalinux-linux/usr/libexec/arm-xilinx-linux-gnueabi --datadir=/usr/local/oe-sdk-hardcoded-buildpath/sysroots/x86_64-petalinux-linux/usr/share --sysconfdir=/usr/local/oe-sdk-hardcoded-buildpath/sysroots/x86_64-petalinux-linux/etc --sharedstatedir=/usr/local/oe-sdk-hardcoded-buildpath/sysroots/x86_64-petalinux-linux/com --localstatedir=/usr/local/oe-sdk-hardcoded-buildpath/sysroots/x86_64-petalinux-linux/var --libdir=/usr/local/oe-sdk-hardcoded-buildpath/sysroots/x86_64-petalinux-linux/usr/lib/arm-xilinx-linux-gnueabi --includedir=/usr/local/oe-sdk-hardcoded-buildpath/sysroots/x86_64-petalinux-linux/usr/include --oldincludedir=/usr/local/oe-sdk-hardcoded-buildpath/sysroots/x86_64-petalinux-linux/usr/include --infodir=/usr/local/oe-sdk-hardcoded-buildpath/sysroots/x86_64-petalinux-linux/usr/share/info --mandir=/usr/local/oe-sdk-hardcoded-buildpath/sysroots/x86_64-petalinux-linux/usr/share/man --disable-silent-rules --disable-dependency-tracking --with-libtool-sysroot=/workspace/bsp/peta_prj/build/tmp/work/x86_64-nativesdk-petalinux-linux/gcc-cross-canadian-arm/11.2.0-r0/recipe-sysroot --with-gnu-ld --enable-shared --enable-languages=c,c++ --enable-threads=posix --enable-multilib --enable-default-pie --enable-c99 --enable-long-long --enable-symvers=gnu --enable-libstdcxx-pch --program-prefix=arm-xilinx-linux-gnueabi- --without-local-prefix --disable-install-libiberty --disable-libssp --enable-libitm --enable-lto --disable-bootstrap --with-system-zlib --with-linker-hash-style=gnu --enable-linker-build-id --with-ppl=no --with-cloog=no --enable-checking=release --enable-cheaders=c_global --without-isl --with-gxx-include-dir=/not/exist/usr/include/c++/11.2.0 --with-build-time-tools=/workspace/bsp/peta_prj/build/tmp/work/x86_64-nativesdk-petalinux-linux/gcc-cross-canadian-arm/11.2.0-r0/recipe-sysroot-native/usr/arm-xilinx-linux-gnueabi/bin --with-sysroot=/not/exist --with-build-sysroot=/workspace/bsp/peta_prj/build/tmp/work/x86_64-nativesdk-petalinux-linux/gcc-cross-canadian-arm/11.2.0-r0/recipe-sysroot --enable-standard-branch-protection --enable-poison-system-directories --disable-static --enable-nls --with-glibc-version=2.28 --enable-initfini-array]
  ignore line: [Thread model: posix]
  ignore line: [Supported LTO compression algorithms: zlib zstd]
  ignore line: [gcc version 11.2.0 (GCC) ]
  ignore line: [COLLECT_GCC_OPTIONS='--sysroot=/opt/petalinux/2022.1/sysroots/cortexa9t2hf-neon-xilinx-linux-gnueabi' '-mthumb' '-mfpu=neon' '-mfloat-abi=hard' '-mcpu=cortex-a9' '-fstack-protector-strong' '-O2' '-D' '_FORTIFY_SOURCE=2' '-Wformat=1' '-Wformat-security' '-Werror=format-security' '-O2' '-pipe' '-g' '-feliminate-unused-debug-types' '-v' '-o' 'CMakeFiles/cmTC_38e3b.dir/CMakeCXXCompilerABI.cpp.o' '-c' '-shared-libgcc' '-mtls-dialect=gnu' '-mlibarch=armv7-a+mp+sec+simd' '-march=armv7-a+mp+sec+simd' '-dumpdir' 'CMakeFiles/cmTC_38e3b.dir/']
  ignore line: [ /opt/petalinux/2022.1/sysroots/x86_64-petalinux-linux/usr/libexec/arm-xilinx-linux-gnueabi/gcc/arm-xilinx-linux-gnueabi/11.2.0/cc1plus -quiet -v -isysroot /opt/petalinux/2022.1/sysroots/cortexa9t2hf-neon-xilinx-linux-gnueabi -D_GNU_SOURCE -D _FORTIFY_SOURCE=2 /opt/petalinux/2022.1/sysroots/x86_64-petalinux-linux/usr/share/cmake-3.21/Modules/CMakeCXXCompilerABI.cpp -quiet -dumpdir CMakeFiles/cmTC_38e3b.dir/ -dumpbase CMakeCXXCompilerABI.cpp.cpp -dumpbase-ext .cpp -mthumb -mfpu=neon -mfloat-abi=hard -mcpu=cortex-a9 -mtls-dialect=gnu -mlibarch=armv7-a+mp+sec+simd -march=armv7-a+mp+sec+simd -g -O2 -O2 -Wformat=1 -Wformat-security -Werror=format-security -version -fstack-protector-strong -feliminate-unused-debug-types -o - |]
  ignore line: [ /opt/petalinux/2022.1/sysroots/x86_64-petalinux-linux/usr/libexec/arm-xilinx-linux-gnueabi/gcc/arm-xilinx-linux-gnueabi/11.2.0/as -v -march=armv7-a+mp+sec -mfloat-abi=hard -mfpu=neon -meabi=5 -o CMakeFiles/cmTC_38e3b.dir/CMakeCXXCompilerABI.cpp.o]
  ignore line: [GNU assembler version 2.37 (arm-xilinx-linux-gnueabi) using BFD version (GNU Binutils) 2.37.20210721]
  ignore line: [GNU C++17 (GCC) version 11.2.0 (arm-xilinx-linux-gnueabi)]
  ignore line: [	compiled by GNU C version 11.2.0  GMP version 6.2.1  MPFR version 4.1.0  MPC version 1.2.1  isl version none]
  ignore line: [GGC heuristics: --param ggc-min-expand=100 --param ggc-min-heapsize=131072]
  ignore line: [ignoring nonexistent directory "/opt/petalinux/2022.1/sysroots/cortexa9t2hf-neon-xilinx-linux-gnueabi/usr/lib/arm-xilinx-linux-gnueabi/11.2.0/include"]
  ignore line: [ignoring nonexistent directory "/opt/petalinux/2022.1/sysroots/cortexa9t2hf-neon-xilinx-linux-gnueabi/usr/local/include"]
  ignore line: [ignoring nonexistent directory "/opt/petalinux/2022.1/sysroots/x86_64-petalinux-linux/usr/lib/arm-xilinx-linux-gnueabi/gcc/arm-xilinx-linux-gnueabi/11.2.0/../../../../../arm-xilinx-linux-gnueabi/include"]
  ignore line: [#include "..." search starts here:]
  ignore line: [#include <...> search starts here:]
  ignore line: [ /opt/petalinux/2022.1/sysroots/cortexa9t2hf-neon-xilinx-linux-gnueabi/usr/include/c++/11.2.0]
  ignore line: [ /opt/petalinux/2022.1/sysroots/cortexa9t2hf-neon-xilinx-linux-gnueabi/usr/include/c++/11.2.0/arm-xilinx-linux-gnueabi]
  ignore line: [ /opt/petalinux/2022.1/sysroots/cortexa9t2hf-neon-xilinx-linux-gnueabi/usr/include/c++/11.2.0/backward]
  ignore line: [ /opt/petalinux/2022.1/sysroots/x86_64-petalinux-linux/usr/lib/arm-xilinx-linux-gnueabi/gcc/arm-xilinx-linux-gnueabi/11.2.0/include]
  ignore line: [ /opt/petalinux/2022.1/sysroots/x86_64-petalinux-linux/usr/lib/arm-xilinx-linux-gnueabi/gcc/arm-xilinx-linux-gnueabi/11.2.0/include-fixed]
  ignore line: [ /opt/petalinux/2022.1/sysroots/cortexa9t2hf-neon-xilinx-linux-gnueabi/usr/include/]
  ignore line: [End of search list.]
  ignore line: [GNU C++17 (GCC) version 11.2.0 (arm-xilinx-linux-gnueabi)]
  ignore line: [	compiled by GNU C version 11.2.0  GMP version 6.2.1  MPFR version 4.1.0  MPC version 1.2.1  isl version none]
  ignore line: [GGC heuristics: --param ggc-min-expand=100 --param ggc-min-heapsize=131072]
  ignore line: [Compiler executable checksum: 47f916f8a79c14ed731615598467aaa8]
  ignore line: [COMPILER_PATH=/opt/petalinux/2022.1/sysroots/x86_64-petalinux-linux/usr/libexec/arm-xilinx-linux-gnueabi/gcc/arm-xilinx-linux-gnueabi/11.2.0/:/opt/petalinux/2022.1/sysroots/x86_64-petalinux-linux/usr/libexec/arm-xilinx-linux-gnueabi/gcc/arm-xilinx-linux-gnueabi/11.2.0/:/opt/petalinux/2022.1/sysroots/x86_64-petalinux-linux/usr/libexec/arm-xilinx-linux-gnueabi/gcc/arm-xilinx-linux-gnueabi/:/opt/petalinux/2022.1/sysroots/x86_64-petalinux-linux/usr/lib/arm-xilinx-linux-gnueabi/gcc/arm-xilinx-linux-gnueabi/11.2.0/:/opt/petalinux/2022.1/sysroots/x86_64-petalinux-linux/usr/lib/arm-xilinx-linux-gnueabi/gcc/arm-xilinx-linux-gnueabi/]
  ignore line: [LIBRARY_PATH=/opt/petalinux/2022.1/sysroots/x86_64-petalinux-linux/usr/lib/arm-xilinx-linux-gnueabi/gcc/arm-xilinx-linux-gnueabi/11.2.0/:/opt/petalinux/2022.1/sysroots/cortexa9t2hf-neon-xilinx-linux-gnueabi/lib/:/opt/petalinux/2022.1/sysroots/cortexa9t2hf-neon-xilinx-linux-gnueabi/usr/lib/arm-xilinx-linux-gnueabi/11.2.0/:/opt/petalinux/2022.1/sysroots/cortexa9t2hf-neon-xilinx-linux-gnueabi/usr/lib/]
  ignore line: [COLLECT_GCC_OPTIONS='--sysroot=/opt/petalinux/2022.1/sysroots/cortexa9t2hf-neon-xilinx-linux-gnueabi' '-mthumb' '-mfpu=neon' '-mfloat-abi=hard' '-mcpu=cortex-a9' '-fstack-protector-strong' '-O2' '-D' '_FORTIFY_SOURCE=2' '-Wformat=1' '-Wformat-security' '-Werror=format-security' '-O2' '-pipe' '-g' '-feliminate-unused-debug-types' '-v' '-o' 'CMakeFiles/cmTC_38e3b.dir/CMakeCXXCompilerABI.cpp.o' '-c' '-shared-libgcc' '-mtls-dialect=gnu' '-mlibarch=armv7-a+mp+sec+simd' '-march=armv7-a+mp+sec+simd' '-dumpdir' 'CMakeFiles/cmTC_38e3b.dir/CMakeCXXCompilerABI.cpp.']
  ignore line: [Linking CXX executable cmTC_38e3b]
  ignore line: [/opt/petalinux/2022.1/sysroots/x86_64-petalinux-linux/usr/bin/cmake -E cmake_link_script CMakeFiles/cmTC_38e3b.dir/link.txt --verbose=1]
  ignore line: [/opt/petalinux/2022.1/sysroots/x86_64-petalinux-linux/usr/bin/arm-xilinx-linux-gnueabi/arm-xilinx-linux-gnueabi-g++   -mthumb -mfpu=neon -mfloat-abi=hard -mcpu=cortex-a9 -fstack-protector-strong  -O2 -D_FORTIFY_SOURCE=2 -Wformat -Wformat-security -Werror=format-security --sysroot=/opt/petalinux/2022.1/sysroots/cortexa9t2hf-neon-xilinx-linux-gnueabi --sysroot=/opt/petalinux/2022.1/sysroots/cortexa9t2hf-neon-xilinx-linux-gnueabi  -O2 -pipe -g -feliminate-unused-debug-types   -Wl -O1 -Wl --hash-style=gnu -Wl --as-needed  -Wl -z relro -z now -v CMakeFiles/cmTC_38e3b.dir/CMakeCXXCompilerABI.cpp.o -o cmTC_38e3b ]
  ignore line: [Using built-in specs.]
  ignore line: [COLLECT_GCC=/opt/petalinux/2022.1/sysroots/x86_64-petalinux-linux/usr/bin/arm-xilinx-linux-gnueabi/arm-xilinx-linux-gnueabi-g++]
  ignore line: [COLLECT_LTO_WRAPPER=/opt/petalinux/2022.1/sysroots/x86_64-petalinux-linux/usr/libexec/arm-xilinx-linux-gnueabi/gcc/arm-xilinx-linux-gnueabi/11.2.0/lto-wrapper]
  ignore line: [Target: arm-xilinx-linux-gnueabi]
  ignore line: [Configured with: ../../../../../../work-shared/gcc-11.2.0-r0/gcc-11.2.0/configure --build=x86_64-linux --host=x86_64-petalinux-linux --target=arm-xilinx-linux-gnueabi --prefix=/usr/local/oe-sdk-hardcoded-buildpath/sysroots/x86_64-petalinux-linux/usr --exec_prefix=/usr/local/oe-sdk-hardcoded-buildpath/sysroots/x86_64-petalinux-linux/usr --bindir=/usr/local/oe-sdk-hardcoded-buildpath/sysroots/x86_64-petalinux-linux/usr/bin/arm-xilinx-linux-gnueabi --sbindir=/usr/local/oe-sdk-hardcoded-buildpath/sysroots/x86_64-petalinux-linux/usr/bin/arm-xilinx-linux-gnueabi --libexecdir=/usr/local/oe-sdk-hardcoded-buildpath/sysroots/x86_64-petalinux-linux/usr/libexec/arm-xilinx-linux-gnueabi --datadir=/usr/local/oe-sdk-hardcoded-buildpath/sysroots/x86_64-petalinux-linux/usr/share --sysconfdir=/usr/local/oe-sdk-hardcoded-buildpath/sysroots/x86_64-petalinux-linux/etc --sharedstatedir=/usr/local/oe-sdk-hardcoded-buildpath/sysroots/x86_64-petalinux-linux/com --localstatedir=/usr/local/oe-sdk-hardcoded-buildpath/sysroots/x86_64-petalinux-linux/var --libdir=/usr/local/oe-sdk-hardcoded-buildpath/sysroots/x86_64-petalinux-linux/usr/lib/arm-xilinx-linux-gnueabi --includedir=/usr/local/oe-sdk-hardcoded-buildpath/sysroots/x86_64-petalinux-linux/usr/include --oldincludedir=/usr/local/oe-sdk-hardcoded-buildpath/sysroots/x86_64-petalinux-linux/usr/include --infodir=/usr/local/oe-sdk-hardcoded-buildpath/sysroots/x86_64-petalinux-linux/usr/share/info --mandir=/usr/local/oe-sdk-hardcoded-buildpath/sysroots/x86_64-petalinux-linux/usr/share/man --disable-silent-rules --disable-dependency-tracking --with-libtool-sysroot=/workspace/bsp/peta_prj/build/tmp/work/x86_64-nativesdk-petalinux-linux/gcc-cross-canadian-arm/11.2.0-r0/recipe-sysroot --with-gnu-ld --enable-shared --enable-languages=c,c++ --enable-threads=posix --enable-multilib --enable-default-pie --enable-c99 --enable-long-long --enable-symvers=gnu --enable-libstdcxx-pch --program-prefix=arm-xilinx-linux-gnueabi- --without-local-prefix --disable-install-libiberty --disable-libssp --enable-libitm --enable-lto --disable-bootstrap --with-system-zlib --with-linker-hash-style=gnu --enable-linker-build-id --with-ppl=no --with-cloog=no --enable-checking=release --enable-cheaders=c_global --without-isl --with-gxx-include-dir=/not/exist/usr/include/c++/11.2.0 --with-build-time-tools=/workspace/bsp/peta_prj/build/tmp/work/x86_64-nativesdk-petalinux-linux/gcc-cross-canadian-arm/11.2.0-r0/recipe-sysroot-native/usr/arm-xilinx-linux-gnueabi/bin --with-sysroot=/not/exist --with-build-sysroot=/workspace/bsp/peta_prj/build/tmp/work/x86_64-nativesdk-petalinux-linux/gcc-cross-canadian-arm/11.2.0-r0/recipe-sysroot --enable-standard-branch-protection --enable-poison-system-directories --disable-static --enable-nls --with-glibc-version=2.28 --enable-initfini-array]
  ignore line: [Thread model: posix]
  ignore line: [Supported LTO compression algorithms: zlib zstd]
  ignore line: [gcc version 11.2.0 (GCC) ]
  ignore line: [COMPILER_PATH=/opt/petalinux/2022.1/sysroots/x86_64-petalinux-linux/usr/libexec/arm-xilinx-linux-gnueabi/gcc/arm-xilinx-linux-gnueabi/11.2.0/:/opt/petalinux/2022.1/sysroots/x86_64-petalinux-linux/usr/libexec/arm-xilinx-linux-gnueabi/gcc/arm-xilinx-linux-gnueabi/11.2.0/:/opt/petalinux/2022.1/sysroots/x86_64-petalinux-linux/usr/libexec/arm-xilinx-linux-gnueabi/gcc/arm-xilinx-linux-gnueabi/:/opt/petalinux/2022.1/sysroots/x86_64-petalinux-linux/usr/lib/arm-xilinx-linux-gnueabi/gcc/arm-xilinx-linux-gnueabi/11.2.0/:/opt/petalinux/2022.1/sysroots/x86_64-petalinux-linux/usr/lib/arm-xilinx-linux-gnueabi/gcc/arm-xilinx-linux-gnueabi/]
  ignore line: [LIBRARY_PATH=/opt/petalinux/2022.1/sysroots/x86_64-petalinux-linux/usr/lib/arm-xilinx-linux-gnueabi/gcc/arm-xilinx-linux-gnueabi/11.2.0/:/opt/petalinux/2022.1/sysroots/cortexa9t2hf-neon-xilinx-linux-gnueabi/lib/:/opt/petalinux/2022.1/sysroots/cortexa9t2hf-neon-xilinx-linux-gnueabi/usr/lib/arm-xilinx-linux-gnueabi/11.2.0/:/opt/petalinux/2022.1/sysroots/cortexa9t2hf-neon-xilinx-linux-gnueabi/usr/lib/]
  ignore line: [COLLECT_GCC_OPTIONS='--sysroot=/opt/petalinux/2022.1/sysroots/cortexa9t2hf-neon-xilinx-linux-gnueabi' '-mthumb' '-mfpu=neon' '-mfloat-abi=hard' '-mcpu=cortex-a9' '-fstack-protector-strong' '-O2' '-D' '_FORTIFY_SOURCE=2' '-Wformat=1' '-Wformat-security' '-Werror=format-security' '-O2' '-pipe' '-g' '-feliminate-unused-debug-types' '-v' '-o' 'cmTC_38e3b' '-shared-libgcc' '-mtls-dialect=gnu' '-mlibarch=armv7-a+mp+sec+simd' '-march=armv7-a+mp+sec+simd' '-dumpdir' 'cmTC_38e3b.']
  link line: [ /opt/petalinux/2022.1/sysroots/x86_64-petalinux-linux/usr/libexec/arm-xilinx-linux-gnueabi/gcc/arm-xilinx-linux-gnueabi/11.2.0/collect2 -plugin /opt/petalinux/2022.1/sysroots/x86_64-petalinux-linux/usr/libexec/arm-xilinx-linux-gnueabi/gcc/arm-xilinx-linux-gnueabi/11.2.0/liblto_plugin.so -plugin-opt=/opt/petalinux/2022.1/sysroots/x86_64-petalinux-linux/usr/libexec/arm-xilinx-linux-gnueabi/gcc/arm-xilinx-linux-gnueabi/11.2.0/lto-wrapper -plugin-opt=-fresolution=/tmp/ccMCt1OZ.res -plugin-opt=-pass-through=-lgcc_s -plugin-opt=-pass-through=-lgcc -plugin-opt=-pass-through=-lc -plugin-opt=-pass-through=-lgcc_s -plugin-opt=-pass-through=-lgcc --sysroot=/opt/petalinux/2022.1/sysroots/cortexa9t2hf-neon-xilinx-linux-gnueabi --build-id --eh-frame-hdr --hash-style=gnu -dynamic-linker /lib/ld-linux-armhf.so.3 -X -m armelf_linux_eabi -pie -o cmTC_38e3b /opt/petalinux/2022.1/sysroots/cortexa9t2hf-neon-xilinx-linux-gnueabi/usr/lib/Scrt1.o /opt/petalinux/2022.1/sysroots/cortexa9t2hf-neon-xilinx-linux-gnueabi/usr/lib/crti.o /opt/petalinux/2022.1/sysroots/cortexa9t2hf-neon-xilinx-linux-gnueabi/usr/lib/arm-xilinx-linux-gnueabi/11.2.0/crtbeginS.o -L/opt/petalinux/2022.1/sysroots/x86_64-petalinux-linux/usr/lib/arm-xilinx-linux-gnueabi/gcc/arm-xilinx-linux-gnueabi/11.2.0 -L/opt/petalinux/2022.1/sysroots/cortexa9t2hf-neon-xilinx-linux-gnueabi/lib -L/opt/petalinux/2022.1/sysroots/cortexa9t2hf-neon-xilinx-linux-gnueabi/usr/lib/arm-xilinx-linux-gnueabi/11.2.0 -L/opt/petalinux/2022.1/sysroots/cortexa9t2hf-neon-xilinx-linux-gnueabi/usr/lib -O1 --hash-style=gnu --as-needed -z relro -z now CMakeFiles/cmTC_38e3b.dir/CMakeCXXCompilerABI.cpp.o -lstdc++ -lm -lgcc_s -lgcc -lc -lgcc_s -lgcc /opt/petalinux/2022.1/sysroots/cortexa9t2hf-neon-xilinx-linux-gnueabi/usr/lib/arm-xilinx-linux-gnueabi/11.2.0/crtendS.o /opt/petalinux/2022.1/sysroots/cortexa9t2hf-neon-xilinx-linux-gnueabi/usr/lib/crtn.o]
    arg [/opt/petalinux/2022.1/sysroots/x86_64-petalinux-linux/usr/libexec/arm-xilinx-linux-gnueabi/gcc/arm-xilinx-linux-gnueabi/11.2.0/collect2] ==> ignore
    arg [-plugin] ==> ignore
    arg [/opt/petalinux/2022.1/sysroots/x86_64-petalinux-linux/usr/libexec/arm-xilinx-linux-gnueabi/gcc/arm-xilinx-linux-gnueabi/11.2.0/liblto_plugin.so] ==> ignore
    arg [-plugin-opt=/opt/petalinux/2022.1/sysroots/x86_64-petalinux-linux/usr/libexec/arm-xilinx-linux-gnueabi/gcc/arm-xilinx-linux-gnueabi/11.2.0/lto-wrapper] ==> ignore
    arg [-plugin-opt=-fresolution=/tmp/ccMCt1OZ.res] ==> ignore
    arg [-plugin-opt=-pass-through=-lgcc_s] ==> ignore
    arg [-plugin-opt=-pass-through=-lgcc] ==> ignore
    arg [-plugin-opt=-pass-through=-lc] ==> ignore
    arg [-plugin-opt=-pass-through=-lgcc_s] ==> ignore
    arg [-plugin-opt=-pass-through=-lgcc] ==> ignore
    arg [--sysroot=/opt/petalinux/2022.1/sysroots/cortexa9t2hf-neon-xilinx-linux-gnueabi] ==> ignore
    arg [--build-id] ==> ignore
    arg [--eh-frame-hdr] ==> ignore
    arg [--hash-style=gnu] ==> ignore
    arg [-dynamic-linker] ==> ignore
    arg [/lib/ld-linux-armhf.so.3] ==> ignore
    arg [-X] ==> ignore
    arg [-m] ==> ignore
    arg [armelf_linux_eabi] ==> ignore
    arg [-pie] ==> ignore
    arg [-o] ==> ignore
    arg [cmTC_38e3b] ==> ignore
    arg [/opt/petalinux/2022.1/sysroots/cortexa9t2hf-neon-xilinx-linux-gnueabi/usr/lib/Scrt1.o] ==> obj [/opt/petalinux/2022.1/sysroots/cortexa9t2hf-neon-xilinx-linux-gnueabi/usr/lib/Scrt1.o]
    arg [/opt/petalinux/2022.1/sysroots/cortexa9t2hf-neon-xilinx-linux-gnueabi/usr/lib/crti.o] ==> obj [/opt/petalinux/2022.1/sysroots/cortexa9t2hf-neon-xilinx-linux-gnueabi/usr/lib/crti.o]
    arg [/opt/petalinux/2022.1/sysroots/cortexa9t2hf-neon-xilinx-linux-gnueabi/usr/lib/arm-xilinx-linux-gnueabi/11.2.0/crtbeginS.o] ==> obj [/opt/petalinux/2022.1/sysroots/cortexa9t2hf-neon-xilinx-linux-gnueabi/usr/lib/arm-xilinx-linux-gnueabi/11.2.0/crtbeginS.o]
    arg [-L/opt/petalinux/2022.1/sysroots/x86_64-petalinux-linux/usr/lib/arm-xilinx-linux-gnueabi/gcc/arm-xilinx-linux-gnueabi/11.2.0] ==> dir [/opt/petalinux/2022.1/sysroots/x86_64-petalinux-linux/usr/lib/arm-xilinx-linux-gnueabi/gcc/arm-xilinx-linux-gnueabi/11.2.0]
    arg [-L/opt/petalinux/2022.1/sysroots/cortexa9t2hf-neon-xilinx-linux-gnueabi/lib] ==> dir [/opt/petalinux/2022.1/sysroots/cortexa9t2hf-neon-xilinx-linux-gnueabi/lib]
    arg [-L/opt/petalinux/2022.1/sysroots/cortexa9t2hf-neon-xilinx-linux-gnueabi/usr/lib/arm-xilinx-linux-gnueabi/11.2.0] ==> dir [/opt/petalinux/2022.1/sysroots/cortexa9t2hf-neon-xilinx-linux-gnueabi/usr/lib/arm-xilinx-linux-gnueabi/11.2.0]
    arg [-L/opt/petalinux/2022.1/sysroots/cortexa9t2hf-neon-xilinx-linux-gnueabi/usr/lib] ==> dir [/opt/petalinux/2022.1/sysroots/cortexa9t2hf-neon-xilinx-linux-gnueabi/usr/lib]
    arg [-O1] ==> ignore
    arg [--hash-style=gnu] ==> ignore
    arg [--as-needed] ==> ignore
    arg [-zrelro] ==> ignore
    arg [-znow] ==> ignore
    arg [CMakeFiles/cmTC_38e3b.dir/CMakeCXXCompilerABI.cpp.o] ==> ignore
    arg [-lstdc++] ==> lib [stdc++]
    arg [-lm] ==> lib [m]
    arg [-lgcc_s] ==> lib [gcc_s]
    arg [-lgcc] ==> lib [gcc]
    arg [-lc] ==> lib [c]
    arg [-lgcc_s] ==> lib [gcc_s]
    arg [-lgcc] ==> lib [gcc]
    arg [/opt/petalinux/2022.1/sysroots/cortexa9t2hf-neon-xilinx-linux-gnueabi/usr/lib/arm-xilinx-linux-gnueabi/11.2.0/crtendS.o] ==> obj [/opt/petalinux/2022.1/sysroots/cortexa9t2hf-neon-xilinx-linux-gnueabi/usr/lib/arm-xilinx-linux-gnueabi/11.2.0/crtendS.o]
    arg [/opt/petalinux/2022.1/sysroots/cortexa9t2hf-neon-xilinx-linux-gnueabi/usr/lib/crtn.o] ==> obj [/opt/petalinux/2022.1/sysroots/cortexa9t2hf-neon-xilinx-linux-gnueabi/usr/lib/crtn.o]
  collapse library dir [/opt/petalinux/2022.1/sysroots/x86_64-petalinux-linux/usr/lib/arm-xilinx-linux-gnueabi/gcc/arm-xilinx-linux-gnueabi/11.2.0] ==> [/opt/petalinux/2022.1/sysroots/x86_64-petalinux-linux/usr/lib/arm-xilinx-linux-gnueabi/gcc/arm-xilinx-linux-gnueabi/11.2.0]
  collapse library dir [/opt/petalinux/2022.1/sysroots/cortexa9t2hf-neon-xilinx-linux-gnueabi/lib] ==> [/opt/petalinux/2022.1/sysroots/cortexa9t2hf-neon-xilinx-linux-gnueabi/lib]
  collapse library dir [/opt/petalinux/2022.1/sysroots/cortexa9t2hf-neon-xilinx-linux-gnueabi/usr/lib/arm-xilinx-linux-gnueabi/11.2.0] ==> [/opt/petalinux/2022.1/sysroots/cortexa9t2hf-neon-xilinx-linux-gnueabi/usr/lib/arm-xilinx-linux-gnueabi/11.2.0]
  collapse library dir [/opt/petalinux/2022.1/sysroots/cortexa9t2hf-neon-xilinx-linux-gnueabi/usr/lib] ==> [/opt/petalinux/2022.1/sysroots/cortexa9t2hf-neon-xilinx-linux-gnueabi/usr/lib]
  implicit libs: [stdc++;m;gcc_s;gcc;c;gcc_s;gcc]
  implicit objs: [/opt/petalinux/2022.1/sysroots/cortexa9t2hf-neon-xilinx-linux-gnueabi/usr/lib/Scrt1.o;/opt/petalinux/2022.1/sysroots/cortexa9t2hf-neon-xilinx-linux-gnueabi/usr/lib/crti.o;/opt/petalinux/2022.1/sysroots/cortexa9t2hf-neon-xilinx-linux-gnueabi/usr/lib/arm-xilinx-linux-gnueabi/11.2.0/crtbeginS.o;/opt/petalinux/2022.1/sysroots/cortexa9t2hf-neon-xilinx-linux-gnueabi/usr/lib/arm-xilinx-linux-gnueabi/11.2.0/crtendS.o;/opt/petalinux/2022.1/sysroots/cortexa9t2hf-neon-xilinx-linux-gnueabi/usr/lib/crtn.o]
  implicit dirs: [/opt/petalinux/2022.1/sysroots/x86_64-petalinux-linux/usr/lib/arm-xilinx-linux-gnueabi/gcc/arm-xilinx-linux-gnueabi/11.2.0;/opt/petalinux/2022.1/sysroots/cortexa9t2hf-neon-xilinx-linux-gnueabi/lib;/opt/petalinux/2022.1/sysroots/cortexa9t2hf-neon-xilinx-linux-gnueabi/usr/lib/arm-xilinx-linux-gnueabi/11.2.0;/opt/petalinux/2022.1/sysroots/cortexa9t2hf-neon-xilinx-linux-gnueabi/usr/lib]
  implicit fwks: []


