The target system is: Linux -  - cortexa9t2hf-neon-xilinx
The host system is: Linux - 5.15.0-139-generic - x86_64
Compiling the C compiler identification source file "CMakeCCompilerId.c" succeeded.
Compiler: /opt/gcc-linaro-12.2.1-2022.11-x86_64_arm-linux-gnueabihf/bin/arm-linux-gnueabihf-gcc 
Build flags: ;-O2;-pipe;-g;-feliminate-unused-debug-types;
Id flags:  

The output was:
0


Compilation of the C compiler identification source "CMakeCCompilerId.c" produced "a.out"

The C compiler identification is GNU, found in "/mnt/hgfs/share/icd_final_pheonix-HD - boost_video/build/CMakeFiles/3.24.2/CompilerIdC/a.out"

Compiling the CXX compiler identification source file "CMakeCXXCompilerId.cpp" succeeded.
Compiler: /opt/gcc-linaro-12.2.1-2022.11-x86_64_arm-linux-gnueabihf/bin/arm-linux-gnueabihf-g++ 
Build flags: ;-O2;-pipe;-g;-feliminate-unused-debug-types;
Id flags:  

The output was:
0


Compilation of the CXX compiler identification source "CMakeCXXCompilerId.cpp" produced "a.out"

The CXX compiler identification is GNU, found in "/mnt/hgfs/share/icd_final_pheonix-HD - boost_video/build/CMakeFiles/3.24.2/CompilerIdCXX/a.out"

Detecting C compiler ABI info compiled with the following output:
Change Dir: /mnt/hgfs/share/icd_final_pheonix-HD - boost_video/build/CMakeFiles/CMakeTmp

Run Build Command(s):/usr/bin/make -f Makefile cmTC_e0ff5/fast && make: Warning: File 'Makefile' has modification time 0.37 s in the future
/usr/bin/make  -f CMakeFiles/cmTC_e0ff5.dir/build.make CMakeFiles/cmTC_e0ff5.dir/build
make[1]: Entering directory '/mnt/hgfs/share/icd_final_pheonix-HD - boost_video/build/CMakeFiles/CMakeTmp'
make[1]: Warning: File 'CMakeFiles/cmTC_e0ff5.dir/flags.make' has modification time 0.34 s in the future
Building C object CMakeFiles/cmTC_e0ff5.dir/CMakeCCompilerABI.c.o
/opt/gcc-linaro-12.2.1-2022.11-x86_64_arm-linux-gnueabihf/bin/arm-linux-gnueabihf-gcc --sysroot=/workspace/peta_prj/Clocked_pwm_peta_v2/zynq_sdk/sysroots/cortexa9t2hf-neon-xilinx-linux-gnueabi   -O2 -pipe -g -feliminate-unused-debug-types     -v -o CMakeFiles/cmTC_e0ff5.dir/CMakeCCompilerABI.c.o -c /workspace/peta_prj/Clocked_pwm_peta_v2/zynq_sdk/sysroots/x86_64-petalinux-linux/usr/share/cmake-3.24/Modules/CMakeCCompilerABI.c
Using built-in specs.
COLLECT_GCC=/opt/gcc-linaro-12.2.1-2022.11-x86_64_arm-linux-gnueabihf/bin/arm-linux-gnueabihf-gcc
Target: arm-linux-gnueabihf
Configured with: '/home/tcwg-buildslave/workspace/tcwg-gnu-build_2/snapshots/gcc.git~releases~gcc-12/configure' SHELL=/bin/bash --with-mpc=/home/tcwg-buildslave/workspace/tcwg-gnu-build_2/_build/builds/destdir/x86_64-pc-linux-gnu --with-mpfr=/home/tcwg-buildslave/workspace/tcwg-gnu-build_2/_build/builds/destdir/x86_64-pc-linux-gnu --with-gmp=/home/tcwg-buildslave/workspace/tcwg-gnu-build_2/_build/builds/destdir/x86_64-pc-linux-gnu --with-gnu-as --with-gnu-ld --disable-libmudflap --enable-lto --enable-shared --without-included-gettext --enable-nls --with-system-zlib --disable-sjlj-exceptions --enable-gnu-unique-object --enable-linker-build-id --disable-libstdcxx-pch --enable-c99 --enable-clocale=gnu --enable-libstdcxx-debug --enable-long-long --with-cloog=no --with-ppl=no --with-isl=no --disable-multilib --with-float=hard --with-fpu=vfpv3-d16 --with-mode=thumb --with-tune=cortex-a9 --with-arch=armv7-a --enable-threads=posix --enable-multiarch --enable-libstdcxx-time=yes --enable-gnu-indirect-function --with-sysroot=/home/tcwg-buildslave/workspace/tcwg-gnu-build_2/_build/builds/destdir/x86_64-pc-linux-gnu/arm-linux-gnueabihf/libc --enable-checking=release --disable-bootstrap --enable-languages=c,c++,fortran,lto --prefix=/home/tcwg-buildslave/workspace/tcwg-gnu-build_2/_build/builds/destdir/x86_64-pc-linux-gnu --build=x86_64-pc-linux-gnu --host=x86_64-pc-linux-gnu --target=arm-linux-gnueabihf
Thread model: posix
Supported LTO compression algorithms: zlib
gcc version 12.2.1 20221104 [releases/gcc-12 revision 1342c7f46e6e3f8f29d7971531a0af18cd8429bc] (GCC) 
COLLECT_GCC_OPTIONS='--sysroot=/workspace/peta_prj/Clocked_pwm_peta_v2/zynq_sdk/sysroots/cortexa9t2hf-neon-xilinx-linux-gnueabi' '-O2' '-pipe' '-g' '-feliminate-unused-debug-types' '-v' '-o' 'CMakeFiles/cmTC_e0ff5.dir/CMakeCCompilerABI.c.o' '-c'  '-mtune=cortex-a9' '-mfloat-abi=hard' '-mfpu=vfpv3-d16' '-mtls-dialect=gnu' '-mthumb' '-mlibarch=armv7-a+fp' '-march=armv7-a+fp' '-dumpdir' 'CMakeFiles/cmTC_e0ff5.dir/'
 /opt/gcc-linaro-12.2.1-2022.11-x86_64_arm-linux-gnueabihf/bin/../libexec/gcc/arm-linux-gnueabihf/12.2.1/cc1 -quiet -v -imultilib . -imultiarch arm-linux-gnueabihf -iprefix /opt/gcc-linaro-12.2.1-2022.11-x86_64_arm-linux-gnueabihf/bin/../lib/gcc/arm-linux-gnueabihf/12.2.1/ -isysroot /workspace/peta_prj/Clocked_pwm_peta_v2/zynq_sdk/sysroots/cortexa9t2hf-neon-xilinx-linux-gnueabi /workspace/peta_prj/Clocked_pwm_peta_v2/zynq_sdk/sysroots/x86_64-petalinux-linux/usr/share/cmake-3.24/Modules/CMakeCCompilerABI.c -quiet -dumpdir CMakeFiles/cmTC_e0ff5.dir/ -dumpbase CMakeCCompilerABI.c.c -dumpbase-ext .c -mtune=cortex-a9 -mfloat-abi=hard -mfpu=vfpv3-d16 -mtls-dialect=gnu -mthumb -mlibarch=armv7-a+fp -march=armv7-a+fp -g -O2 -version -feliminate-unused-debug-types -o - |
 /opt/gcc-linaro-12.2.1-2022.11-x86_64_arm-linux-gnueabihf/bin/../lib/gcc/arm-linux-gnueabihf/12.2.1/../../../../arm-linux-gnueabihf/bin/as -v -march=armv7-a+fp -mfloat-abi=hard -mfpu=vfpv3-d16 -meabi=5 -o CMakeFiles/cmTC_e0ff5.dir/CMakeCCompilerABI.c.o
GNU assembler version 2.38 (arm-linux-gnueabihf) using BFD version (Linaro_Binutils-2022.11) 2.38.20220708
GNU C17 (GCC) version 12.2.1 20221104 [releases/gcc-12 revision 1342c7f46e6e3f8f29d7971531a0af18cd8429bc] (arm-linux-gnueabihf)
	compiled by GNU C version 9.4.0, GMP version 6.1.2, MPFR version 3.1.5, MPC version 1.0.3, isl version none
GGC heuristics: --param ggc-min-expand=100 --param ggc-min-heapsize=131072
ignoring duplicate directory "/opt/gcc-linaro-12.2.1-2022.11-x86_64_arm-linux-gnueabihf/bin/../lib/gcc/../../lib/gcc/arm-linux-gnueabihf/12.2.1/include"
ignoring nonexistent directory "/workspace/peta_prj/Clocked_pwm_peta_v2/zynq_sdk/sysroots/cortexa9t2hf-neon-xilinx-linux-gnueabi/usr/local/include/arm-linux-gnueabihf"
ignoring nonexistent directory "/workspace/peta_prj/Clocked_pwm_peta_v2/zynq_sdk/sysroots/cortexa9t2hf-neon-xilinx-linux-gnueabi/usr/local/include"
ignoring duplicate directory "/opt/gcc-linaro-12.2.1-2022.11-x86_64_arm-linux-gnueabihf/bin/../lib/gcc/../../lib/gcc/arm-linux-gnueabihf/12.2.1/include-fixed"
ignoring duplicate directory "/opt/gcc-linaro-12.2.1-2022.11-x86_64_arm-linux-gnueabihf/bin/../lib/gcc/../../lib/gcc/arm-linux-gnueabihf/12.2.1/../../../../arm-linux-gnueabihf/include"
ignoring nonexistent directory "/workspace/peta_prj/Clocked_pwm_peta_v2/zynq_sdk/sysroots/cortexa9t2hf-neon-xilinx-linux-gnueabi/usr/include/arm-linux-gnueabihf"
#include "..." search starts here:
#include <...> search starts here:
 /opt/gcc-linaro-12.2.1-2022.11-x86_64_arm-linux-gnueabihf/bin/../lib/gcc/arm-linux-gnueabihf/12.2.1/include
 /opt/gcc-linaro-12.2.1-2022.11-x86_64_arm-linux-gnueabihf/bin/../lib/gcc/arm-linux-gnueabihf/12.2.1/include-fixed
 /opt/gcc-linaro-12.2.1-2022.11-x86_64_arm-linux-gnueabihf/bin/../lib/gcc/arm-linux-gnueabihf/12.2.1/../../../../arm-linux-gnueabihf/include
 /workspace/peta_prj/Clocked_pwm_peta_v2/zynq_sdk/sysroots/cortexa9t2hf-neon-xilinx-linux-gnueabi/usr/include
End of search list.
GNU C17 (GCC) version 12.2.1 20221104 [releases/gcc-12 revision 1342c7f46e6e3f8f29d7971531a0af18cd8429bc] (arm-linux-gnueabihf)
	compiled by GNU C version 9.4.0, GMP version 6.1.2, MPFR version 3.1.5, MPC version 1.0.3, isl version none
GGC heuristics: --param ggc-min-expand=100 --param ggc-min-heapsize=131072
Compiler executable checksum: e797cb10fe3e9fb4e093bb81c7dff46b
COMPILER_PATH=/opt/gcc-linaro-12.2.1-2022.11-x86_64_arm-linux-gnueabihf/bin/../libexec/gcc/arm-linux-gnueabihf/12.2.1/:/opt/gcc-linaro-12.2.1-2022.11-x86_64_arm-linux-gnueabihf/bin/../libexec/gcc/arm-linux-gnueabihf/:/opt/gcc-linaro-12.2.1-2022.11-x86_64_arm-linux-gnueabihf/bin/../libexec/gcc/:/opt/gcc-linaro-12.2.1-2022.11-x86_64_arm-linux-gnueabihf/bin/../lib/gcc/arm-linux-gnueabihf/12.2.1/../../../../arm-linux-gnueabihf/bin/
LIBRARY_PATH=/opt/gcc-linaro-12.2.1-2022.11-x86_64_arm-linux-gnueabihf/bin/../lib/gcc/arm-linux-gnueabihf/12.2.1/:/opt/gcc-linaro-12.2.1-2022.11-x86_64_arm-linux-gnueabihf/bin/../lib/gcc/arm-linux-gnueabihf/:/opt/gcc-linaro-12.2.1-2022.11-x86_64_arm-linux-gnueabihf/bin/../lib/gcc/:/opt/gcc-linaro-12.2.1-2022.11-x86_64_arm-linux-gnueabihf/bin/../lib/gcc/arm-linux-gnueabihf/12.2.1/../../../../arm-linux-gnueabihf/lib/:/workspace/peta_prj/Clocked_pwm_peta_v2/zynq_sdk/sysroots/cortexa9t2hf-neon-xilinx-linux-gnueabi/lib/:/workspace/peta_prj/Clocked_pwm_peta_v2/zynq_sdk/sysroots/cortexa9t2hf-neon-xilinx-linux-gnueabi/usr/lib/
COLLECT_GCC_OPTIONS='--sysroot=/workspace/peta_prj/Clocked_pwm_peta_v2/zynq_sdk/sysroots/cortexa9t2hf-neon-xilinx-linux-gnueabi' '-O2' '-pipe' '-g' '-feliminate-unused-debug-types' '-v' '-o' 'CMakeFiles/cmTC_e0ff5.dir/CMakeCCompilerABI.c.o' '-c'  '-mtune=cortex-a9' '-mfloat-abi=hard' '-mfpu=vfpv3-d16' '-mtls-dialect=gnu' '-mthumb' '-mlibarch=armv7-a+fp' '-march=armv7-a+fp' '-dumpdir' 'CMakeFiles/cmTC_e0ff5.dir/CMakeCCompilerABI.c.'
Linking C executable cmTC_e0ff5
/workspace/peta_prj/Clocked_pwm_peta_v2/zynq_sdk/sysroots/x86_64-petalinux-linux/usr/bin/cmake -E cmake_link_script CMakeFiles/cmTC_e0ff5.dir/link.txt --verbose=1
/opt/gcc-linaro-12.2.1-2022.11-x86_64_arm-linux-gnueabihf/bin/arm-linux-gnueabihf-gcc --sysroot=/workspace/peta_prj/Clocked_pwm_peta_v2/zynq_sdk/sysroots/cortexa9t2hf-neon-xilinx-linux-gnueabi  -O2 -pipe -g -feliminate-unused-debug-types   -Wl,-O1 -Wl,--hash-style=gnu -Wl,--as-needed  -Wl,-z,relro,-z,now -v CMakeFiles/cmTC_e0ff5.dir/CMakeCCompilerABI.c.o -o cmTC_e0ff5 
Using built-in specs.
COLLECT_GCC=/opt/gcc-linaro-12.2.1-2022.11-x86_64_arm-linux-gnueabihf/bin/arm-linux-gnueabihf-gcc
COLLECT_LTO_WRAPPER=/opt/gcc-linaro-12.2.1-2022.11-x86_64_arm-linux-gnueabihf/bin/../libexec/gcc/arm-linux-gnueabihf/12.2.1/lto-wrapper
Target: arm-linux-gnueabihf
Configured with: '/home/tcwg-buildslave/workspace/tcwg-gnu-build_2/snapshots/gcc.git~releases~gcc-12/configure' SHELL=/bin/bash --with-mpc=/home/tcwg-buildslave/workspace/tcwg-gnu-build_2/_build/builds/destdir/x86_64-pc-linux-gnu --with-mpfr=/home/tcwg-buildslave/workspace/tcwg-gnu-build_2/_build/builds/destdir/x86_64-pc-linux-gnu --with-gmp=/home/tcwg-buildslave/workspace/tcwg-gnu-build_2/_build/builds/destdir/x86_64-pc-linux-gnu --with-gnu-as --with-gnu-ld --disable-libmudflap --enable-lto --enable-shared --without-included-gettext --enable-nls --with-system-zlib --disable-sjlj-exceptions --enable-gnu-unique-object --enable-linker-build-id --disable-libstdcxx-pch --enable-c99 --enable-clocale=gnu --enable-libstdcxx-debug --enable-long-long --with-cloog=no --with-ppl=no --with-isl=no --disable-multilib --with-float=hard --with-fpu=vfpv3-d16 --with-mode=thumb --with-tune=cortex-a9 --with-arch=armv7-a --enable-threads=posix --enable-multiarch --enable-libstdcxx-time=yes --enable-gnu-indirect-function --with-sysroot=/home/tcwg-buildslave/workspace/tcwg-gnu-build_2/_build/builds/destdir/x86_64-pc-linux-gnu/arm-linux-gnueabihf/libc --enable-checking=release --disable-bootstrap --enable-languages=c,c++,fortran,lto --prefix=/home/tcwg-buildslave/workspace/tcwg-gnu-build_2/_build/builds/destdir/x86_64-pc-linux-gnu --build=x86_64-pc-linux-gnu --host=x86_64-pc-linux-gnu --target=arm-linux-gnueabihf
Thread model: posix
Supported LTO compression algorithms: zlib
gcc version 12.2.1 20221104 [releases/gcc-12 revision 1342c7f46e6e3f8f29d7971531a0af18cd8429bc] (GCC) 
COMPILER_PATH=/opt/gcc-linaro-12.2.1-2022.11-x86_64_arm-linux-gnueabihf/bin/../libexec/gcc/arm-linux-gnueabihf/12.2.1/:/opt/gcc-linaro-12.2.1-2022.11-x86_64_arm-linux-gnueabihf/bin/../libexec/gcc/arm-linux-gnueabihf/:/opt/gcc-linaro-12.2.1-2022.11-x86_64_arm-linux-gnueabihf/bin/../libexec/gcc/:/opt/gcc-linaro-12.2.1-2022.11-x86_64_arm-linux-gnueabihf/bin/../lib/gcc/arm-linux-gnueabihf/12.2.1/../../../../arm-linux-gnueabihf/bin/
LIBRARY_PATH=/opt/gcc-linaro-12.2.1-2022.11-x86_64_arm-linux-gnueabihf/bin/../lib/gcc/arm-linux-gnueabihf/12.2.1/:/opt/gcc-linaro-12.2.1-2022.11-x86_64_arm-linux-gnueabihf/bin/../lib/gcc/arm-linux-gnueabihf/:/opt/gcc-linaro-12.2.1-2022.11-x86_64_arm-linux-gnueabihf/bin/../lib/gcc/:/opt/gcc-linaro-12.2.1-2022.11-x86_64_arm-linux-gnueabihf/bin/../lib/gcc/arm-linux-gnueabihf/12.2.1/../../../../arm-linux-gnueabihf/lib/:/workspace/peta_prj/Clocked_pwm_peta_v2/zynq_sdk/sysroots/cortexa9t2hf-neon-xilinx-linux-gnueabi/lib/:/workspace/peta_prj/Clocked_pwm_peta_v2/zynq_sdk/sysroots/cortexa9t2hf-neon-xilinx-linux-gnueabi/usr/lib/
COLLECT_GCC_OPTIONS='--sysroot=/workspace/peta_prj/Clocked_pwm_peta_v2/zynq_sdk/sysroots/cortexa9t2hf-neon-xilinx-linux-gnueabi' '-O2' '-pipe' '-g' '-feliminate-unused-debug-types' '-v' '-o' 'cmTC_e0ff5'  '-mtune=cortex-a9' '-mfloat-abi=hard' '-mfpu=vfpv3-d16' '-mtls-dialect=gnu' '-mthumb' '-mlibarch=armv7-a+fp' '-march=armv7-a+fp' '-dumpdir' 'cmTC_e0ff5.'
 /opt/gcc-linaro-12.2.1-2022.11-x86_64_arm-linux-gnueabihf/bin/../libexec/gcc/arm-linux-gnueabihf/12.2.1/collect2 -plugin /opt/gcc-linaro-12.2.1-2022.11-x86_64_arm-linux-gnueabihf/bin/../libexec/gcc/arm-linux-gnueabihf/12.2.1/liblto_plugin.so -plugin-opt=/opt/gcc-linaro-12.2.1-2022.11-x86_64_arm-linux-gnueabihf/bin/../libexec/gcc/arm-linux-gnueabihf/12.2.1/lto-wrapper -plugin-opt=-fresolution=/tmp/ccdJEjZO.res -plugin-opt=-pass-through=-lgcc -plugin-opt=-pass-through=-lgcc_s -plugin-opt=-pass-through=-lc -plugin-opt=-pass-through=-lgcc -plugin-opt=-pass-through=-lgcc_s --sysroot=/workspace/peta_prj/Clocked_pwm_peta_v2/zynq_sdk/sysroots/cortexa9t2hf-neon-xilinx-linux-gnueabi --build-id --eh-frame-hdr -dynamic-linker /lib/ld-linux-armhf.so.3 -X -m armelf_linux_eabi -o cmTC_e0ff5 /workspace/peta_prj/Clocked_pwm_peta_v2/zynq_sdk/sysroots/cortexa9t2hf-neon-xilinx-linux-gnueabi/usr/lib/crt1.o /workspace/peta_prj/Clocked_pwm_peta_v2/zynq_sdk/sysroots/cortexa9t2hf-neon-xilinx-linux-gnueabi/usr/lib/crti.o /opt/gcc-linaro-12.2.1-2022.11-x86_64_arm-linux-gnueabihf/bin/../lib/gcc/arm-linux-gnueabihf/12.2.1/crtbegin.o -L/opt/gcc-linaro-12.2.1-2022.11-x86_64_arm-linux-gnueabihf/bin/../lib/gcc/arm-linux-gnueabihf/12.2.1 -L/opt/gcc-linaro-12.2.1-2022.11-x86_64_arm-linux-gnueabihf/bin/../lib/gcc/arm-linux-gnueabihf -L/opt/gcc-linaro-12.2.1-2022.11-x86_64_arm-linux-gnueabihf/bin/../lib/gcc -L/opt/gcc-linaro-12.2.1-2022.11-x86_64_arm-linux-gnueabihf/bin/../lib/gcc/arm-linux-gnueabihf/12.2.1/../../../../arm-linux-gnueabihf/lib -L/workspace/peta_prj/Clocked_pwm_peta_v2/zynq_sdk/sysroots/cortexa9t2hf-neon-xilinx-linux-gnueabi/lib -L/workspace/peta_prj/Clocked_pwm_peta_v2/zynq_sdk/sysroots/cortexa9t2hf-neon-xilinx-linux-gnueabi/usr/lib -O1 --hash-style=gnu --as-needed -z relro -z now CMakeFiles/cmTC_e0ff5.dir/CMakeCCompilerABI.c.o -lgcc --push-state --as-needed -lgcc_s --pop-state -lc -lgcc --push-state --as-needed -lgcc_s --pop-state /opt/gcc-linaro-12.2.1-2022.11-x86_64_arm-linux-gnueabihf/bin/../lib/gcc/arm-linux-gnueabihf/12.2.1/crtend.o /workspace/peta_prj/Clocked_pwm_peta_v2/zynq_sdk/sysroots/cortexa9t2hf-neon-xilinx-linux-gnueabi/usr/lib/crtn.o
COLLECT_GCC_OPTIONS='--sysroot=/workspace/peta_prj/Clocked_pwm_peta_v2/zynq_sdk/sysroots/cortexa9t2hf-neon-xilinx-linux-gnueabi' '-O2' '-pipe' '-g' '-feliminate-unused-debug-types' '-v' '-o' 'cmTC_e0ff5'  '-mtune=cortex-a9' '-mfloat-abi=hard' '-mfpu=vfpv3-d16' '-mtls-dialect=gnu' '-mthumb' '-mlibarch=armv7-a+fp' '-march=armv7-a+fp' '-dumpdir' 'cmTC_e0ff5.'
make[1]: warning:  Clock skew detected.  Your build may be incomplete.
make[1]: Leaving directory '/mnt/hgfs/share/icd_final_pheonix-HD - boost_video/build/CMakeFiles/CMakeTmp'
make: warning:  Clock skew detected.  Your build may be incomplete.



Parsed C implicit include dir info from above output: rv=done
  found start of include info
  found start of implicit include info
    add: [/opt/gcc-linaro-12.2.1-2022.11-x86_64_arm-linux-gnueabihf/bin/../lib/gcc/arm-linux-gnueabihf/12.2.1/include]
    add: [/opt/gcc-linaro-12.2.1-2022.11-x86_64_arm-linux-gnueabihf/bin/../lib/gcc/arm-linux-gnueabihf/12.2.1/include-fixed]
    add: [/opt/gcc-linaro-12.2.1-2022.11-x86_64_arm-linux-gnueabihf/bin/../lib/gcc/arm-linux-gnueabihf/12.2.1/../../../../arm-linux-gnueabihf/include]
    add: [/workspace/peta_prj/Clocked_pwm_peta_v2/zynq_sdk/sysroots/cortexa9t2hf-neon-xilinx-linux-gnueabi/usr/include]
  end of search list found
  collapse include dir [/opt/gcc-linaro-12.2.1-2022.11-x86_64_arm-linux-gnueabihf/bin/../lib/gcc/arm-linux-gnueabihf/12.2.1/include] ==> [/opt/gcc-linaro-12.2.1-2022.11-x86_64_arm-linux-gnueabihf/lib/gcc/arm-linux-gnueabihf/12.2.1/include]
  collapse include dir [/opt/gcc-linaro-12.2.1-2022.11-x86_64_arm-linux-gnueabihf/bin/../lib/gcc/arm-linux-gnueabihf/12.2.1/include-fixed] ==> [/opt/gcc-linaro-12.2.1-2022.11-x86_64_arm-linux-gnueabihf/lib/gcc/arm-linux-gnueabihf/12.2.1/include-fixed]
  collapse include dir [/opt/gcc-linaro-12.2.1-2022.11-x86_64_arm-linux-gnueabihf/bin/../lib/gcc/arm-linux-gnueabihf/12.2.1/../../../../arm-linux-gnueabihf/include] ==> [/opt/gcc-linaro-12.2.1-2022.11-x86_64_arm-linux-gnueabihf/arm-linux-gnueabihf/include]
  collapse include dir [/workspace/peta_prj/Clocked_pwm_peta_v2/zynq_sdk/sysroots/cortexa9t2hf-neon-xilinx-linux-gnueabi/usr/include] ==> [/workspace/peta_prj/Clocked_pwm_peta_v2/zynq_sdk/sysroots/cortexa9t2hf-neon-xilinx-linux-gnueabi/usr/include]
  implicit include dirs: [/opt/gcc-linaro-12.2.1-2022.11-x86_64_arm-linux-gnueabihf/lib/gcc/arm-linux-gnueabihf/12.2.1/include;/opt/gcc-linaro-12.2.1-2022.11-x86_64_arm-linux-gnueabihf/lib/gcc/arm-linux-gnueabihf/12.2.1/include-fixed;/opt/gcc-linaro-12.2.1-2022.11-x86_64_arm-linux-gnueabihf/arm-linux-gnueabihf/include;/workspace/peta_prj/Clocked_pwm_peta_v2/zynq_sdk/sysroots/cortexa9t2hf-neon-xilinx-linux-gnueabi/usr/include]


Parsed C implicit link information from above output:
  link line regex: [^( *|.*[/\])(arm-linux-gnueabihf-ld|CMAKE_LINK_STARTFILE-NOTFOUND|([^/\]+-)?ld|collect2)[^/\]*( |$)]
  ignore line: [Change Dir: /mnt/hgfs/share/icd_final_pheonix-HD - boost_video/build/CMakeFiles/CMakeTmp]
  ignore line: []
  ignore line: [Run Build Command(s):/usr/bin/make -f Makefile cmTC_e0ff5/fast && make: Warning: File 'Makefile' has modification time 0.37 s in the future]
  ignore line: [/usr/bin/make  -f CMakeFiles/cmTC_e0ff5.dir/build.make CMakeFiles/cmTC_e0ff5.dir/build]
  ignore line: [make[1]: Entering directory '/mnt/hgfs/share/icd_final_pheonix-HD - boost_video/build/CMakeFiles/CMakeTmp']
  ignore line: [make[1]: Warning: File 'CMakeFiles/cmTC_e0ff5.dir/flags.make' has modification time 0.34 s in the future]
  ignore line: [Building C object CMakeFiles/cmTC_e0ff5.dir/CMakeCCompilerABI.c.o]
  ignore line: [/opt/gcc-linaro-12.2.1-2022.11-x86_64_arm-linux-gnueabihf/bin/arm-linux-gnueabihf-gcc --sysroot=/workspace/peta_prj/Clocked_pwm_peta_v2/zynq_sdk/sysroots/cortexa9t2hf-neon-xilinx-linux-gnueabi   -O2 -pipe -g -feliminate-unused-debug-types     -v -o CMakeFiles/cmTC_e0ff5.dir/CMakeCCompilerABI.c.o -c /workspace/peta_prj/Clocked_pwm_peta_v2/zynq_sdk/sysroots/x86_64-petalinux-linux/usr/share/cmake-3.24/Modules/CMakeCCompilerABI.c]
  ignore line: [Using built-in specs.]
  ignore line: [COLLECT_GCC=/opt/gcc-linaro-12.2.1-2022.11-x86_64_arm-linux-gnueabihf/bin/arm-linux-gnueabihf-gcc]
  ignore line: [Target: arm-linux-gnueabihf]
  ignore line: [Configured with: '/home/tcwg-buildslave/workspace/tcwg-gnu-build_2/snapshots/gcc.git~releases~gcc-12/configure' SHELL=/bin/bash --with-mpc=/home/tcwg-buildslave/workspace/tcwg-gnu-build_2/_build/builds/destdir/x86_64-pc-linux-gnu --with-mpfr=/home/tcwg-buildslave/workspace/tcwg-gnu-build_2/_build/builds/destdir/x86_64-pc-linux-gnu --with-gmp=/home/tcwg-buildslave/workspace/tcwg-gnu-build_2/_build/builds/destdir/x86_64-pc-linux-gnu --with-gnu-as --with-gnu-ld --disable-libmudflap --enable-lto --enable-shared --without-included-gettext --enable-nls --with-system-zlib --disable-sjlj-exceptions --enable-gnu-unique-object --enable-linker-build-id --disable-libstdcxx-pch --enable-c99 --enable-clocale=gnu --enable-libstdcxx-debug --enable-long-long --with-cloog=no --with-ppl=no --with-isl=no --disable-multilib --with-float=hard --with-fpu=vfpv3-d16 --with-mode=thumb --with-tune=cortex-a9 --with-arch=armv7-a --enable-threads=posix --enable-multiarch --enable-libstdcxx-time=yes --enable-gnu-indirect-function --with-sysroot=/home/tcwg-buildslave/workspace/tcwg-gnu-build_2/_build/builds/destdir/x86_64-pc-linux-gnu/arm-linux-gnueabihf/libc --enable-checking=release --disable-bootstrap --enable-languages=c,c++,fortran,lto --prefix=/home/tcwg-buildslave/workspace/tcwg-gnu-build_2/_build/builds/destdir/x86_64-pc-linux-gnu --build=x86_64-pc-linux-gnu --host=x86_64-pc-linux-gnu --target=arm-linux-gnueabihf]
  ignore line: [Thread model: posix]
  ignore line: [Supported LTO compression algorithms: zlib]
  ignore line: [gcc version 12.2.1 20221104 [releases/gcc-12 revision 1342c7f46e6e3f8f29d7971531a0af18cd8429bc] (GCC) ]
  ignore line: [COLLECT_GCC_OPTIONS='--sysroot=/workspace/peta_prj/Clocked_pwm_peta_v2/zynq_sdk/sysroots/cortexa9t2hf-neon-xilinx-linux-gnueabi' '-O2' '-pipe' '-g' '-feliminate-unused-debug-types' '-v' '-o' 'CMakeFiles/cmTC_e0ff5.dir/CMakeCCompilerABI.c.o' '-c'  '-mtune=cortex-a9' '-mfloat-abi=hard' '-mfpu=vfpv3-d16' '-mtls-dialect=gnu' '-mthumb' '-mlibarch=armv7-a+fp' '-march=armv7-a+fp' '-dumpdir' 'CMakeFiles/cmTC_e0ff5.dir/']
  ignore line: [ /opt/gcc-linaro-12.2.1-2022.11-x86_64_arm-linux-gnueabihf/bin/../libexec/gcc/arm-linux-gnueabihf/12.2.1/cc1 -quiet -v -imultilib . -imultiarch arm-linux-gnueabihf -iprefix /opt/gcc-linaro-12.2.1-2022.11-x86_64_arm-linux-gnueabihf/bin/../lib/gcc/arm-linux-gnueabihf/12.2.1/ -isysroot /workspace/peta_prj/Clocked_pwm_peta_v2/zynq_sdk/sysroots/cortexa9t2hf-neon-xilinx-linux-gnueabi /workspace/peta_prj/Clocked_pwm_peta_v2/zynq_sdk/sysroots/x86_64-petalinux-linux/usr/share/cmake-3.24/Modules/CMakeCCompilerABI.c -quiet -dumpdir CMakeFiles/cmTC_e0ff5.dir/ -dumpbase CMakeCCompilerABI.c.c -dumpbase-ext .c -mtune=cortex-a9 -mfloat-abi=hard -mfpu=vfpv3-d16 -mtls-dialect=gnu -mthumb -mlibarch=armv7-a+fp -march=armv7-a+fp -g -O2 -version -feliminate-unused-debug-types -o - |]
  ignore line: [ /opt/gcc-linaro-12.2.1-2022.11-x86_64_arm-linux-gnueabihf/bin/../lib/gcc/arm-linux-gnueabihf/12.2.1/../../../../arm-linux-gnueabihf/bin/as -v -march=armv7-a+fp -mfloat-abi=hard -mfpu=vfpv3-d16 -meabi=5 -o CMakeFiles/cmTC_e0ff5.dir/CMakeCCompilerABI.c.o]
  ignore line: [GNU assembler version 2.38 (arm-linux-gnueabihf) using BFD version (Linaro_Binutils-2022.11) 2.38.20220708]
  ignore line: [GNU C17 (GCC) version 12.2.1 20221104 [releases/gcc-12 revision 1342c7f46e6e3f8f29d7971531a0af18cd8429bc] (arm-linux-gnueabihf)]
  ignore line: [	compiled by GNU C version 9.4.0  GMP version 6.1.2  MPFR version 3.1.5  MPC version 1.0.3  isl version none]
  ignore line: [GGC heuristics: --param ggc-min-expand=100 --param ggc-min-heapsize=131072]
  ignore line: [ignoring duplicate directory "/opt/gcc-linaro-12.2.1-2022.11-x86_64_arm-linux-gnueabihf/bin/../lib/gcc/../../lib/gcc/arm-linux-gnueabihf/12.2.1/include"]
  ignore line: [ignoring nonexistent directory "/workspace/peta_prj/Clocked_pwm_peta_v2/zynq_sdk/sysroots/cortexa9t2hf-neon-xilinx-linux-gnueabi/usr/local/include/arm-linux-gnueabihf"]
  ignore line: [ignoring nonexistent directory "/workspace/peta_prj/Clocked_pwm_peta_v2/zynq_sdk/sysroots/cortexa9t2hf-neon-xilinx-linux-gnueabi/usr/local/include"]
  ignore line: [ignoring duplicate directory "/opt/gcc-linaro-12.2.1-2022.11-x86_64_arm-linux-gnueabihf/bin/../lib/gcc/../../lib/gcc/arm-linux-gnueabihf/12.2.1/include-fixed"]
  ignore line: [ignoring duplicate directory "/opt/gcc-linaro-12.2.1-2022.11-x86_64_arm-linux-gnueabihf/bin/../lib/gcc/../../lib/gcc/arm-linux-gnueabihf/12.2.1/../../../../arm-linux-gnueabihf/include"]
  ignore line: [ignoring nonexistent directory "/workspace/peta_prj/Clocked_pwm_peta_v2/zynq_sdk/sysroots/cortexa9t2hf-neon-xilinx-linux-gnueabi/usr/include/arm-linux-gnueabihf"]
  ignore line: [#include "..." search starts here:]
  ignore line: [#include <...> search starts here:]
  ignore line: [ /opt/gcc-linaro-12.2.1-2022.11-x86_64_arm-linux-gnueabihf/bin/../lib/gcc/arm-linux-gnueabihf/12.2.1/include]
  ignore line: [ /opt/gcc-linaro-12.2.1-2022.11-x86_64_arm-linux-gnueabihf/bin/../lib/gcc/arm-linux-gnueabihf/12.2.1/include-fixed]
  ignore line: [ /opt/gcc-linaro-12.2.1-2022.11-x86_64_arm-linux-gnueabihf/bin/../lib/gcc/arm-linux-gnueabihf/12.2.1/../../../../arm-linux-gnueabihf/include]
  ignore line: [ /workspace/peta_prj/Clocked_pwm_peta_v2/zynq_sdk/sysroots/cortexa9t2hf-neon-xilinx-linux-gnueabi/usr/include]
  ignore line: [End of search list.]
  ignore line: [GNU C17 (GCC) version 12.2.1 20221104 [releases/gcc-12 revision 1342c7f46e6e3f8f29d7971531a0af18cd8429bc] (arm-linux-gnueabihf)]
  ignore line: [	compiled by GNU C version 9.4.0  GMP version 6.1.2  MPFR version 3.1.5  MPC version 1.0.3  isl version none]
  ignore line: [GGC heuristics: --param ggc-min-expand=100 --param ggc-min-heapsize=131072]
  ignore line: [Compiler executable checksum: e797cb10fe3e9fb4e093bb81c7dff46b]
  ignore line: [COMPILER_PATH=/opt/gcc-linaro-12.2.1-2022.11-x86_64_arm-linux-gnueabihf/bin/../libexec/gcc/arm-linux-gnueabihf/12.2.1/:/opt/gcc-linaro-12.2.1-2022.11-x86_64_arm-linux-gnueabihf/bin/../libexec/gcc/arm-linux-gnueabihf/:/opt/gcc-linaro-12.2.1-2022.11-x86_64_arm-linux-gnueabihf/bin/../libexec/gcc/:/opt/gcc-linaro-12.2.1-2022.11-x86_64_arm-linux-gnueabihf/bin/../lib/gcc/arm-linux-gnueabihf/12.2.1/../../../../arm-linux-gnueabihf/bin/]
  ignore line: [LIBRARY_PATH=/opt/gcc-linaro-12.2.1-2022.11-x86_64_arm-linux-gnueabihf/bin/../lib/gcc/arm-linux-gnueabihf/12.2.1/:/opt/gcc-linaro-12.2.1-2022.11-x86_64_arm-linux-gnueabihf/bin/../lib/gcc/arm-linux-gnueabihf/:/opt/gcc-linaro-12.2.1-2022.11-x86_64_arm-linux-gnueabihf/bin/../lib/gcc/:/opt/gcc-linaro-12.2.1-2022.11-x86_64_arm-linux-gnueabihf/bin/../lib/gcc/arm-linux-gnueabihf/12.2.1/../../../../arm-linux-gnueabihf/lib/:/workspace/peta_prj/Clocked_pwm_peta_v2/zynq_sdk/sysroots/cortexa9t2hf-neon-xilinx-linux-gnueabi/lib/:/workspace/peta_prj/Clocked_pwm_peta_v2/zynq_sdk/sysroots/cortexa9t2hf-neon-xilinx-linux-gnueabi/usr/lib/]
  ignore line: [COLLECT_GCC_OPTIONS='--sysroot=/workspace/peta_prj/Clocked_pwm_peta_v2/zynq_sdk/sysroots/cortexa9t2hf-neon-xilinx-linux-gnueabi' '-O2' '-pipe' '-g' '-feliminate-unused-debug-types' '-v' '-o' 'CMakeFiles/cmTC_e0ff5.dir/CMakeCCompilerABI.c.o' '-c'  '-mtune=cortex-a9' '-mfloat-abi=hard' '-mfpu=vfpv3-d16' '-mtls-dialect=gnu' '-mthumb' '-mlibarch=armv7-a+fp' '-march=armv7-a+fp' '-dumpdir' 'CMakeFiles/cmTC_e0ff5.dir/CMakeCCompilerABI.c.']
  ignore line: [Linking C executable cmTC_e0ff5]
  ignore line: [/workspace/peta_prj/Clocked_pwm_peta_v2/zynq_sdk/sysroots/x86_64-petalinux-linux/usr/bin/cmake -E cmake_link_script CMakeFiles/cmTC_e0ff5.dir/link.txt --verbose=1]
  ignore line: [/opt/gcc-linaro-12.2.1-2022.11-x86_64_arm-linux-gnueabihf/bin/arm-linux-gnueabihf-gcc --sysroot=/workspace/peta_prj/Clocked_pwm_peta_v2/zynq_sdk/sysroots/cortexa9t2hf-neon-xilinx-linux-gnueabi  -O2 -pipe -g -feliminate-unused-debug-types   -Wl -O1 -Wl --hash-style=gnu -Wl --as-needed  -Wl -z relro -z now -v CMakeFiles/cmTC_e0ff5.dir/CMakeCCompilerABI.c.o -o cmTC_e0ff5 ]
  ignore line: [Using built-in specs.]
  ignore line: [COLLECT_GCC=/opt/gcc-linaro-12.2.1-2022.11-x86_64_arm-linux-gnueabihf/bin/arm-linux-gnueabihf-gcc]
  ignore line: [COLLECT_LTO_WRAPPER=/opt/gcc-linaro-12.2.1-2022.11-x86_64_arm-linux-gnueabihf/bin/../libexec/gcc/arm-linux-gnueabihf/12.2.1/lto-wrapper]
  ignore line: [Target: arm-linux-gnueabihf]
  ignore line: [Configured with: '/home/tcwg-buildslave/workspace/tcwg-gnu-build_2/snapshots/gcc.git~releases~gcc-12/configure' SHELL=/bin/bash --with-mpc=/home/tcwg-buildslave/workspace/tcwg-gnu-build_2/_build/builds/destdir/x86_64-pc-linux-gnu --with-mpfr=/home/tcwg-buildslave/workspace/tcwg-gnu-build_2/_build/builds/destdir/x86_64-pc-linux-gnu --with-gmp=/home/tcwg-buildslave/workspace/tcwg-gnu-build_2/_build/builds/destdir/x86_64-pc-linux-gnu --with-gnu-as --with-gnu-ld --disable-libmudflap --enable-lto --enable-shared --without-included-gettext --enable-nls --with-system-zlib --disable-sjlj-exceptions --enable-gnu-unique-object --enable-linker-build-id --disable-libstdcxx-pch --enable-c99 --enable-clocale=gnu --enable-libstdcxx-debug --enable-long-long --with-cloog=no --with-ppl=no --with-isl=no --disable-multilib --with-float=hard --with-fpu=vfpv3-d16 --with-mode=thumb --with-tune=cortex-a9 --with-arch=armv7-a --enable-threads=posix --enable-multiarch --enable-libstdcxx-time=yes --enable-gnu-indirect-function --with-sysroot=/home/tcwg-buildslave/workspace/tcwg-gnu-build_2/_build/builds/destdir/x86_64-pc-linux-gnu/arm-linux-gnueabihf/libc --enable-checking=release --disable-bootstrap --enable-languages=c,c++,fortran,lto --prefix=/home/tcwg-buildslave/workspace/tcwg-gnu-build_2/_build/builds/destdir/x86_64-pc-linux-gnu --build=x86_64-pc-linux-gnu --host=x86_64-pc-linux-gnu --target=arm-linux-gnueabihf]
  ignore line: [Thread model: posix]
  ignore line: [Supported LTO compression algorithms: zlib]
  ignore line: [gcc version 12.2.1 20221104 [releases/gcc-12 revision 1342c7f46e6e3f8f29d7971531a0af18cd8429bc] (GCC) ]
  ignore line: [COMPILER_PATH=/opt/gcc-linaro-12.2.1-2022.11-x86_64_arm-linux-gnueabihf/bin/../libexec/gcc/arm-linux-gnueabihf/12.2.1/:/opt/gcc-linaro-12.2.1-2022.11-x86_64_arm-linux-gnueabihf/bin/../libexec/gcc/arm-linux-gnueabihf/:/opt/gcc-linaro-12.2.1-2022.11-x86_64_arm-linux-gnueabihf/bin/../libexec/gcc/:/opt/gcc-linaro-12.2.1-2022.11-x86_64_arm-linux-gnueabihf/bin/../lib/gcc/arm-linux-gnueabihf/12.2.1/../../../../arm-linux-gnueabihf/bin/]
  ignore line: [LIBRARY_PATH=/opt/gcc-linaro-12.2.1-2022.11-x86_64_arm-linux-gnueabihf/bin/../lib/gcc/arm-linux-gnueabihf/12.2.1/:/opt/gcc-linaro-12.2.1-2022.11-x86_64_arm-linux-gnueabihf/bin/../lib/gcc/arm-linux-gnueabihf/:/opt/gcc-linaro-12.2.1-2022.11-x86_64_arm-linux-gnueabihf/bin/../lib/gcc/:/opt/gcc-linaro-12.2.1-2022.11-x86_64_arm-linux-gnueabihf/bin/../lib/gcc/arm-linux-gnueabihf/12.2.1/../../../../arm-linux-gnueabihf/lib/:/workspace/peta_prj/Clocked_pwm_peta_v2/zynq_sdk/sysroots/cortexa9t2hf-neon-xilinx-linux-gnueabi/lib/:/workspace/peta_prj/Clocked_pwm_peta_v2/zynq_sdk/sysroots/cortexa9t2hf-neon-xilinx-linux-gnueabi/usr/lib/]
  ignore line: [COLLECT_GCC_OPTIONS='--sysroot=/workspace/peta_prj/Clocked_pwm_peta_v2/zynq_sdk/sysroots/cortexa9t2hf-neon-xilinx-linux-gnueabi' '-O2' '-pipe' '-g' '-feliminate-unused-debug-types' '-v' '-o' 'cmTC_e0ff5'  '-mtune=cortex-a9' '-mfloat-abi=hard' '-mfpu=vfpv3-d16' '-mtls-dialect=gnu' '-mthumb' '-mlibarch=armv7-a+fp' '-march=armv7-a+fp' '-dumpdir' 'cmTC_e0ff5.']
  link line: [ /opt/gcc-linaro-12.2.1-2022.11-x86_64_arm-linux-gnueabihf/bin/../libexec/gcc/arm-linux-gnueabihf/12.2.1/collect2 -plugin /opt/gcc-linaro-12.2.1-2022.11-x86_64_arm-linux-gnueabihf/bin/../libexec/gcc/arm-linux-gnueabihf/12.2.1/liblto_plugin.so -plugin-opt=/opt/gcc-linaro-12.2.1-2022.11-x86_64_arm-linux-gnueabihf/bin/../libexec/gcc/arm-linux-gnueabihf/12.2.1/lto-wrapper -plugin-opt=-fresolution=/tmp/ccdJEjZO.res -plugin-opt=-pass-through=-lgcc -plugin-opt=-pass-through=-lgcc_s -plugin-opt=-pass-through=-lc -plugin-opt=-pass-through=-lgcc -plugin-opt=-pass-through=-lgcc_s --sysroot=/workspace/peta_prj/Clocked_pwm_peta_v2/zynq_sdk/sysroots/cortexa9t2hf-neon-xilinx-linux-gnueabi --build-id --eh-frame-hdr -dynamic-linker /lib/ld-linux-armhf.so.3 -X -m armelf_linux_eabi -o cmTC_e0ff5 /workspace/peta_prj/Clocked_pwm_peta_v2/zynq_sdk/sysroots/cortexa9t2hf-neon-xilinx-linux-gnueabi/usr/lib/crt1.o /workspace/peta_prj/Clocked_pwm_peta_v2/zynq_sdk/sysroots/cortexa9t2hf-neon-xilinx-linux-gnueabi/usr/lib/crti.o /opt/gcc-linaro-12.2.1-2022.11-x86_64_arm-linux-gnueabihf/bin/../lib/gcc/arm-linux-gnueabihf/12.2.1/crtbegin.o -L/opt/gcc-linaro-12.2.1-2022.11-x86_64_arm-linux-gnueabihf/bin/../lib/gcc/arm-linux-gnueabihf/12.2.1 -L/opt/gcc-linaro-12.2.1-2022.11-x86_64_arm-linux-gnueabihf/bin/../lib/gcc/arm-linux-gnueabihf -L/opt/gcc-linaro-12.2.1-2022.11-x86_64_arm-linux-gnueabihf/bin/../lib/gcc -L/opt/gcc-linaro-12.2.1-2022.11-x86_64_arm-linux-gnueabihf/bin/../lib/gcc/arm-linux-gnueabihf/12.2.1/../../../../arm-linux-gnueabihf/lib -L/workspace/peta_prj/Clocked_pwm_peta_v2/zynq_sdk/sysroots/cortexa9t2hf-neon-xilinx-linux-gnueabi/lib -L/workspace/peta_prj/Clocked_pwm_peta_v2/zynq_sdk/sysroots/cortexa9t2hf-neon-xilinx-linux-gnueabi/usr/lib -O1 --hash-style=gnu --as-needed -z relro -z now CMakeFiles/cmTC_e0ff5.dir/CMakeCCompilerABI.c.o -lgcc --push-state --as-needed -lgcc_s --pop-state -lc -lgcc --push-state --as-needed -lgcc_s --pop-state /opt/gcc-linaro-12.2.1-2022.11-x86_64_arm-linux-gnueabihf/bin/../lib/gcc/arm-linux-gnueabihf/12.2.1/crtend.o /workspace/peta_prj/Clocked_pwm_peta_v2/zynq_sdk/sysroots/cortexa9t2hf-neon-xilinx-linux-gnueabi/usr/lib/crtn.o]
    arg [/opt/gcc-linaro-12.2.1-2022.11-x86_64_arm-linux-gnueabihf/bin/../libexec/gcc/arm-linux-gnueabihf/12.2.1/collect2] ==> ignore
    arg [-plugin] ==> ignore
    arg [/opt/gcc-linaro-12.2.1-2022.11-x86_64_arm-linux-gnueabihf/bin/../libexec/gcc/arm-linux-gnueabihf/12.2.1/liblto_plugin.so] ==> ignore
    arg [-plugin-opt=/opt/gcc-linaro-12.2.1-2022.11-x86_64_arm-linux-gnueabihf/bin/../libexec/gcc/arm-linux-gnueabihf/12.2.1/lto-wrapper] ==> ignore
    arg [-plugin-opt=-fresolution=/tmp/ccdJEjZO.res] ==> ignore
    arg [-plugin-opt=-pass-through=-lgcc] ==> ignore
    arg [-plugin-opt=-pass-through=-lgcc_s] ==> ignore
    arg [-plugin-opt=-pass-through=-lc] ==> ignore
    arg [-plugin-opt=-pass-through=-lgcc] ==> ignore
    arg [-plugin-opt=-pass-through=-lgcc_s] ==> ignore
    arg [--sysroot=/workspace/peta_prj/Clocked_pwm_peta_v2/zynq_sdk/sysroots/cortexa9t2hf-neon-xilinx-linux-gnueabi] ==> ignore
    arg [--build-id] ==> ignore
    arg [--eh-frame-hdr] ==> ignore
    arg [-dynamic-linker] ==> ignore
    arg [/lib/ld-linux-armhf.so.3] ==> ignore
    arg [-X] ==> ignore
    arg [-m] ==> ignore
    arg [armelf_linux_eabi] ==> ignore
    arg [-o] ==> ignore
    arg [cmTC_e0ff5] ==> ignore
    arg [/workspace/peta_prj/Clocked_pwm_peta_v2/zynq_sdk/sysroots/cortexa9t2hf-neon-xilinx-linux-gnueabi/usr/lib/crt1.o] ==> obj [/workspace/peta_prj/Clocked_pwm_peta_v2/zynq_sdk/sysroots/cortexa9t2hf-neon-xilinx-linux-gnueabi/usr/lib/crt1.o]
    arg [/workspace/peta_prj/Clocked_pwm_peta_v2/zynq_sdk/sysroots/cortexa9t2hf-neon-xilinx-linux-gnueabi/usr/lib/crti.o] ==> obj [/workspace/peta_prj/Clocked_pwm_peta_v2/zynq_sdk/sysroots/cortexa9t2hf-neon-xilinx-linux-gnueabi/usr/lib/crti.o]
    arg [/opt/gcc-linaro-12.2.1-2022.11-x86_64_arm-linux-gnueabihf/bin/../lib/gcc/arm-linux-gnueabihf/12.2.1/crtbegin.o] ==> obj [/opt/gcc-linaro-12.2.1-2022.11-x86_64_arm-linux-gnueabihf/bin/../lib/gcc/arm-linux-gnueabihf/12.2.1/crtbegin.o]
    arg [-L/opt/gcc-linaro-12.2.1-2022.11-x86_64_arm-linux-gnueabihf/bin/../lib/gcc/arm-linux-gnueabihf/12.2.1] ==> dir [/opt/gcc-linaro-12.2.1-2022.11-x86_64_arm-linux-gnueabihf/bin/../lib/gcc/arm-linux-gnueabihf/12.2.1]
    arg [-L/opt/gcc-linaro-12.2.1-2022.11-x86_64_arm-linux-gnueabihf/bin/../lib/gcc/arm-linux-gnueabihf] ==> dir [/opt/gcc-linaro-12.2.1-2022.11-x86_64_arm-linux-gnueabihf/bin/../lib/gcc/arm-linux-gnueabihf]
    arg [-L/opt/gcc-linaro-12.2.1-2022.11-x86_64_arm-linux-gnueabihf/bin/../lib/gcc] ==> dir [/opt/gcc-linaro-12.2.1-2022.11-x86_64_arm-linux-gnueabihf/bin/../lib/gcc]
    arg [-L/opt/gcc-linaro-12.2.1-2022.11-x86_64_arm-linux-gnueabihf/bin/../lib/gcc/arm-linux-gnueabihf/12.2.1/../../../../arm-linux-gnueabihf/lib] ==> dir [/opt/gcc-linaro-12.2.1-2022.11-x86_64_arm-linux-gnueabihf/bin/../lib/gcc/arm-linux-gnueabihf/12.2.1/../../../../arm-linux-gnueabihf/lib]
    arg [-L/workspace/peta_prj/Clocked_pwm_peta_v2/zynq_sdk/sysroots/cortexa9t2hf-neon-xilinx-linux-gnueabi/lib] ==> dir [/workspace/peta_prj/Clocked_pwm_peta_v2/zynq_sdk/sysroots/cortexa9t2hf-neon-xilinx-linux-gnueabi/lib]
    arg [-L/workspace/peta_prj/Clocked_pwm_peta_v2/zynq_sdk/sysroots/cortexa9t2hf-neon-xilinx-linux-gnueabi/usr/lib] ==> dir [/workspace/peta_prj/Clocked_pwm_peta_v2/zynq_sdk/sysroots/cortexa9t2hf-neon-xilinx-linux-gnueabi/usr/lib]
    arg [-O1] ==> ignore
    arg [--hash-style=gnu] ==> ignore
    arg [--as-needed] ==> ignore
    arg [-zrelro] ==> ignore
    arg [-znow] ==> ignore
    arg [CMakeFiles/cmTC_e0ff5.dir/CMakeCCompilerABI.c.o] ==> ignore
    arg [-lgcc] ==> lib [gcc]
    arg [--push-state] ==> ignore
    arg [--as-needed] ==> ignore
    arg [-lgcc_s] ==> lib [gcc_s]
    arg [--pop-state] ==> ignore
    arg [-lc] ==> lib [c]
    arg [-lgcc] ==> lib [gcc]
    arg [--push-state] ==> ignore
    arg [--as-needed] ==> ignore
    arg [-lgcc_s] ==> lib [gcc_s]
    arg [--pop-state] ==> ignore
    arg [/opt/gcc-linaro-12.2.1-2022.11-x86_64_arm-linux-gnueabihf/bin/../lib/gcc/arm-linux-gnueabihf/12.2.1/crtend.o] ==> obj [/opt/gcc-linaro-12.2.1-2022.11-x86_64_arm-linux-gnueabihf/bin/../lib/gcc/arm-linux-gnueabihf/12.2.1/crtend.o]
    arg [/workspace/peta_prj/Clocked_pwm_peta_v2/zynq_sdk/sysroots/cortexa9t2hf-neon-xilinx-linux-gnueabi/usr/lib/crtn.o] ==> obj [/workspace/peta_prj/Clocked_pwm_peta_v2/zynq_sdk/sysroots/cortexa9t2hf-neon-xilinx-linux-gnueabi/usr/lib/crtn.o]
  collapse obj [/opt/gcc-linaro-12.2.1-2022.11-x86_64_arm-linux-gnueabihf/bin/../lib/gcc/arm-linux-gnueabihf/12.2.1/crtbegin.o] ==> [/opt/gcc-linaro-12.2.1-2022.11-x86_64_arm-linux-gnueabihf/lib/gcc/arm-linux-gnueabihf/12.2.1/crtbegin.o]
  collapse obj [/opt/gcc-linaro-12.2.1-2022.11-x86_64_arm-linux-gnueabihf/bin/../lib/gcc/arm-linux-gnueabihf/12.2.1/crtend.o] ==> [/opt/gcc-linaro-12.2.1-2022.11-x86_64_arm-linux-gnueabihf/lib/gcc/arm-linux-gnueabihf/12.2.1/crtend.o]
  collapse library dir [/opt/gcc-linaro-12.2.1-2022.11-x86_64_arm-linux-gnueabihf/bin/../lib/gcc/arm-linux-gnueabihf/12.2.1] ==> [/opt/gcc-linaro-12.2.1-2022.11-x86_64_arm-linux-gnueabihf/lib/gcc/arm-linux-gnueabihf/12.2.1]
  collapse library dir [/opt/gcc-linaro-12.2.1-2022.11-x86_64_arm-linux-gnueabihf/bin/../lib/gcc/arm-linux-gnueabihf] ==> [/opt/gcc-linaro-12.2.1-2022.11-x86_64_arm-linux-gnueabihf/lib/gcc/arm-linux-gnueabihf]
  collapse library dir [/opt/gcc-linaro-12.2.1-2022.11-x86_64_arm-linux-gnueabihf/bin/../lib/gcc] ==> [/opt/gcc-linaro-12.2.1-2022.11-x86_64_arm-linux-gnueabihf/lib/gcc]
  collapse library dir [/opt/gcc-linaro-12.2.1-2022.11-x86_64_arm-linux-gnueabihf/bin/../lib/gcc/arm-linux-gnueabihf/12.2.1/../../../../arm-linux-gnueabihf/lib] ==> [/opt/gcc-linaro-12.2.1-2022.11-x86_64_arm-linux-gnueabihf/arm-linux-gnueabihf/lib]
  collapse library dir [/workspace/peta_prj/Clocked_pwm_peta_v2/zynq_sdk/sysroots/cortexa9t2hf-neon-xilinx-linux-gnueabi/lib] ==> [/workspace/peta_prj/Clocked_pwm_peta_v2/zynq_sdk/sysroots/cortexa9t2hf-neon-xilinx-linux-gnueabi/lib]
  collapse library dir [/workspace/peta_prj/Clocked_pwm_peta_v2/zynq_sdk/sysroots/cortexa9t2hf-neon-xilinx-linux-gnueabi/usr/lib] ==> [/workspace/peta_prj/Clocked_pwm_peta_v2/zynq_sdk/sysroots/cortexa9t2hf-neon-xilinx-linux-gnueabi/usr/lib]
  implicit libs: [gcc;gcc_s;c;gcc;gcc_s]
  implicit objs: [/workspace/peta_prj/Clocked_pwm_peta_v2/zynq_sdk/sysroots/cortexa9t2hf-neon-xilinx-linux-gnueabi/usr/lib/crt1.o;/workspace/peta_prj/Clocked_pwm_peta_v2/zynq_sdk/sysroots/cortexa9t2hf-neon-xilinx-linux-gnueabi/usr/lib/crti.o;/opt/gcc-linaro-12.2.1-2022.11-x86_64_arm-linux-gnueabihf/lib/gcc/arm-linux-gnueabihf/12.2.1/crtbegin.o;/opt/gcc-linaro-12.2.1-2022.11-x86_64_arm-linux-gnueabihf/lib/gcc/arm-linux-gnueabihf/12.2.1/crtend.o;/workspace/peta_prj/Clocked_pwm_peta_v2/zynq_sdk/sysroots/cortexa9t2hf-neon-xilinx-linux-gnueabi/usr/lib/crtn.o]
  implicit dirs: [/opt/gcc-linaro-12.2.1-2022.11-x86_64_arm-linux-gnueabihf/lib/gcc/arm-linux-gnueabihf/12.2.1;/opt/gcc-linaro-12.2.1-2022.11-x86_64_arm-linux-gnueabihf/lib/gcc/arm-linux-gnueabihf;/opt/gcc-linaro-12.2.1-2022.11-x86_64_arm-linux-gnueabihf/lib/gcc;/opt/gcc-linaro-12.2.1-2022.11-x86_64_arm-linux-gnueabihf/arm-linux-gnueabihf/lib;/workspace/peta_prj/Clocked_pwm_peta_v2/zynq_sdk/sysroots/cortexa9t2hf-neon-xilinx-linux-gnueabi/lib;/workspace/peta_prj/Clocked_pwm_peta_v2/zynq_sdk/sysroots/cortexa9t2hf-neon-xilinx-linux-gnueabi/usr/lib]
  implicit fwks: []


Detecting CXX compiler ABI info compiled with the following output:
Change Dir: /mnt/hgfs/share/icd_final_pheonix-HD - boost_video/build/CMakeFiles/CMakeTmp

Run Build Command(s):/usr/bin/make -f Makefile cmTC_74bf1/fast && make: Warning: File 'Makefile' has modification time 0.33 s in the future
/usr/bin/make  -f CMakeFiles/cmTC_74bf1.dir/build.make CMakeFiles/cmTC_74bf1.dir/build
make[1]: Entering directory '/mnt/hgfs/share/icd_final_pheonix-HD - boost_video/build/CMakeFiles/CMakeTmp'
make[1]: Warning: File 'CMakeFiles/cmTC_74bf1.dir/flags.make' has modification time 0.31 s in the future
Building CXX object CMakeFiles/cmTC_74bf1.dir/CMakeCXXCompilerABI.cpp.o
/opt/gcc-linaro-12.2.1-2022.11-x86_64_arm-linux-gnueabihf/bin/arm-linux-gnueabihf-g++ --sysroot=/workspace/peta_prj/Clocked_pwm_peta_v2/zynq_sdk/sysroots/cortexa9t2hf-neon-xilinx-linux-gnueabi   -O2 -pipe -g -feliminate-unused-debug-types     -v -o CMakeFiles/cmTC_74bf1.dir/CMakeCXXCompilerABI.cpp.o -c /workspace/peta_prj/Clocked_pwm_peta_v2/zynq_sdk/sysroots/x86_64-petalinux-linux/usr/share/cmake-3.24/Modules/CMakeCXXCompilerABI.cpp
Using built-in specs.
COLLECT_GCC=/opt/gcc-linaro-12.2.1-2022.11-x86_64_arm-linux-gnueabihf/bin/arm-linux-gnueabihf-g++
Target: arm-linux-gnueabihf
Configured with: '/home/tcwg-buildslave/workspace/tcwg-gnu-build_2/snapshots/gcc.git~releases~gcc-12/configure' SHELL=/bin/bash --with-mpc=/home/tcwg-buildslave/workspace/tcwg-gnu-build_2/_build/builds/destdir/x86_64-pc-linux-gnu --with-mpfr=/home/tcwg-buildslave/workspace/tcwg-gnu-build_2/_build/builds/destdir/x86_64-pc-linux-gnu --with-gmp=/home/tcwg-buildslave/workspace/tcwg-gnu-build_2/_build/builds/destdir/x86_64-pc-linux-gnu --with-gnu-as --with-gnu-ld --disable-libmudflap --enable-lto --enable-shared --without-included-gettext --enable-nls --with-system-zlib --disable-sjlj-exceptions --enable-gnu-unique-object --enable-linker-build-id --disable-libstdcxx-pch --enable-c99 --enable-clocale=gnu --enable-libstdcxx-debug --enable-long-long --with-cloog=no --with-ppl=no --with-isl=no --disable-multilib --with-float=hard --with-fpu=vfpv3-d16 --with-mode=thumb --with-tune=cortex-a9 --with-arch=armv7-a --enable-threads=posix --enable-multiarch --enable-libstdcxx-time=yes --enable-gnu-indirect-function --with-sysroot=/home/tcwg-buildslave/workspace/tcwg-gnu-build_2/_build/builds/destdir/x86_64-pc-linux-gnu/arm-linux-gnueabihf/libc --enable-checking=release --disable-bootstrap --enable-languages=c,c++,fortran,lto --prefix=/home/tcwg-buildslave/workspace/tcwg-gnu-build_2/_build/builds/destdir/x86_64-pc-linux-gnu --build=x86_64-pc-linux-gnu --host=x86_64-pc-linux-gnu --target=arm-linux-gnueabihf
Thread model: posix
Supported LTO compression algorithms: zlib
gcc version 12.2.1 20221104 [releases/gcc-12 revision 1342c7f46e6e3f8f29d7971531a0af18cd8429bc] (GCC) 
COLLECT_GCC_OPTIONS='--sysroot=/workspace/peta_prj/Clocked_pwm_peta_v2/zynq_sdk/sysroots/cortexa9t2hf-neon-xilinx-linux-gnueabi' '-O2' '-pipe' '-g' '-feliminate-unused-debug-types' '-v' '-o' 'CMakeFiles/cmTC_74bf1.dir/CMakeCXXCompilerABI.cpp.o' '-c' '-shared-libgcc'  '-mtune=cortex-a9' '-mfloat-abi=hard' '-mfpu=vfpv3-d16' '-mtls-dialect=gnu' '-mthumb' '-mlibarch=armv7-a+fp' '-march=armv7-a+fp' '-dumpdir' 'CMakeFiles/cmTC_74bf1.dir/'
 /opt/gcc-linaro-12.2.1-2022.11-x86_64_arm-linux-gnueabihf/bin/../libexec/gcc/arm-linux-gnueabihf/12.2.1/cc1plus -quiet -v -imultilib . -imultiarch arm-linux-gnueabihf -iprefix /opt/gcc-linaro-12.2.1-2022.11-x86_64_arm-linux-gnueabihf/bin/../lib/gcc/arm-linux-gnueabihf/12.2.1/ -isysroot /workspace/peta_prj/Clocked_pwm_peta_v2/zynq_sdk/sysroots/cortexa9t2hf-neon-xilinx-linux-gnueabi -D_GNU_SOURCE /workspace/peta_prj/Clocked_pwm_peta_v2/zynq_sdk/sysroots/x86_64-petalinux-linux/usr/share/cmake-3.24/Modules/CMakeCXXCompilerABI.cpp -quiet -dumpdir CMakeFiles/cmTC_74bf1.dir/ -dumpbase CMakeCXXCompilerABI.cpp.cpp -dumpbase-ext .cpp -mtune=cortex-a9 -mfloat-abi=hard -mfpu=vfpv3-d16 -mtls-dialect=gnu -mthumb -mlibarch=armv7-a+fp -march=armv7-a+fp -g -O2 -version -feliminate-unused-debug-types -o - |
 /opt/gcc-linaro-12.2.1-2022.11-x86_64_arm-linux-gnueabihf/bin/../lib/gcc/arm-linux-gnueabihf/12.2.1/../../../../arm-linux-gnueabihf/bin/as -v -march=armv7-a+fp -mfloat-abi=hard -mfpu=vfpv3-d16 -meabi=5 -o CMakeFiles/cmTC_74bf1.dir/CMakeCXXCompilerABI.cpp.o
GNU assembler version 2.38 (arm-linux-gnueabihf) using BFD version (Linaro_Binutils-2022.11) 2.38.20220708
GNU C++17 (GCC) version 12.2.1 20221104 [releases/gcc-12 revision 1342c7f46e6e3f8f29d7971531a0af18cd8429bc] (arm-linux-gnueabihf)
	compiled by GNU C version 9.4.0, GMP version 6.1.2, MPFR version 3.1.5, MPC version 1.0.3, isl version none
GGC heuristics: --param ggc-min-expand=100 --param ggc-min-heapsize=131072
ignoring duplicate directory "/opt/gcc-linaro-12.2.1-2022.11-x86_64_arm-linux-gnueabihf/bin/../lib/gcc/../../lib/gcc/arm-linux-gnueabihf/12.2.1/../../../../arm-linux-gnueabihf/include/c++/12.2.1"
ignoring duplicate directory "/opt/gcc-linaro-12.2.1-2022.11-x86_64_arm-linux-gnueabihf/bin/../lib/gcc/../../lib/gcc/arm-linux-gnueabihf/12.2.1/../../../../arm-linux-gnueabihf/include/c++/12.2.1/arm-linux-gnueabihf/."
ignoring duplicate directory "/opt/gcc-linaro-12.2.1-2022.11-x86_64_arm-linux-gnueabihf/bin/../lib/gcc/../../lib/gcc/arm-linux-gnueabihf/12.2.1/../../../../arm-linux-gnueabihf/include/c++/12.2.1/backward"
ignoring duplicate directory "/opt/gcc-linaro-12.2.1-2022.11-x86_64_arm-linux-gnueabihf/bin/../lib/gcc/../../lib/gcc/arm-linux-gnueabihf/12.2.1/include"
ignoring nonexistent directory "/workspace/peta_prj/Clocked_pwm_peta_v2/zynq_sdk/sysroots/cortexa9t2hf-neon-xilinx-linux-gnueabi/usr/local/include/arm-linux-gnueabihf"
ignoring nonexistent directory "/workspace/peta_prj/Clocked_pwm_peta_v2/zynq_sdk/sysroots/cortexa9t2hf-neon-xilinx-linux-gnueabi/usr/local/include"
ignoring duplicate directory "/opt/gcc-linaro-12.2.1-2022.11-x86_64_arm-linux-gnueabihf/bin/../lib/gcc/../../lib/gcc/arm-linux-gnueabihf/12.2.1/include-fixed"
ignoring duplicate directory "/opt/gcc-linaro-12.2.1-2022.11-x86_64_arm-linux-gnueabihf/bin/../lib/gcc/../../lib/gcc/arm-linux-gnueabihf/12.2.1/../../../../arm-linux-gnueabihf/include"
ignoring nonexistent directory "/workspace/peta_prj/Clocked_pwm_peta_v2/zynq_sdk/sysroots/cortexa9t2hf-neon-xilinx-linux-gnueabi/usr/include/arm-linux-gnueabihf"
#include "..." search starts here:
#include <...> search starts here:
 /opt/gcc-linaro-12.2.1-2022.11-x86_64_arm-linux-gnueabihf/bin/../lib/gcc/arm-linux-gnueabihf/12.2.1/../../../../arm-linux-gnueabihf/include/c++/12.2.1
 /opt/gcc-linaro-12.2.1-2022.11-x86_64_arm-linux-gnueabihf/bin/../lib/gcc/arm-linux-gnueabihf/12.2.1/../../../../arm-linux-gnueabihf/include/c++/12.2.1/arm-linux-gnueabihf/.
 /opt/gcc-linaro-12.2.1-2022.11-x86_64_arm-linux-gnueabihf/bin/../lib/gcc/arm-linux-gnueabihf/12.2.1/../../../../arm-linux-gnueabihf/include/c++/12.2.1/backward
 /opt/gcc-linaro-12.2.1-2022.11-x86_64_arm-linux-gnueabihf/bin/../lib/gcc/arm-linux-gnueabihf/12.2.1/include
 /opt/gcc-linaro-12.2.1-2022.11-x86_64_arm-linux-gnueabihf/bin/../lib/gcc/arm-linux-gnueabihf/12.2.1/include-fixed
 /opt/gcc-linaro-12.2.1-2022.11-x86_64_arm-linux-gnueabihf/bin/../lib/gcc/arm-linux-gnueabihf/12.2.1/../../../../arm-linux-gnueabihf/include
 /workspace/peta_prj/Clocked_pwm_peta_v2/zynq_sdk/sysroots/cortexa9t2hf-neon-xilinx-linux-gnueabi/usr/include
End of search list.
GNU C++17 (GCC) version 12.2.1 20221104 [releases/gcc-12 revision 1342c7f46e6e3f8f29d7971531a0af18cd8429bc] (arm-linux-gnueabihf)
	compiled by GNU C version 9.4.0, GMP version 6.1.2, MPFR version 3.1.5, MPC version 1.0.3, isl version none
GGC heuristics: --param ggc-min-expand=100 --param ggc-min-heapsize=131072
Compiler executable checksum: 5ed0fe8a2331f6d8f123c5d64d08db08
COMPILER_PATH=/opt/gcc-linaro-12.2.1-2022.11-x86_64_arm-linux-gnueabihf/bin/../libexec/gcc/arm-linux-gnueabihf/12.2.1/:/opt/gcc-linaro-12.2.1-2022.11-x86_64_arm-linux-gnueabihf/bin/../libexec/gcc/arm-linux-gnueabihf/:/opt/gcc-linaro-12.2.1-2022.11-x86_64_arm-linux-gnueabihf/bin/../libexec/gcc/:/opt/gcc-linaro-12.2.1-2022.11-x86_64_arm-linux-gnueabihf/bin/../lib/gcc/arm-linux-gnueabihf/12.2.1/../../../../arm-linux-gnueabihf/bin/
LIBRARY_PATH=/opt/gcc-linaro-12.2.1-2022.11-x86_64_arm-linux-gnueabihf/bin/../lib/gcc/arm-linux-gnueabihf/12.2.1/:/opt/gcc-linaro-12.2.1-2022.11-x86_64_arm-linux-gnueabihf/bin/../lib/gcc/arm-linux-gnueabihf/:/opt/gcc-linaro-12.2.1-2022.11-x86_64_arm-linux-gnueabihf/bin/../lib/gcc/:/opt/gcc-linaro-12.2.1-2022.11-x86_64_arm-linux-gnueabihf/bin/../lib/gcc/arm-linux-gnueabihf/12.2.1/../../../../arm-linux-gnueabihf/lib/:/workspace/peta_prj/Clocked_pwm_peta_v2/zynq_sdk/sysroots/cortexa9t2hf-neon-xilinx-linux-gnueabi/lib/:/workspace/peta_prj/Clocked_pwm_peta_v2/zynq_sdk/sysroots/cortexa9t2hf-neon-xilinx-linux-gnueabi/usr/lib/
COLLECT_GCC_OPTIONS='--sysroot=/workspace/peta_prj/Clocked_pwm_peta_v2/zynq_sdk/sysroots/cortexa9t2hf-neon-xilinx-linux-gnueabi' '-O2' '-pipe' '-g' '-feliminate-unused-debug-types' '-v' '-o' 'CMakeFiles/cmTC_74bf1.dir/CMakeCXXCompilerABI.cpp.o' '-c' '-shared-libgcc'  '-mtune=cortex-a9' '-mfloat-abi=hard' '-mfpu=vfpv3-d16' '-mtls-dialect=gnu' '-mthumb' '-mlibarch=armv7-a+fp' '-march=armv7-a+fp' '-dumpdir' 'CMakeFiles/cmTC_74bf1.dir/CMakeCXXCompilerABI.cpp.'
Linking CXX executable cmTC_74bf1
/workspace/peta_prj/Clocked_pwm_peta_v2/zynq_sdk/sysroots/x86_64-petalinux-linux/usr/bin/cmake -E cmake_link_script CMakeFiles/cmTC_74bf1.dir/link.txt --verbose=1
/opt/gcc-linaro-12.2.1-2022.11-x86_64_arm-linux-gnueabihf/bin/arm-linux-gnueabihf-g++ --sysroot=/workspace/peta_prj/Clocked_pwm_peta_v2/zynq_sdk/sysroots/cortexa9t2hf-neon-xilinx-linux-gnueabi  -O2 -pipe -g -feliminate-unused-debug-types   -Wl,-O1 -Wl,--hash-style=gnu -Wl,--as-needed  -Wl,-z,relro,-z,now -v CMakeFiles/cmTC_74bf1.dir/CMakeCXXCompilerABI.cpp.o -o cmTC_74bf1 
Using built-in specs.
COLLECT_GCC=/opt/gcc-linaro-12.2.1-2022.11-x86_64_arm-linux-gnueabihf/bin/arm-linux-gnueabihf-g++
COLLECT_LTO_WRAPPER=/opt/gcc-linaro-12.2.1-2022.11-x86_64_arm-linux-gnueabihf/bin/../libexec/gcc/arm-linux-gnueabihf/12.2.1/lto-wrapper
Target: arm-linux-gnueabihf
Configured with: '/home/tcwg-buildslave/workspace/tcwg-gnu-build_2/snapshots/gcc.git~releases~gcc-12/configure' SHELL=/bin/bash --with-mpc=/home/tcwg-buildslave/workspace/tcwg-gnu-build_2/_build/builds/destdir/x86_64-pc-linux-gnu --with-mpfr=/home/tcwg-buildslave/workspace/tcwg-gnu-build_2/_build/builds/destdir/x86_64-pc-linux-gnu --with-gmp=/home/tcwg-buildslave/workspace/tcwg-gnu-build_2/_build/builds/destdir/x86_64-pc-linux-gnu --with-gnu-as --with-gnu-ld --disable-libmudflap --enable-lto --enable-shared --without-included-gettext --enable-nls --with-system-zlib --disable-sjlj-exceptions --enable-gnu-unique-object --enable-linker-build-id --disable-libstdcxx-pch --enable-c99 --enable-clocale=gnu --enable-libstdcxx-debug --enable-long-long --with-cloog=no --with-ppl=no --with-isl=no --disable-multilib --with-float=hard --with-fpu=vfpv3-d16 --with-mode=thumb --with-tune=cortex-a9 --with-arch=armv7-a --enable-threads=posix --enable-multiarch --enable-libstdcxx-time=yes --enable-gnu-indirect-function --with-sysroot=/home/tcwg-buildslave/workspace/tcwg-gnu-build_2/_build/builds/destdir/x86_64-pc-linux-gnu/arm-linux-gnueabihf/libc --enable-checking=release --disable-bootstrap --enable-languages=c,c++,fortran,lto --prefix=/home/tcwg-buildslave/workspace/tcwg-gnu-build_2/_build/builds/destdir/x86_64-pc-linux-gnu --build=x86_64-pc-linux-gnu --host=x86_64-pc-linux-gnu --target=arm-linux-gnueabihf
Thread model: posix
Supported LTO compression algorithms: zlib
gcc version 12.2.1 20221104 [releases/gcc-12 revision 1342c7f46e6e3f8f29d7971531a0af18cd8429bc] (GCC) 
COMPILER_PATH=/opt/gcc-linaro-12.2.1-2022.11-x86_64_arm-linux-gnueabihf/bin/../libexec/gcc/arm-linux-gnueabihf/12.2.1/:/opt/gcc-linaro-12.2.1-2022.11-x86_64_arm-linux-gnueabihf/bin/../libexec/gcc/arm-linux-gnueabihf/:/opt/gcc-linaro-12.2.1-2022.11-x86_64_arm-linux-gnueabihf/bin/../libexec/gcc/:/opt/gcc-linaro-12.2.1-2022.11-x86_64_arm-linux-gnueabihf/bin/../lib/gcc/arm-linux-gnueabihf/12.2.1/../../../../arm-linux-gnueabihf/bin/
LIBRARY_PATH=/opt/gcc-linaro-12.2.1-2022.11-x86_64_arm-linux-gnueabihf/bin/../lib/gcc/arm-linux-gnueabihf/12.2.1/:/opt/gcc-linaro-12.2.1-2022.11-x86_64_arm-linux-gnueabihf/bin/../lib/gcc/arm-linux-gnueabihf/:/opt/gcc-linaro-12.2.1-2022.11-x86_64_arm-linux-gnueabihf/bin/../lib/gcc/:/opt/gcc-linaro-12.2.1-2022.11-x86_64_arm-linux-gnueabihf/bin/../lib/gcc/arm-linux-gnueabihf/12.2.1/../../../../arm-linux-gnueabihf/lib/:/workspace/peta_prj/Clocked_pwm_peta_v2/zynq_sdk/sysroots/cortexa9t2hf-neon-xilinx-linux-gnueabi/lib/:/workspace/peta_prj/Clocked_pwm_peta_v2/zynq_sdk/sysroots/cortexa9t2hf-neon-xilinx-linux-gnueabi/usr/lib/
COLLECT_GCC_OPTIONS='--sysroot=/workspace/peta_prj/Clocked_pwm_peta_v2/zynq_sdk/sysroots/cortexa9t2hf-neon-xilinx-linux-gnueabi' '-O2' '-pipe' '-g' '-feliminate-unused-debug-types' '-v' '-o' 'cmTC_74bf1' '-shared-libgcc'  '-mtune=cortex-a9' '-mfloat-abi=hard' '-mfpu=vfpv3-d16' '-mtls-dialect=gnu' '-mthumb' '-mlibarch=armv7-a+fp' '-march=armv7-a+fp' '-dumpdir' 'cmTC_74bf1.'
 /opt/gcc-linaro-12.2.1-2022.11-x86_64_arm-linux-gnueabihf/bin/../libexec/gcc/arm-linux-gnueabihf/12.2.1/collect2 -plugin /opt/gcc-linaro-12.2.1-2022.11-x86_64_arm-linux-gnueabihf/bin/../libexec/gcc/arm-linux-gnueabihf/12.2.1/liblto_plugin.so -plugin-opt=/opt/gcc-linaro-12.2.1-2022.11-x86_64_arm-linux-gnueabihf/bin/../libexec/gcc/arm-linux-gnueabihf/12.2.1/lto-wrapper -plugin-opt=-fresolution=/tmp/ccJ9HLOS.res -plugin-opt=-pass-through=-lgcc_s -plugin-opt=-pass-through=-lgcc -plugin-opt=-pass-through=-lc -plugin-opt=-pass-through=-lgcc_s -plugin-opt=-pass-through=-lgcc --sysroot=/workspace/peta_prj/Clocked_pwm_peta_v2/zynq_sdk/sysroots/cortexa9t2hf-neon-xilinx-linux-gnueabi --build-id --eh-frame-hdr -dynamic-linker /lib/ld-linux-armhf.so.3 -X -m armelf_linux_eabi -o cmTC_74bf1 /workspace/peta_prj/Clocked_pwm_peta_v2/zynq_sdk/sysroots/cortexa9t2hf-neon-xilinx-linux-gnueabi/usr/lib/crt1.o /workspace/peta_prj/Clocked_pwm_peta_v2/zynq_sdk/sysroots/cortexa9t2hf-neon-xilinx-linux-gnueabi/usr/lib/crti.o /opt/gcc-linaro-12.2.1-2022.11-x86_64_arm-linux-gnueabihf/bin/../lib/gcc/arm-linux-gnueabihf/12.2.1/crtbegin.o -L/opt/gcc-linaro-12.2.1-2022.11-x86_64_arm-linux-gnueabihf/bin/../lib/gcc/arm-linux-gnueabihf/12.2.1 -L/opt/gcc-linaro-12.2.1-2022.11-x86_64_arm-linux-gnueabihf/bin/../lib/gcc/arm-linux-gnueabihf -L/opt/gcc-linaro-12.2.1-2022.11-x86_64_arm-linux-gnueabihf/bin/../lib/gcc -L/opt/gcc-linaro-12.2.1-2022.11-x86_64_arm-linux-gnueabihf/bin/../lib/gcc/arm-linux-gnueabihf/12.2.1/../../../../arm-linux-gnueabihf/lib -L/workspace/peta_prj/Clocked_pwm_peta_v2/zynq_sdk/sysroots/cortexa9t2hf-neon-xilinx-linux-gnueabi/lib -L/workspace/peta_prj/Clocked_pwm_peta_v2/zynq_sdk/sysroots/cortexa9t2hf-neon-xilinx-linux-gnueabi/usr/lib -O1 --hash-style=gnu --as-needed -z relro -z now CMakeFiles/cmTC_74bf1.dir/CMakeCXXCompilerABI.cpp.o -lstdc++ -lm -lgcc_s -lgcc -lc -lgcc_s -lgcc /opt/gcc-linaro-12.2.1-2022.11-x86_64_arm-linux-gnueabihf/bin/../lib/gcc/arm-linux-gnueabihf/12.2.1/crtend.o /workspace/peta_prj/Clocked_pwm_peta_v2/zynq_sdk/sysroots/cortexa9t2hf-neon-xilinx-linux-gnueabi/usr/lib/crtn.o
COLLECT_GCC_OPTIONS='--sysroot=/workspace/peta_prj/Clocked_pwm_peta_v2/zynq_sdk/sysroots/cortexa9t2hf-neon-xilinx-linux-gnueabi' '-O2' '-pipe' '-g' '-feliminate-unused-debug-types' '-v' '-o' 'cmTC_74bf1' '-shared-libgcc'  '-mtune=cortex-a9' '-mfloat-abi=hard' '-mfpu=vfpv3-d16' '-mtls-dialect=gnu' '-mthumb' '-mlibarch=armv7-a+fp' '-march=armv7-a+fp' '-dumpdir' 'cmTC_74bf1.'
make[1]: warning:  Clock skew detected.  Your build may be incomplete.
make[1]: Leaving directory '/mnt/hgfs/share/icd_final_pheonix-HD - boost_video/build/CMakeFiles/CMakeTmp'
make: warning:  Clock skew detected.  Your build may be incomplete.



Parsed CXX implicit include dir info from above output: rv=done
  found start of include info
  found start of implicit include info
    add: [/opt/gcc-linaro-12.2.1-2022.11-x86_64_arm-linux-gnueabihf/bin/../lib/gcc/arm-linux-gnueabihf/12.2.1/../../../../arm-linux-gnueabihf/include/c++/12.2.1]
    add: [/opt/gcc-linaro-12.2.1-2022.11-x86_64_arm-linux-gnueabihf/bin/../lib/gcc/arm-linux-gnueabihf/12.2.1/../../../../arm-linux-gnueabihf/include/c++/12.2.1/arm-linux-gnueabihf/.]
    add: [/opt/gcc-linaro-12.2.1-2022.11-x86_64_arm-linux-gnueabihf/bin/../lib/gcc/arm-linux-gnueabihf/12.2.1/../../../../arm-linux-gnueabihf/include/c++/12.2.1/backward]
    add: [/opt/gcc-linaro-12.2.1-2022.11-x86_64_arm-linux-gnueabihf/bin/../lib/gcc/arm-linux-gnueabihf/12.2.1/include]
    add: [/opt/gcc-linaro-12.2.1-2022.11-x86_64_arm-linux-gnueabihf/bin/../lib/gcc/arm-linux-gnueabihf/12.2.1/include-fixed]
    add: [/opt/gcc-linaro-12.2.1-2022.11-x86_64_arm-linux-gnueabihf/bin/../lib/gcc/arm-linux-gnueabihf/12.2.1/../../../../arm-linux-gnueabihf/include]
    add: [/workspace/peta_prj/Clocked_pwm_peta_v2/zynq_sdk/sysroots/cortexa9t2hf-neon-xilinx-linux-gnueabi/usr/include]
  end of search list found
  collapse include dir [/opt/gcc-linaro-12.2.1-2022.11-x86_64_arm-linux-gnueabihf/bin/../lib/gcc/arm-linux-gnueabihf/12.2.1/../../../../arm-linux-gnueabihf/include/c++/12.2.1] ==> [/opt/gcc-linaro-12.2.1-2022.11-x86_64_arm-linux-gnueabihf/arm-linux-gnueabihf/include/c++/12.2.1]
  collapse include dir [/opt/gcc-linaro-12.2.1-2022.11-x86_64_arm-linux-gnueabihf/bin/../lib/gcc/arm-linux-gnueabihf/12.2.1/../../../../arm-linux-gnueabihf/include/c++/12.2.1/arm-linux-gnueabihf/.] ==> [/opt/gcc-linaro-12.2.1-2022.11-x86_64_arm-linux-gnueabihf/arm-linux-gnueabihf/include/c++/12.2.1/arm-linux-gnueabihf]
  collapse include dir [/opt/gcc-linaro-12.2.1-2022.11-x86_64_arm-linux-gnueabihf/bin/../lib/gcc/arm-linux-gnueabihf/12.2.1/../../../../arm-linux-gnueabihf/include/c++/12.2.1/backward] ==> [/opt/gcc-linaro-12.2.1-2022.11-x86_64_arm-linux-gnueabihf/arm-linux-gnueabihf/include/c++/12.2.1/backward]
  collapse include dir [/opt/gcc-linaro-12.2.1-2022.11-x86_64_arm-linux-gnueabihf/bin/../lib/gcc/arm-linux-gnueabihf/12.2.1/include] ==> [/opt/gcc-linaro-12.2.1-2022.11-x86_64_arm-linux-gnueabihf/lib/gcc/arm-linux-gnueabihf/12.2.1/include]
  collapse include dir [/opt/gcc-linaro-12.2.1-2022.11-x86_64_arm-linux-gnueabihf/bin/../lib/gcc/arm-linux-gnueabihf/12.2.1/include-fixed] ==> [/opt/gcc-linaro-12.2.1-2022.11-x86_64_arm-linux-gnueabihf/lib/gcc/arm-linux-gnueabihf/12.2.1/include-fixed]
  collapse include dir [/opt/gcc-linaro-12.2.1-2022.11-x86_64_arm-linux-gnueabihf/bin/../lib/gcc/arm-linux-gnueabihf/12.2.1/../../../../arm-linux-gnueabihf/include] ==> [/opt/gcc-linaro-12.2.1-2022.11-x86_64_arm-linux-gnueabihf/arm-linux-gnueabihf/include]
  collapse include dir [/workspace/peta_prj/Clocked_pwm_peta_v2/zynq_sdk/sysroots/cortexa9t2hf-neon-xilinx-linux-gnueabi/usr/include] ==> [/workspace/peta_prj/Clocked_pwm_peta_v2/zynq_sdk/sysroots/cortexa9t2hf-neon-xilinx-linux-gnueabi/usr/include]
  implicit include dirs: [/opt/gcc-linaro-12.2.1-2022.11-x86_64_arm-linux-gnueabihf/arm-linux-gnueabihf/include/c++/12.2.1;/opt/gcc-linaro-12.2.1-2022.11-x86_64_arm-linux-gnueabihf/arm-linux-gnueabihf/include/c++/12.2.1/arm-linux-gnueabihf;/opt/gcc-linaro-12.2.1-2022.11-x86_64_arm-linux-gnueabihf/arm-linux-gnueabihf/include/c++/12.2.1/backward;/opt/gcc-linaro-12.2.1-2022.11-x86_64_arm-linux-gnueabihf/lib/gcc/arm-linux-gnueabihf/12.2.1/include;/opt/gcc-linaro-12.2.1-2022.11-x86_64_arm-linux-gnueabihf/lib/gcc/arm-linux-gnueabihf/12.2.1/include-fixed;/opt/gcc-linaro-12.2.1-2022.11-x86_64_arm-linux-gnueabihf/arm-linux-gnueabihf/include;/workspace/peta_prj/Clocked_pwm_peta_v2/zynq_sdk/sysroots/cortexa9t2hf-neon-xilinx-linux-gnueabi/usr/include]


Parsed CXX implicit link information from above output:
  link line regex: [^( *|.*[/\])(arm-linux-gnueabihf-ld|CMAKE_LINK_STARTFILE-NOTFOUND|([^/\]+-)?ld|collect2)[^/\]*( |$)]
  ignore line: [Change Dir: /mnt/hgfs/share/icd_final_pheonix-HD - boost_video/build/CMakeFiles/CMakeTmp]
  ignore line: []
  ignore line: [Run Build Command(s):/usr/bin/make -f Makefile cmTC_74bf1/fast && make: Warning: File 'Makefile' has modification time 0.33 s in the future]
  ignore line: [/usr/bin/make  -f CMakeFiles/cmTC_74bf1.dir/build.make CMakeFiles/cmTC_74bf1.dir/build]
  ignore line: [make[1]: Entering directory '/mnt/hgfs/share/icd_final_pheonix-HD - boost_video/build/CMakeFiles/CMakeTmp']
  ignore line: [make[1]: Warning: File 'CMakeFiles/cmTC_74bf1.dir/flags.make' has modification time 0.31 s in the future]
  ignore line: [Building CXX object CMakeFiles/cmTC_74bf1.dir/CMakeCXXCompilerABI.cpp.o]
  ignore line: [/opt/gcc-linaro-12.2.1-2022.11-x86_64_arm-linux-gnueabihf/bin/arm-linux-gnueabihf-g++ --sysroot=/workspace/peta_prj/Clocked_pwm_peta_v2/zynq_sdk/sysroots/cortexa9t2hf-neon-xilinx-linux-gnueabi   -O2 -pipe -g -feliminate-unused-debug-types     -v -o CMakeFiles/cmTC_74bf1.dir/CMakeCXXCompilerABI.cpp.o -c /workspace/peta_prj/Clocked_pwm_peta_v2/zynq_sdk/sysroots/x86_64-petalinux-linux/usr/share/cmake-3.24/Modules/CMakeCXXCompilerABI.cpp]
  ignore line: [Using built-in specs.]
  ignore line: [COLLECT_GCC=/opt/gcc-linaro-12.2.1-2022.11-x86_64_arm-linux-gnueabihf/bin/arm-linux-gnueabihf-g++]
  ignore line: [Target: arm-linux-gnueabihf]
  ignore line: [Configured with: '/home/tcwg-buildslave/workspace/tcwg-gnu-build_2/snapshots/gcc.git~releases~gcc-12/configure' SHELL=/bin/bash --with-mpc=/home/tcwg-buildslave/workspace/tcwg-gnu-build_2/_build/builds/destdir/x86_64-pc-linux-gnu --with-mpfr=/home/tcwg-buildslave/workspace/tcwg-gnu-build_2/_build/builds/destdir/x86_64-pc-linux-gnu --with-gmp=/home/tcwg-buildslave/workspace/tcwg-gnu-build_2/_build/builds/destdir/x86_64-pc-linux-gnu --with-gnu-as --with-gnu-ld --disable-libmudflap --enable-lto --enable-shared --without-included-gettext --enable-nls --with-system-zlib --disable-sjlj-exceptions --enable-gnu-unique-object --enable-linker-build-id --disable-libstdcxx-pch --enable-c99 --enable-clocale=gnu --enable-libstdcxx-debug --enable-long-long --with-cloog=no --with-ppl=no --with-isl=no --disable-multilib --with-float=hard --with-fpu=vfpv3-d16 --with-mode=thumb --with-tune=cortex-a9 --with-arch=armv7-a --enable-threads=posix --enable-multiarch --enable-libstdcxx-time=yes --enable-gnu-indirect-function --with-sysroot=/home/tcwg-buildslave/workspace/tcwg-gnu-build_2/_build/builds/destdir/x86_64-pc-linux-gnu/arm-linux-gnueabihf/libc --enable-checking=release --disable-bootstrap --enable-languages=c,c++,fortran,lto --prefix=/home/tcwg-buildslave/workspace/tcwg-gnu-build_2/_build/builds/destdir/x86_64-pc-linux-gnu --build=x86_64-pc-linux-gnu --host=x86_64-pc-linux-gnu --target=arm-linux-gnueabihf]
  ignore line: [Thread model: posix]
  ignore line: [Supported LTO compression algorithms: zlib]
  ignore line: [gcc version 12.2.1 20221104 [releases/gcc-12 revision 1342c7f46e6e3f8f29d7971531a0af18cd8429bc] (GCC) ]
  ignore line: [COLLECT_GCC_OPTIONS='--sysroot=/workspace/peta_prj/Clocked_pwm_peta_v2/zynq_sdk/sysroots/cortexa9t2hf-neon-xilinx-linux-gnueabi' '-O2' '-pipe' '-g' '-feliminate-unused-debug-types' '-v' '-o' 'CMakeFiles/cmTC_74bf1.dir/CMakeCXXCompilerABI.cpp.o' '-c' '-shared-libgcc'  '-mtune=cortex-a9' '-mfloat-abi=hard' '-mfpu=vfpv3-d16' '-mtls-dialect=gnu' '-mthumb' '-mlibarch=armv7-a+fp' '-march=armv7-a+fp' '-dumpdir' 'CMakeFiles/cmTC_74bf1.dir/']
  ignore line: [ /opt/gcc-linaro-12.2.1-2022.11-x86_64_arm-linux-gnueabihf/bin/../libexec/gcc/arm-linux-gnueabihf/12.2.1/cc1plus -quiet -v -imultilib . -imultiarch arm-linux-gnueabihf -iprefix /opt/gcc-linaro-12.2.1-2022.11-x86_64_arm-linux-gnueabihf/bin/../lib/gcc/arm-linux-gnueabihf/12.2.1/ -isysroot /workspace/peta_prj/Clocked_pwm_peta_v2/zynq_sdk/sysroots/cortexa9t2hf-neon-xilinx-linux-gnueabi -D_GNU_SOURCE /workspace/peta_prj/Clocked_pwm_peta_v2/zynq_sdk/sysroots/x86_64-petalinux-linux/usr/share/cmake-3.24/Modules/CMakeCXXCompilerABI.cpp -quiet -dumpdir CMakeFiles/cmTC_74bf1.dir/ -dumpbase CMakeCXXCompilerABI.cpp.cpp -dumpbase-ext .cpp -mtune=cortex-a9 -mfloat-abi=hard -mfpu=vfpv3-d16 -mtls-dialect=gnu -mthumb -mlibarch=armv7-a+fp -march=armv7-a+fp -g -O2 -version -feliminate-unused-debug-types -o - |]
  ignore line: [ /opt/gcc-linaro-12.2.1-2022.11-x86_64_arm-linux-gnueabihf/bin/../lib/gcc/arm-linux-gnueabihf/12.2.1/../../../../arm-linux-gnueabihf/bin/as -v -march=armv7-a+fp -mfloat-abi=hard -mfpu=vfpv3-d16 -meabi=5 -o CMakeFiles/cmTC_74bf1.dir/CMakeCXXCompilerABI.cpp.o]
  ignore line: [GNU assembler version 2.38 (arm-linux-gnueabihf) using BFD version (Linaro_Binutils-2022.11) 2.38.20220708]
  ignore line: [GNU C++17 (GCC) version 12.2.1 20221104 [releases/gcc-12 revision 1342c7f46e6e3f8f29d7971531a0af18cd8429bc] (arm-linux-gnueabihf)]
  ignore line: [	compiled by GNU C version 9.4.0  GMP version 6.1.2  MPFR version 3.1.5  MPC version 1.0.3  isl version none]
  ignore line: [GGC heuristics: --param ggc-min-expand=100 --param ggc-min-heapsize=131072]
  ignore line: [ignoring duplicate directory "/opt/gcc-linaro-12.2.1-2022.11-x86_64_arm-linux-gnueabihf/bin/../lib/gcc/../../lib/gcc/arm-linux-gnueabihf/12.2.1/../../../../arm-linux-gnueabihf/include/c++/12.2.1"]
  ignore line: [ignoring duplicate directory "/opt/gcc-linaro-12.2.1-2022.11-x86_64_arm-linux-gnueabihf/bin/../lib/gcc/../../lib/gcc/arm-linux-gnueabihf/12.2.1/../../../../arm-linux-gnueabihf/include/c++/12.2.1/arm-linux-gnueabihf/."]
  ignore line: [ignoring duplicate directory "/opt/gcc-linaro-12.2.1-2022.11-x86_64_arm-linux-gnueabihf/bin/../lib/gcc/../../lib/gcc/arm-linux-gnueabihf/12.2.1/../../../../arm-linux-gnueabihf/include/c++/12.2.1/backward"]
  ignore line: [ignoring duplicate directory "/opt/gcc-linaro-12.2.1-2022.11-x86_64_arm-linux-gnueabihf/bin/../lib/gcc/../../lib/gcc/arm-linux-gnueabihf/12.2.1/include"]
  ignore line: [ignoring nonexistent directory "/workspace/peta_prj/Clocked_pwm_peta_v2/zynq_sdk/sysroots/cortexa9t2hf-neon-xilinx-linux-gnueabi/usr/local/include/arm-linux-gnueabihf"]
  ignore line: [ignoring nonexistent directory "/workspace/peta_prj/Clocked_pwm_peta_v2/zynq_sdk/sysroots/cortexa9t2hf-neon-xilinx-linux-gnueabi/usr/local/include"]
  ignore line: [ignoring duplicate directory "/opt/gcc-linaro-12.2.1-2022.11-x86_64_arm-linux-gnueabihf/bin/../lib/gcc/../../lib/gcc/arm-linux-gnueabihf/12.2.1/include-fixed"]
  ignore line: [ignoring duplicate directory "/opt/gcc-linaro-12.2.1-2022.11-x86_64_arm-linux-gnueabihf/bin/../lib/gcc/../../lib/gcc/arm-linux-gnueabihf/12.2.1/../../../../arm-linux-gnueabihf/include"]
  ignore line: [ignoring nonexistent directory "/workspace/peta_prj/Clocked_pwm_peta_v2/zynq_sdk/sysroots/cortexa9t2hf-neon-xilinx-linux-gnueabi/usr/include/arm-linux-gnueabihf"]
  ignore line: [#include "..." search starts here:]
  ignore line: [#include <...> search starts here:]
  ignore line: [ /opt/gcc-linaro-12.2.1-2022.11-x86_64_arm-linux-gnueabihf/bin/../lib/gcc/arm-linux-gnueabihf/12.2.1/../../../../arm-linux-gnueabihf/include/c++/12.2.1]
  ignore line: [ /opt/gcc-linaro-12.2.1-2022.11-x86_64_arm-linux-gnueabihf/bin/../lib/gcc/arm-linux-gnueabihf/12.2.1/../../../../arm-linux-gnueabihf/include/c++/12.2.1/arm-linux-gnueabihf/.]
  ignore line: [ /opt/gcc-linaro-12.2.1-2022.11-x86_64_arm-linux-gnueabihf/bin/../lib/gcc/arm-linux-gnueabihf/12.2.1/../../../../arm-linux-gnueabihf/include/c++/12.2.1/backward]
  ignore line: [ /opt/gcc-linaro-12.2.1-2022.11-x86_64_arm-linux-gnueabihf/bin/../lib/gcc/arm-linux-gnueabihf/12.2.1/include]
  ignore line: [ /opt/gcc-linaro-12.2.1-2022.11-x86_64_arm-linux-gnueabihf/bin/../lib/gcc/arm-linux-gnueabihf/12.2.1/include-fixed]
  ignore line: [ /opt/gcc-linaro-12.2.1-2022.11-x86_64_arm-linux-gnueabihf/bin/../lib/gcc/arm-linux-gnueabihf/12.2.1/../../../../arm-linux-gnueabihf/include]
  ignore line: [ /workspace/peta_prj/Clocked_pwm_peta_v2/zynq_sdk/sysroots/cortexa9t2hf-neon-xilinx-linux-gnueabi/usr/include]
  ignore line: [End of search list.]
  ignore line: [GNU C++17 (GCC) version 12.2.1 20221104 [releases/gcc-12 revision 1342c7f46e6e3f8f29d7971531a0af18cd8429bc] (arm-linux-gnueabihf)]
  ignore line: [	compiled by GNU C version 9.4.0  GMP version 6.1.2  MPFR version 3.1.5  MPC version 1.0.3  isl version none]
  ignore line: [GGC heuristics: --param ggc-min-expand=100 --param ggc-min-heapsize=131072]
  ignore line: [Compiler executable checksum: 5ed0fe8a2331f6d8f123c5d64d08db08]
  ignore line: [COMPILER_PATH=/opt/gcc-linaro-12.2.1-2022.11-x86_64_arm-linux-gnueabihf/bin/../libexec/gcc/arm-linux-gnueabihf/12.2.1/:/opt/gcc-linaro-12.2.1-2022.11-x86_64_arm-linux-gnueabihf/bin/../libexec/gcc/arm-linux-gnueabihf/:/opt/gcc-linaro-12.2.1-2022.11-x86_64_arm-linux-gnueabihf/bin/../libexec/gcc/:/opt/gcc-linaro-12.2.1-2022.11-x86_64_arm-linux-gnueabihf/bin/../lib/gcc/arm-linux-gnueabihf/12.2.1/../../../../arm-linux-gnueabihf/bin/]
  ignore line: [LIBRARY_PATH=/opt/gcc-linaro-12.2.1-2022.11-x86_64_arm-linux-gnueabihf/bin/../lib/gcc/arm-linux-gnueabihf/12.2.1/:/opt/gcc-linaro-12.2.1-2022.11-x86_64_arm-linux-gnueabihf/bin/../lib/gcc/arm-linux-gnueabihf/:/opt/gcc-linaro-12.2.1-2022.11-x86_64_arm-linux-gnueabihf/bin/../lib/gcc/:/opt/gcc-linaro-12.2.1-2022.11-x86_64_arm-linux-gnueabihf/bin/../lib/gcc/arm-linux-gnueabihf/12.2.1/../../../../arm-linux-gnueabihf/lib/:/workspace/peta_prj/Clocked_pwm_peta_v2/zynq_sdk/sysroots/cortexa9t2hf-neon-xilinx-linux-gnueabi/lib/:/workspace/peta_prj/Clocked_pwm_peta_v2/zynq_sdk/sysroots/cortexa9t2hf-neon-xilinx-linux-gnueabi/usr/lib/]
  ignore line: [COLLECT_GCC_OPTIONS='--sysroot=/workspace/peta_prj/Clocked_pwm_peta_v2/zynq_sdk/sysroots/cortexa9t2hf-neon-xilinx-linux-gnueabi' '-O2' '-pipe' '-g' '-feliminate-unused-debug-types' '-v' '-o' 'CMakeFiles/cmTC_74bf1.dir/CMakeCXXCompilerABI.cpp.o' '-c' '-shared-libgcc'  '-mtune=cortex-a9' '-mfloat-abi=hard' '-mfpu=vfpv3-d16' '-mtls-dialect=gnu' '-mthumb' '-mlibarch=armv7-a+fp' '-march=armv7-a+fp' '-dumpdir' 'CMakeFiles/cmTC_74bf1.dir/CMakeCXXCompilerABI.cpp.']
  ignore line: [Linking CXX executable cmTC_74bf1]
  ignore line: [/workspace/peta_prj/Clocked_pwm_peta_v2/zynq_sdk/sysroots/x86_64-petalinux-linux/usr/bin/cmake -E cmake_link_script CMakeFiles/cmTC_74bf1.dir/link.txt --verbose=1]
  ignore line: [/opt/gcc-linaro-12.2.1-2022.11-x86_64_arm-linux-gnueabihf/bin/arm-linux-gnueabihf-g++ --sysroot=/workspace/peta_prj/Clocked_pwm_peta_v2/zynq_sdk/sysroots/cortexa9t2hf-neon-xilinx-linux-gnueabi  -O2 -pipe -g -feliminate-unused-debug-types   -Wl -O1 -Wl --hash-style=gnu -Wl --as-needed  -Wl -z relro -z now -v CMakeFiles/cmTC_74bf1.dir/CMakeCXXCompilerABI.cpp.o -o cmTC_74bf1 ]
  ignore line: [Using built-in specs.]
  ignore line: [COLLECT_GCC=/opt/gcc-linaro-12.2.1-2022.11-x86_64_arm-linux-gnueabihf/bin/arm-linux-gnueabihf-g++]
  ignore line: [COLLECT_LTO_WRAPPER=/opt/gcc-linaro-12.2.1-2022.11-x86_64_arm-linux-gnueabihf/bin/../libexec/gcc/arm-linux-gnueabihf/12.2.1/lto-wrapper]
  ignore line: [Target: arm-linux-gnueabihf]
  ignore line: [Configured with: '/home/tcwg-buildslave/workspace/tcwg-gnu-build_2/snapshots/gcc.git~releases~gcc-12/configure' SHELL=/bin/bash --with-mpc=/home/tcwg-buildslave/workspace/tcwg-gnu-build_2/_build/builds/destdir/x86_64-pc-linux-gnu --with-mpfr=/home/tcwg-buildslave/workspace/tcwg-gnu-build_2/_build/builds/destdir/x86_64-pc-linux-gnu --with-gmp=/home/tcwg-buildslave/workspace/tcwg-gnu-build_2/_build/builds/destdir/x86_64-pc-linux-gnu --with-gnu-as --with-gnu-ld --disable-libmudflap --enable-lto --enable-shared --without-included-gettext --enable-nls --with-system-zlib --disable-sjlj-exceptions --enable-gnu-unique-object --enable-linker-build-id --disable-libstdcxx-pch --enable-c99 --enable-clocale=gnu --enable-libstdcxx-debug --enable-long-long --with-cloog=no --with-ppl=no --with-isl=no --disable-multilib --with-float=hard --with-fpu=vfpv3-d16 --with-mode=thumb --with-tune=cortex-a9 --with-arch=armv7-a --enable-threads=posix --enable-multiarch --enable-libstdcxx-time=yes --enable-gnu-indirect-function --with-sysroot=/home/tcwg-buildslave/workspace/tcwg-gnu-build_2/_build/builds/destdir/x86_64-pc-linux-gnu/arm-linux-gnueabihf/libc --enable-checking=release --disable-bootstrap --enable-languages=c,c++,fortran,lto --prefix=/home/tcwg-buildslave/workspace/tcwg-gnu-build_2/_build/builds/destdir/x86_64-pc-linux-gnu --build=x86_64-pc-linux-gnu --host=x86_64-pc-linux-gnu --target=arm-linux-gnueabihf]
  ignore line: [Thread model: posix]
  ignore line: [Supported LTO compression algorithms: zlib]
  ignore line: [gcc version 12.2.1 20221104 [releases/gcc-12 revision 1342c7f46e6e3f8f29d7971531a0af18cd8429bc] (GCC) ]
  ignore line: [COMPILER_PATH=/opt/gcc-linaro-12.2.1-2022.11-x86_64_arm-linux-gnueabihf/bin/../libexec/gcc/arm-linux-gnueabihf/12.2.1/:/opt/gcc-linaro-12.2.1-2022.11-x86_64_arm-linux-gnueabihf/bin/../libexec/gcc/arm-linux-gnueabihf/:/opt/gcc-linaro-12.2.1-2022.11-x86_64_arm-linux-gnueabihf/bin/../libexec/gcc/:/opt/gcc-linaro-12.2.1-2022.11-x86_64_arm-linux-gnueabihf/bin/../lib/gcc/arm-linux-gnueabihf/12.2.1/../../../../arm-linux-gnueabihf/bin/]
  ignore line: [LIBRARY_PATH=/opt/gcc-linaro-12.2.1-2022.11-x86_64_arm-linux-gnueabihf/bin/../lib/gcc/arm-linux-gnueabihf/12.2.1/:/opt/gcc-linaro-12.2.1-2022.11-x86_64_arm-linux-gnueabihf/bin/../lib/gcc/arm-linux-gnueabihf/:/opt/gcc-linaro-12.2.1-2022.11-x86_64_arm-linux-gnueabihf/bin/../lib/gcc/:/opt/gcc-linaro-12.2.1-2022.11-x86_64_arm-linux-gnueabihf/bin/../lib/gcc/arm-linux-gnueabihf/12.2.1/../../../../arm-linux-gnueabihf/lib/:/workspace/peta_prj/Clocked_pwm_peta_v2/zynq_sdk/sysroots/cortexa9t2hf-neon-xilinx-linux-gnueabi/lib/:/workspace/peta_prj/Clocked_pwm_peta_v2/zynq_sdk/sysroots/cortexa9t2hf-neon-xilinx-linux-gnueabi/usr/lib/]
  ignore line: [COLLECT_GCC_OPTIONS='--sysroot=/workspace/peta_prj/Clocked_pwm_peta_v2/zynq_sdk/sysroots/cortexa9t2hf-neon-xilinx-linux-gnueabi' '-O2' '-pipe' '-g' '-feliminate-unused-debug-types' '-v' '-o' 'cmTC_74bf1' '-shared-libgcc'  '-mtune=cortex-a9' '-mfloat-abi=hard' '-mfpu=vfpv3-d16' '-mtls-dialect=gnu' '-mthumb' '-mlibarch=armv7-a+fp' '-march=armv7-a+fp' '-dumpdir' 'cmTC_74bf1.']
  link line: [ /opt/gcc-linaro-12.2.1-2022.11-x86_64_arm-linux-gnueabihf/bin/../libexec/gcc/arm-linux-gnueabihf/12.2.1/collect2 -plugin /opt/gcc-linaro-12.2.1-2022.11-x86_64_arm-linux-gnueabihf/bin/../libexec/gcc/arm-linux-gnueabihf/12.2.1/liblto_plugin.so -plugin-opt=/opt/gcc-linaro-12.2.1-2022.11-x86_64_arm-linux-gnueabihf/bin/../libexec/gcc/arm-linux-gnueabihf/12.2.1/lto-wrapper -plugin-opt=-fresolution=/tmp/ccJ9HLOS.res -plugin-opt=-pass-through=-lgcc_s -plugin-opt=-pass-through=-lgcc -plugin-opt=-pass-through=-lc -plugin-opt=-pass-through=-lgcc_s -plugin-opt=-pass-through=-lgcc --sysroot=/workspace/peta_prj/Clocked_pwm_peta_v2/zynq_sdk/sysroots/cortexa9t2hf-neon-xilinx-linux-gnueabi --build-id --eh-frame-hdr -dynamic-linker /lib/ld-linux-armhf.so.3 -X -m armelf_linux_eabi -o cmTC_74bf1 /workspace/peta_prj/Clocked_pwm_peta_v2/zynq_sdk/sysroots/cortexa9t2hf-neon-xilinx-linux-gnueabi/usr/lib/crt1.o /workspace/peta_prj/Clocked_pwm_peta_v2/zynq_sdk/sysroots/cortexa9t2hf-neon-xilinx-linux-gnueabi/usr/lib/crti.o /opt/gcc-linaro-12.2.1-2022.11-x86_64_arm-linux-gnueabihf/bin/../lib/gcc/arm-linux-gnueabihf/12.2.1/crtbegin.o -L/opt/gcc-linaro-12.2.1-2022.11-x86_64_arm-linux-gnueabihf/bin/../lib/gcc/arm-linux-gnueabihf/12.2.1 -L/opt/gcc-linaro-12.2.1-2022.11-x86_64_arm-linux-gnueabihf/bin/../lib/gcc/arm-linux-gnueabihf -L/opt/gcc-linaro-12.2.1-2022.11-x86_64_arm-linux-gnueabihf/bin/../lib/gcc -L/opt/gcc-linaro-12.2.1-2022.11-x86_64_arm-linux-gnueabihf/bin/../lib/gcc/arm-linux-gnueabihf/12.2.1/../../../../arm-linux-gnueabihf/lib -L/workspace/peta_prj/Clocked_pwm_peta_v2/zynq_sdk/sysroots/cortexa9t2hf-neon-xilinx-linux-gnueabi/lib -L/workspace/peta_prj/Clocked_pwm_peta_v2/zynq_sdk/sysroots/cortexa9t2hf-neon-xilinx-linux-gnueabi/usr/lib -O1 --hash-style=gnu --as-needed -z relro -z now CMakeFiles/cmTC_74bf1.dir/CMakeCXXCompilerABI.cpp.o -lstdc++ -lm -lgcc_s -lgcc -lc -lgcc_s -lgcc /opt/gcc-linaro-12.2.1-2022.11-x86_64_arm-linux-gnueabihf/bin/../lib/gcc/arm-linux-gnueabihf/12.2.1/crtend.o /workspace/peta_prj/Clocked_pwm_peta_v2/zynq_sdk/sysroots/cortexa9t2hf-neon-xilinx-linux-gnueabi/usr/lib/crtn.o]
    arg [/opt/gcc-linaro-12.2.1-2022.11-x86_64_arm-linux-gnueabihf/bin/../libexec/gcc/arm-linux-gnueabihf/12.2.1/collect2] ==> ignore
    arg [-plugin] ==> ignore
    arg [/opt/gcc-linaro-12.2.1-2022.11-x86_64_arm-linux-gnueabihf/bin/../libexec/gcc/arm-linux-gnueabihf/12.2.1/liblto_plugin.so] ==> ignore
    arg [-plugin-opt=/opt/gcc-linaro-12.2.1-2022.11-x86_64_arm-linux-gnueabihf/bin/../libexec/gcc/arm-linux-gnueabihf/12.2.1/lto-wrapper] ==> ignore
    arg [-plugin-opt=-fresolution=/tmp/ccJ9HLOS.res] ==> ignore
    arg [-plugin-opt=-pass-through=-lgcc_s] ==> ignore
    arg [-plugin-opt=-pass-through=-lgcc] ==> ignore
    arg [-plugin-opt=-pass-through=-lc] ==> ignore
    arg [-plugin-opt=-pass-through=-lgcc_s] ==> ignore
    arg [-plugin-opt=-pass-through=-lgcc] ==> ignore
    arg [--sysroot=/workspace/peta_prj/Clocked_pwm_peta_v2/zynq_sdk/sysroots/cortexa9t2hf-neon-xilinx-linux-gnueabi] ==> ignore
    arg [--build-id] ==> ignore
    arg [--eh-frame-hdr] ==> ignore
    arg [-dynamic-linker] ==> ignore
    arg [/lib/ld-linux-armhf.so.3] ==> ignore
    arg [-X] ==> ignore
    arg [-m] ==> ignore
    arg [armelf_linux_eabi] ==> ignore
    arg [-o] ==> ignore
    arg [cmTC_74bf1] ==> ignore
    arg [/workspace/peta_prj/Clocked_pwm_peta_v2/zynq_sdk/sysroots/cortexa9t2hf-neon-xilinx-linux-gnueabi/usr/lib/crt1.o] ==> obj [/workspace/peta_prj/Clocked_pwm_peta_v2/zynq_sdk/sysroots/cortexa9t2hf-neon-xilinx-linux-gnueabi/usr/lib/crt1.o]
    arg [/workspace/peta_prj/Clocked_pwm_peta_v2/zynq_sdk/sysroots/cortexa9t2hf-neon-xilinx-linux-gnueabi/usr/lib/crti.o] ==> obj [/workspace/peta_prj/Clocked_pwm_peta_v2/zynq_sdk/sysroots/cortexa9t2hf-neon-xilinx-linux-gnueabi/usr/lib/crti.o]
    arg [/opt/gcc-linaro-12.2.1-2022.11-x86_64_arm-linux-gnueabihf/bin/../lib/gcc/arm-linux-gnueabihf/12.2.1/crtbegin.o] ==> obj [/opt/gcc-linaro-12.2.1-2022.11-x86_64_arm-linux-gnueabihf/bin/../lib/gcc/arm-linux-gnueabihf/12.2.1/crtbegin.o]
    arg [-L/opt/gcc-linaro-12.2.1-2022.11-x86_64_arm-linux-gnueabihf/bin/../lib/gcc/arm-linux-gnueabihf/12.2.1] ==> dir [/opt/gcc-linaro-12.2.1-2022.11-x86_64_arm-linux-gnueabihf/bin/../lib/gcc/arm-linux-gnueabihf/12.2.1]
    arg [-L/opt/gcc-linaro-12.2.1-2022.11-x86_64_arm-linux-gnueabihf/bin/../lib/gcc/arm-linux-gnueabihf] ==> dir [/opt/gcc-linaro-12.2.1-2022.11-x86_64_arm-linux-gnueabihf/bin/../lib/gcc/arm-linux-gnueabihf]
    arg [-L/opt/gcc-linaro-12.2.1-2022.11-x86_64_arm-linux-gnueabihf/bin/../lib/gcc] ==> dir [/opt/gcc-linaro-12.2.1-2022.11-x86_64_arm-linux-gnueabihf/bin/../lib/gcc]
    arg [-L/opt/gcc-linaro-12.2.1-2022.11-x86_64_arm-linux-gnueabihf/bin/../lib/gcc/arm-linux-gnueabihf/12.2.1/../../../../arm-linux-gnueabihf/lib] ==> dir [/opt/gcc-linaro-12.2.1-2022.11-x86_64_arm-linux-gnueabihf/bin/../lib/gcc/arm-linux-gnueabihf/12.2.1/../../../../arm-linux-gnueabihf/lib]
    arg [-L/workspace/peta_prj/Clocked_pwm_peta_v2/zynq_sdk/sysroots/cortexa9t2hf-neon-xilinx-linux-gnueabi/lib] ==> dir [/workspace/peta_prj/Clocked_pwm_peta_v2/zynq_sdk/sysroots/cortexa9t2hf-neon-xilinx-linux-gnueabi/lib]
    arg [-L/workspace/peta_prj/Clocked_pwm_peta_v2/zynq_sdk/sysroots/cortexa9t2hf-neon-xilinx-linux-gnueabi/usr/lib] ==> dir [/workspace/peta_prj/Clocked_pwm_peta_v2/zynq_sdk/sysroots/cortexa9t2hf-neon-xilinx-linux-gnueabi/usr/lib]
    arg [-O1] ==> ignore
    arg [--hash-style=gnu] ==> ignore
    arg [--as-needed] ==> ignore
    arg [-zrelro] ==> ignore
    arg [-znow] ==> ignore
    arg [CMakeFiles/cmTC_74bf1.dir/CMakeCXXCompilerABI.cpp.o] ==> ignore
    arg [-lstdc++] ==> lib [stdc++]
    arg [-lm] ==> lib [m]
    arg [-lgcc_s] ==> lib [gcc_s]
    arg [-lgcc] ==> lib [gcc]
    arg [-lc] ==> lib [c]
    arg [-lgcc_s] ==> lib [gcc_s]
    arg [-lgcc] ==> lib [gcc]
    arg [/opt/gcc-linaro-12.2.1-2022.11-x86_64_arm-linux-gnueabihf/bin/../lib/gcc/arm-linux-gnueabihf/12.2.1/crtend.o] ==> obj [/opt/gcc-linaro-12.2.1-2022.11-x86_64_arm-linux-gnueabihf/bin/../lib/gcc/arm-linux-gnueabihf/12.2.1/crtend.o]
    arg [/workspace/peta_prj/Clocked_pwm_peta_v2/zynq_sdk/sysroots/cortexa9t2hf-neon-xilinx-linux-gnueabi/usr/lib/crtn.o] ==> obj [/workspace/peta_prj/Clocked_pwm_peta_v2/zynq_sdk/sysroots/cortexa9t2hf-neon-xilinx-linux-gnueabi/usr/lib/crtn.o]
  collapse obj [/opt/gcc-linaro-12.2.1-2022.11-x86_64_arm-linux-gnueabihf/bin/../lib/gcc/arm-linux-gnueabihf/12.2.1/crtbegin.o] ==> [/opt/gcc-linaro-12.2.1-2022.11-x86_64_arm-linux-gnueabihf/lib/gcc/arm-linux-gnueabihf/12.2.1/crtbegin.o]
  collapse obj [/opt/gcc-linaro-12.2.1-2022.11-x86_64_arm-linux-gnueabihf/bin/../lib/gcc/arm-linux-gnueabihf/12.2.1/crtend.o] ==> [/opt/gcc-linaro-12.2.1-2022.11-x86_64_arm-linux-gnueabihf/lib/gcc/arm-linux-gnueabihf/12.2.1/crtend.o]
  collapse library dir [/opt/gcc-linaro-12.2.1-2022.11-x86_64_arm-linux-gnueabihf/bin/../lib/gcc/arm-linux-gnueabihf/12.2.1] ==> [/opt/gcc-linaro-12.2.1-2022.11-x86_64_arm-linux-gnueabihf/lib/gcc/arm-linux-gnueabihf/12.2.1]
  collapse library dir [/opt/gcc-linaro-12.2.1-2022.11-x86_64_arm-linux-gnueabihf/bin/../lib/gcc/arm-linux-gnueabihf] ==> [/opt/gcc-linaro-12.2.1-2022.11-x86_64_arm-linux-gnueabihf/lib/gcc/arm-linux-gnueabihf]
  collapse library dir [/opt/gcc-linaro-12.2.1-2022.11-x86_64_arm-linux-gnueabihf/bin/../lib/gcc] ==> [/opt/gcc-linaro-12.2.1-2022.11-x86_64_arm-linux-gnueabihf/lib/gcc]
  collapse library dir [/opt/gcc-linaro-12.2.1-2022.11-x86_64_arm-linux-gnueabihf/bin/../lib/gcc/arm-linux-gnueabihf/12.2.1/../../../../arm-linux-gnueabihf/lib] ==> [/opt/gcc-linaro-12.2.1-2022.11-x86_64_arm-linux-gnueabihf/arm-linux-gnueabihf/lib]
  collapse library dir [/workspace/peta_prj/Clocked_pwm_peta_v2/zynq_sdk/sysroots/cortexa9t2hf-neon-xilinx-linux-gnueabi/lib] ==> [/workspace/peta_prj/Clocked_pwm_peta_v2/zynq_sdk/sysroots/cortexa9t2hf-neon-xilinx-linux-gnueabi/lib]
  collapse library dir [/workspace/peta_prj/Clocked_pwm_peta_v2/zynq_sdk/sysroots/cortexa9t2hf-neon-xilinx-linux-gnueabi/usr/lib] ==> [/workspace/peta_prj/Clocked_pwm_peta_v2/zynq_sdk/sysroots/cortexa9t2hf-neon-xilinx-linux-gnueabi/usr/lib]
  implicit libs: [stdc++;m;gcc_s;gcc;c;gcc_s;gcc]
  implicit objs: [/workspace/peta_prj/Clocked_pwm_peta_v2/zynq_sdk/sysroots/cortexa9t2hf-neon-xilinx-linux-gnueabi/usr/lib/crt1.o;/workspace/peta_prj/Clocked_pwm_peta_v2/zynq_sdk/sysroots/cortexa9t2hf-neon-xilinx-linux-gnueabi/usr/lib/crti.o;/opt/gcc-linaro-12.2.1-2022.11-x86_64_arm-linux-gnueabihf/lib/gcc/arm-linux-gnueabihf/12.2.1/crtbegin.o;/opt/gcc-linaro-12.2.1-2022.11-x86_64_arm-linux-gnueabihf/lib/gcc/arm-linux-gnueabihf/12.2.1/crtend.o;/workspace/peta_prj/Clocked_pwm_peta_v2/zynq_sdk/sysroots/cortexa9t2hf-neon-xilinx-linux-gnueabi/usr/lib/crtn.o]
  implicit dirs: [/opt/gcc-linaro-12.2.1-2022.11-x86_64_arm-linux-gnueabihf/lib/gcc/arm-linux-gnueabihf/12.2.1;/opt/gcc-linaro-12.2.1-2022.11-x86_64_arm-linux-gnueabihf/lib/gcc/arm-linux-gnueabihf;/opt/gcc-linaro-12.2.1-2022.11-x86_64_arm-linux-gnueabihf/lib/gcc;/opt/gcc-linaro-12.2.1-2022.11-x86_64_arm-linux-gnueabihf/arm-linux-gnueabihf/lib;/workspace/peta_prj/Clocked_pwm_peta_v2/zynq_sdk/sysroots/cortexa9t2hf-neon-xilinx-linux-gnueabi/lib;/workspace/peta_prj/Clocked_pwm_peta_v2/zynq_sdk/sysroots/cortexa9t2hf-neon-xilinx-linux-gnueabi/usr/lib]
  implicit fwks: []


